Archive member included to satisfy reference by file (symbol)

f:/eclipse/plugins/fr.ac6.mcu.externaltools.arm-none.win32_1.7.0.201602121829/tools/compiler/bin/../lib/gcc/arm-none-eabi/5.2.1/armv7e-m/fpu\libgcc.a(_lshrdi3.o)
                              Drivers/STM32F3xx_HAL_Driver/Src/stm32f3xx_hal_flash.o (__aeabi_llsr)
f:/eclipse/plugins/fr.ac6.mcu.externaltools.arm-none.win32_1.7.0.201602121829/tools/compiler/bin/../lib/gcc/arm-none-eabi/5.2.1/../../../../arm-none-eabi/lib/armv7e-m/fpu\libc_nano.a(lib_a-exit.o)
                              f:/eclipse/plugins/fr.ac6.mcu.externaltools.arm-none.win32_1.7.0.201602121829/tools/compiler/bin/../lib/gcc/arm-none-eabi/5.2.1/../../../../arm-none-eabi/lib/armv7e-m/fpu/crt0.o (exit)
f:/eclipse/plugins/fr.ac6.mcu.externaltools.arm-none.win32_1.7.0.201602121829/tools/compiler/bin/../lib/gcc/arm-none-eabi/5.2.1/../../../../arm-none-eabi/lib/armv7e-m/fpu\libc_nano.a(lib_a-impure.o)
                              f:/eclipse/plugins/fr.ac6.mcu.externaltools.arm-none.win32_1.7.0.201602121829/tools/compiler/bin/../lib/gcc/arm-none-eabi/5.2.1/../../../../arm-none-eabi/lib/armv7e-m/fpu\libc_nano.a(lib_a-exit.o) (_global_impure_ptr)
f:/eclipse/plugins/fr.ac6.mcu.externaltools.arm-none.win32_1.7.0.201602121829/tools/compiler/bin/../lib/gcc/arm-none-eabi/5.2.1/../../../../arm-none-eabi/lib/armv7e-m/fpu\libc_nano.a(lib_a-init.o)
                              f:/eclipse/plugins/fr.ac6.mcu.externaltools.arm-none.win32_1.7.0.201602121829/tools/compiler/bin/../lib/gcc/arm-none-eabi/5.2.1/../../../../arm-none-eabi/lib/armv7e-m/fpu/crt0.o (__libc_init_array)
f:/eclipse/plugins/fr.ac6.mcu.externaltools.arm-none.win32_1.7.0.201602121829/tools/compiler/bin/../lib/gcc/arm-none-eabi/5.2.1/../../../../arm-none-eabi/lib/armv7e-m/fpu\libc_nano.a(lib_a-memcpy-stub.o)
                              Src/usbd_cdc_if.o (memcpy)
f:/eclipse/plugins/fr.ac6.mcu.externaltools.arm-none.win32_1.7.0.201602121829/tools/compiler/bin/../lib/gcc/arm-none-eabi/5.2.1/../../../../arm-none-eabi/lib/armv7e-m/fpu\libc_nano.a(lib_a-memset.o)
                              f:/eclipse/plugins/fr.ac6.mcu.externaltools.arm-none.win32_1.7.0.201602121829/tools/compiler/bin/../lib/gcc/arm-none-eabi/5.2.1/../../../../arm-none-eabi/lib/armv7e-m/fpu/crt0.o (memset)
f:/eclipse/plugins/fr.ac6.mcu.externaltools.arm-none.win32_1.7.0.201602121829/tools/compiler/bin/../lib/gcc/arm-none-eabi/5.2.1/../../../../arm-none-eabi/lib/armv7e-m/fpu\libc_nano.a(lib_a-strlen.o)
                              Src/video.o (strlen)
f:/eclipse/plugins/fr.ac6.mcu.externaltools.arm-none.win32_1.7.0.201602121829/tools/compiler/bin/../lib/gcc/arm-none-eabi/5.2.1/../../../../arm-none-eabi/lib/armv7e-m/fpu\libnosys.a(_exit.o)
                              f:/eclipse/plugins/fr.ac6.mcu.externaltools.arm-none.win32_1.7.0.201602121829/tools/compiler/bin/../lib/gcc/arm-none-eabi/5.2.1/../../../../arm-none-eabi/lib/armv7e-m/fpu\libc_nano.a(lib_a-exit.o) (_exit)

Allocating common symbols
Common symbol       size              file

hUsbDeviceFS        0x224             Src/usb_device.o
timer2              0x4               Src/main.o
user_rx_Buffer      0x40              Drivers/CMSIS/Device/ST/STM32F3xx/Source/Templates/system_stm32f3xx.o
uwTick              0x4               Drivers/STM32F3xx_HAL_Driver/Src/stm32f3xx_hal.o
pFlash              0x20              Drivers/STM32F3xx_HAL_Driver/Src/stm32f3xx_hal_flash.o
UserRxBufferFS      0x40              Src/usbd_cdc_if.o
UserTxBufferFS      0x40              Src/usbd_cdc_if.o
htim6               0x3c              Src/main.o
timer1              0x4               Src/main.o
huart2              0x70              Src/main.o
hpcd_USB_FS         0x3a8             Src/usbd_conf.o
USBD_StrDesc        0x200             Src/usbd_desc.o

Discarded input sections

 .text          0x00000000        0x0 f:/eclipse/plugins/fr.ac6.mcu.externaltools.arm-none.win32_1.7.0.201602121829/tools/compiler/bin/../lib/gcc/arm-none-eabi/5.2.1/armv7e-m/fpu/crti.o
 .data          0x00000000        0x0 f:/eclipse/plugins/fr.ac6.mcu.externaltools.arm-none.win32_1.7.0.201602121829/tools/compiler/bin/../lib/gcc/arm-none-eabi/5.2.1/armv7e-m/fpu/crti.o
 .bss           0x00000000        0x0 f:/eclipse/plugins/fr.ac6.mcu.externaltools.arm-none.win32_1.7.0.201602121829/tools/compiler/bin/../lib/gcc/arm-none-eabi/5.2.1/armv7e-m/fpu/crti.o
 .data          0x00000000        0x4 f:/eclipse/plugins/fr.ac6.mcu.externaltools.arm-none.win32_1.7.0.201602121829/tools/compiler/bin/../lib/gcc/arm-none-eabi/5.2.1/armv7e-m/fpu/crtbegin.o
 .text          0x00000000       0x74 f:/eclipse/plugins/fr.ac6.mcu.externaltools.arm-none.win32_1.7.0.201602121829/tools/compiler/bin/../lib/gcc/arm-none-eabi/5.2.1/../../../../arm-none-eabi/lib/armv7e-m/fpu/crt0.o
[...]
Memory Configuration

Name             Origin             Length             Attributes
FLASH            0x08000000         0x00040000         xr
RAM              0x20000000         0x0000a000         xrw
CCMRAM           0x10000000         0x00002000         rw
*default*        0x00000000         0xffffffff

Linker script and memory map

LOAD f:/eclipse/plugins/fr.ac6.mcu.externaltools.arm-none.win32_1.7.0.201602121829/tools/compiler/bin/../lib/gcc/arm-none-eabi/5.2.1/armv7e-m/fpu/crti.o
LOAD f:/eclipse/plugins/fr.ac6.mcu.externaltools.arm-none.win32_1.7.0.201602121829/tools/compiler/bin/../lib/gcc/arm-none-eabi/5.2.1/armv7e-m/fpu/crtbegin.o
LOAD f:/eclipse/plugins/fr.ac6.mcu.externaltools.arm-none.win32_1.7.0.201602121829/tools/compiler/bin/../lib/gcc/arm-none-eabi/5.2.1/../../../../arm-none-eabi/lib/armv7e-m/fpu/crt0.o
LOAD f:/eclipse/plugins/fr.ac6.mcu.externaltools.arm-none.win32_1.7.0.201602121829/tools/compiler/bin/../lib/gcc/arm-none-eabi/5.2.1/../../../../arm-none-eabi/lib/armv7e-m/fpu\libm.a
LOAD Drivers/CMSIS/Device/ST/STM32F3xx/Source/Templates/gcc/startup_stm32f303xc.o
LOAD Drivers/CMSIS/Device/ST/STM32F3xx/Source/Templates/system_stm32f3xx.o
LOAD Drivers/STM32F3xx_HAL_Driver/Src/stm32f3xx_hal.o
LOAD Drivers/STM32F3xx_HAL_Driver/Src/stm32f3xx_hal_cortex.o
LOAD Drivers/STM32F3xx_HAL_Driver/Src/stm32f3xx_hal_dma.o
LOAD Drivers/STM32F3xx_HAL_Driver/Src/stm32f3xx_hal_flash.o
LOAD Drivers/STM32F3xx_HAL_Driver/Src/stm32f3xx_hal_flash_ex.o
LOAD Drivers/STM32F3xx_HAL_Driver/Src/stm32f3xx_hal_gpio.o
LOAD Drivers/STM32F3xx_HAL_Driver/Src/stm32f3xx_hal_i2c.o
LOAD Drivers/STM32F3xx_HAL_Driver/Src/stm32f3xx_hal_i2c_ex.o
LOAD Drivers/STM32F3xx_HAL_Driver/Src/stm32f3xx_hal_pcd.o
LOAD Drivers/STM32F3xx_HAL_Driver/Src/stm32f3xx_hal_pcd_ex.o
LOAD Drivers/STM32F3xx_HAL_Driver/Src/stm32f3xx_hal_pwr.o
LOAD Drivers/STM32F3xx_HAL_Driver/Src/stm32f3xx_hal_pwr_ex.o
LOAD Drivers/STM32F3xx_HAL_Driver/Src/stm32f3xx_hal_rcc.o
LOAD Drivers/STM32F3xx_HAL_Driver/Src/stm32f3xx_hal_rcc_ex.o
LOAD Drivers/STM32F3xx_HAL_Driver/Src/stm32f3xx_hal_tim.o
LOAD Drivers/STM32F3xx_HAL_Driver/Src/stm32f3xx_hal_tim_ex.o
LOAD Drivers/STM32F3xx_HAL_Driver/Src/stm32f3xx_hal_uart.o
LOAD Drivers/STM32F3xx_HAL_Driver/Src/stm32f3xx_hal_uart_ex.o
LOAD Middlewares/ST/STM32_USB_Device_Library/Class/CDC/Src/usbd_cdc.o
LOAD Middlewares/ST/STM32_USB_Device_Library/Core/Src/usbd_core.o
LOAD Middlewares/ST/STM32_USB_Device_Library/Core/Src/usbd_ctlreq.o
LOAD Middlewares/ST/STM32_USB_Device_Library/Core/Src/usbd_ioreq.o
LOAD Src/fonts.o
LOAD Src/main.o
LOAD Src/stm32f3xx_hal_msp.o
LOAD Src/stm32f3xx_it.o
LOAD Src/usb_device.o
LOAD Src/usbd_cdc_if.o
LOAD Src/usbd_conf.o
LOAD Src/usbd_desc.o
LOAD Src/video.o
START GROUP
LOAD f:/eclipse/plugins/fr.ac6.mcu.externaltools.arm-none.win32_1.7.0.201602121829/tools/compiler/bin/../lib/gcc/arm-none-eabi/5.2.1/armv7e-m/fpu\libgcc.a
LOAD f:/eclipse/plugins/fr.ac6.mcu.externaltools.arm-none.win32_1.7.0.201602121829/tools/compiler/bin/../lib/gcc/arm-none-eabi/5.2.1/../../../../arm-none-eabi/lib/armv7e-m/fpu\libc_nano.a
END GROUP
START GROUP
LOAD f:/eclipse/plugins/fr.ac6.mcu.externaltools.arm-none.win32_1.7.0.201602121829/tools/compiler/bin/../lib/gcc/arm-none-eabi/5.2.1/armv7e-m/fpu\libgcc.a
LOAD f:/eclipse/plugins/fr.ac6.mcu.externaltools.arm-none.win32_1.7.0.201602121829/tools/compiler/bin/../lib/gcc/arm-none-eabi/5.2.1/../../../../arm-none-eabi/lib/armv7e-m/fpu\libc_nano.a
LOAD f:/eclipse/plugins/fr.ac6.mcu.externaltools.arm-none.win32_1.7.0.201602121829/tools/compiler/bin/../lib/gcc/arm-none-eabi/5.2.1/../../../../arm-none-eabi/lib/armv7e-m/fpu\libnosys.a
END GROUP
START GROUP
LOAD f:/eclipse/plugins/fr.ac6.mcu.externaltools.arm-none.win32_1.7.0.201602121829/tools/compiler/bin/../lib/gcc/arm-none-eabi/5.2.1/armv7e-m/fpu\libgcc.a
LOAD f:/eclipse/plugins/fr.ac6.mcu.externaltools.arm-none.win32_1.7.0.201602121829/tools/compiler/bin/../lib/gcc/arm-none-eabi/5.2.1/../../../../arm-none-eabi/lib/armv7e-m/fpu\libc_nano.a
LOAD f:/eclipse/plugins/fr.ac6.mcu.externaltools.arm-none.win32_1.7.0.201602121829/tools/compiler/bin/../lib/gcc/arm-none-eabi/5.2.1/../../../../arm-none-eabi/lib/armv7e-m/fpu\libnosys.a
END GROUP
LOAD f:/eclipse/plugins/fr.ac6.mcu.externaltools.arm-none.win32_1.7.0.201602121829/tools/compiler/bin/../lib/gcc/arm-none-eabi/5.2.1/armv7e-m/fpu/crtend.o
LOAD f:/eclipse/plugins/fr.ac6.mcu.externaltools.arm-none.win32_1.7.0.201602121829/tools/compiler/bin/../lib/gcc/arm-none-eabi/5.2.1/armv7e-m/fpu/crtn.o
                0x2000a000                _estack = 0x2000a000
                0x00000200                _Min_Heap_Size = 0x200
                0x00000400                _Min_Stack_Size = 0x400

.isr_vector     0x08000000      0x188
                0x08000000                . = ALIGN (0x4)
 *(.isr_vector)
 .isr_vector    0x08000000      0x188 Drivers/CMSIS/Device/ST/STM32F3xx/Source/Templates/gcc/startup_stm32f303xc.o
                0x08000000                g_pfnVectors
                0x08000188                . = ALIGN (0x4)

.text           0x08000188     0x3ee4
                0x08000188                . = ALIGN (0x4)
 *(.text)
 .text          0x08000188       0xa4 f:/eclipse/plugins/fr.ac6.mcu.externaltools.arm-none.win32_1.7.0.201602121829/tools/compiler/bin/../lib/gcc/arm-none-eabi/5.2.1/armv7e-m/fpu/crtbegin.o
 .text          0x0800022c       0x10 f:/eclipse/plugins/fr.ac6.mcu.externaltools.arm-none.win32_1.7.0.201602121829/tools/compiler/bin/../lib/gcc/arm-none-eabi/5.2.1/../../../../arm-none-eabi/lib/armv7e-m/fpu\libc_nano.a(lib_a-strlen.o)
                0x0800022c                strlen
 *(.text*)
 .text.Reset_Handler
                0x0800023c       0x50 Drivers/CMSIS/Device/ST/STM32F3xx/Source/Templates/gcc/startup_stm32f303xc.o
                0x0800023c                Reset_Handler
 .text.Default_Handler
                0x0800028c        0x2 Drivers/CMSIS/Device/ST/STM32F3xx/Source/Templates/gcc/startup_stm32f303xc.o
                0x0800028c                RTC_Alarm_IRQHandler
                0x0800028c                TIM8_TRG_COM_IRQHandler
                0x0800028c                TIM8_CC_IRQHandler
                0x0800028c                DebugMon_Handler
                0x0800028c                TIM1_CC_IRQHandler
                0x0800028c                HardFault_Handler
                0x0800028c                USB_HP_IRQHandler
                0x0800028c                PVD_IRQHandler
                0x0800028c                TAMP_STAMP_IRQHandler
                0x0800028c                PendSV_Handler
                0x0800028c                NMI_Handler
                0x0800028c                EXTI3_IRQHandler
                0x0800028c                USB_HP_CAN_TX_IRQHandler
                0x0800028c                EXTI0_IRQHandler
                0x0800028c                I2C2_EV_IRQHandler
                0x0800028c                FPU_IRQHandler
                0x0800028c                TIM1_UP_TIM16_IRQHandler
                0x0800028c                UsageFault_Handler
                0x0800028c                ADC1_2_IRQHandler
                0x0800028c                SPI1_IRQHandler
                0x0800028c                CAN_SCE_IRQHandler
                0x0800028c                TIM8_UP_IRQHandler
                0x0800028c                DMA2_Channel2_IRQHandler
                0x0800028c                DMA1_Channel4_IRQHandler
                0x0800028c                USART3_IRQHandler
                0x0800028c                DMA1_Channel7_IRQHandler
                0x0800028c                UART5_IRQHandler
                0x0800028c                ADC3_IRQHandler
                0x0800028c                TIM4_IRQHandler
                0x0800028c                CAN_RX1_IRQHandler
                0x0800028c                DMA2_Channel1_IRQHandler
                0x0800028c                I2C1_EV_IRQHandler
                0x0800028c                DMA1_Channel6_IRQHandler
                0x0800028c                UART4_IRQHandler
                0x0800028c                DMA2_Channel4_IRQHandler
                0x0800028c                TIM3_IRQHandler
                0x0800028c                RCC_IRQHandler
                0x0800028c                DMA1_Channel1_IRQHandler
                0x0800028c                Default_Handler
                0x0800028c                USBWakeUp_RMP_IRQHandler
                0x0800028c                EXTI15_10_IRQHandler
                0x0800028c                TIM7_IRQHandler
                0x0800028c                EXTI9_5_IRQHandler
                0x0800028c                RTC_WKUP_IRQHandler
                0x0800028c                SPI2_IRQHandler
                0x0800028c                MemManage_Handler
                0x0800028c                SVC_Handler
                0x0800028c                DMA2_Channel5_IRQHandler
                0x0800028c                DMA1_Channel5_IRQHandler
                0x0800028c                USB_LP_IRQHandler
                0x0800028c                EXTI4_IRQHandler
                0x0800028c                TIM1_TRG_COM_TIM17_IRQHandler
                0x0800028c                DMA1_Channel3_IRQHandler
                0x0800028c                ADC4_IRQHandler
                0x0800028c                WWDG_IRQHandler
                0x0800028c                TIM2_IRQHandler
                0x0800028c                COMP7_IRQHandler
                0x0800028c                COMP1_2_3_IRQHandler
                0x0800028c                EXTI1_IRQHandler
                0x0800028c                COMP4_5_6_IRQHandler
                0x0800028c                I2C2_ER_IRQHandler
                0x0800028c                DMA1_Channel2_IRQHandler
                0x0800028c                TIM8_BRK_IRQHandler
                0x0800028c                FLASH_IRQHandler
                0x0800028c                BusFault_Handler
                0x0800028c                USART1_IRQHandler
                0x0800028c                SPI3_IRQHandler
                0x0800028c                I2C1_ER_IRQHandler
                0x0800028c                USBWakeUp_IRQHandler
                0x0800028c                DMA2_Channel3_IRQHandler
                0x0800028c                EXTI2_TSC_IRQHandler
                0x0800028c                TIM1_BRK_TIM15_IRQHandler
 *fill*         0x0800028e        0x2 
 .text.SystemInit
                0x08000290       0x68 Drivers/CMSIS/Device/ST/STM32F3xx/Source/Templates/system_stm32f3xx.o
                0x08000290                SystemInit
 .text.HAL_InitTick
                0x080002f8       0x28 Drivers/STM32F3xx_HAL_Driver/Src/stm32f3xx_hal.o
                0x080002f8                HAL_InitTick
 .text.HAL_Init
                0x08000320       0x24 Drivers/STM32F3xx_HAL_Driver/Src/stm32f3xx_hal.o
                0x08000320                HAL_Init
 .text.HAL_IncTick
                0x08000344       0x10 Drivers/STM32F3xx_HAL_Driver/Src/stm32f3xx_hal.o
                0x08000344                HAL_IncTick
 .text.HAL_GetTick
                0x08000354        0xc Drivers/STM32F3xx_HAL_Driver/Src/stm32f3xx_hal.o
                0x08000354                HAL_GetTick
 .text.HAL_Delay
                0x08000360       0x1a Drivers/STM32F3xx_HAL_Driver/Src/stm32f3xx_hal.o
                0x08000360                HAL_Delay
 *fill*         0x0800037a        0x2 
 .text.HAL_NVIC_SetPriorityGrouping
                0x0800037c       0x38 Drivers/STM32F3xx_HAL_Driver/Src/stm32f3xx_hal_cortex.o
                0x0800037c                HAL_NVIC_SetPriorityGrouping
 .text.HAL_NVIC_SetPriority
                0x080003b4       0x88 Drivers/STM32F3xx_HAL_Driver/Src/stm32f3xx_hal_cortex.o
                0x080003b4                HAL_NVIC_SetPriority
 .text.HAL_NVIC_EnableIRQ
                0x0800043c       0x2c Drivers/STM32F3xx_HAL_Driver/Src/stm32f3xx_hal_cortex.o
                0x0800043c                HAL_NVIC_EnableIRQ
 .text.HAL_SYSTICK_Config
                0x08000468       0x2c Drivers/STM32F3xx_HAL_Driver/Src/stm32f3xx_hal_cortex.o
                0x08000468                HAL_SYSTICK_Config
 .text.HAL_SYSTICK_CLKSourceConfig
                0x08000494       0x30 Drivers/STM32F3xx_HAL_Driver/Src/stm32f3xx_hal_cortex.o
                0x08000494                HAL_SYSTICK_CLKSourceConfig
 .text.HAL_SYSTICK_Callback
                0x080004c4        0x2 Drivers/STM32F3xx_HAL_Driver/Src/stm32f3xx_hal_cortex.o
                0x080004c4                HAL_SYSTICK_Callback
 .text.HAL_SYSTICK_IRQHandler
                0x080004c6        0x8 Drivers/STM32F3xx_HAL_Driver/Src/stm32f3xx_hal_cortex.o
                0x080004c6                HAL_SYSTICK_IRQHandler
 *fill*         0x080004ce        0x2 
 .text.HAL_GPIO_Init
                0x080004d0      0x284 Drivers/STM32F3xx_HAL_Driver/Src/stm32f3xx_hal_gpio.o
                0x080004d0                HAL_GPIO_Init
 .text.HAL_GPIO_WritePin
                0x08000754       0x34 Drivers/STM32F3xx_HAL_Driver/Src/stm32f3xx_hal_gpio.o
                0x08000754                HAL_GPIO_WritePin
 .text.HAL_PCD_Init
                0x08000788       0xc4 Drivers/STM32F3xx_HAL_Driver/Src/stm32f3xx_hal_pcd.o
                0x08000788                HAL_PCD_Init
 .text.HAL_PCD_Start
                0x0800084c        0xc Drivers/STM32F3xx_HAL_Driver/Src/stm32f3xx_hal_pcd.o
                0x0800084c                HAL_PCD_Start
 .text.HAL_PCD_SetAddress
                0x08000858       0x2c Drivers/STM32F3xx_HAL_Driver/Src/stm32f3xx_hal_pcd.o
                0x08000858                HAL_PCD_SetAddress
 .text.HAL_PCD_EP_Open
                0x08000884      0x33a Drivers/STM32F3xx_HAL_Driver/Src/stm32f3xx_hal_pcd.o
                0x08000884                HAL_PCD_EP_Open
 .text.HAL_PCD_EP_Close
                0x08000bbe      0x1b2 Drivers/STM32F3xx_HAL_Driver/Src/stm32f3xx_hal_pcd.o
                0x08000bbe                HAL_PCD_EP_Close
 .text.HAL_PCD_EP_Receive
                0x08000d70       0xfa Drivers/STM32F3xx_HAL_Driver/Src/stm32f3xx_hal_pcd.o
                0x08000d70                HAL_PCD_EP_Receive
 .text.HAL_PCD_EP_GetRxCount
                0x08000e6a       0x10 Drivers/STM32F3xx_HAL_Driver/Src/stm32f3xx_hal_pcd.o
                0x08000e6a                HAL_PCD_EP_GetRxCount
 .text.HAL_PCD_EP_Transmit
                0x08000e7a      0x10a Drivers/STM32F3xx_HAL_Driver/Src/stm32f3xx_hal_pcd.o
                0x08000e7a                HAL_PCD_EP_Transmit
 .text.HAL_PCD_IRQHandler
                0x08000f84      0x4ba Drivers/STM32F3xx_HAL_Driver/Src/stm32f3xx_hal_pcd.o
                0x08000f84                HAL_PCD_IRQHandler
 .text.HAL_PCD_EP_SetStall
                0x0800143e       0xa2 Drivers/STM32F3xx_HAL_Driver/Src/stm32f3xx_hal_pcd.o
                0x0800143e                HAL_PCD_EP_SetStall
 .text.HAL_PCD_EP_ClrStall
                0x080014e0       0xca Drivers/STM32F3xx_HAL_Driver/Src/stm32f3xx_hal_pcd.o
                0x080014e0                HAL_PCD_EP_ClrStall
 .text.HAL_PCDEx_PMAConfig
                0x080015aa       0x36 Drivers/STM32F3xx_HAL_Driver/Src/stm32f3xx_hal_pcd_ex.o
                0x080015aa                HAL_PCDEx_PMAConfig
 .text.PCD_WritePMA
                0x080015e0       0x22 Drivers/STM32F3xx_HAL_Driver/Src/stm32f3xx_hal_pcd_ex.o
                0x080015e0                PCD_WritePMA
 .text.PCD_ReadPMA
                0x08001602       0x22 Drivers/STM32F3xx_HAL_Driver/Src/stm32f3xx_hal_pcd_ex.o
                0x08001602                PCD_ReadPMA
 .text.HAL_RCC_OscConfig
                0x08001624      0x5a4 Drivers/STM32F3xx_HAL_Driver/Src/stm32f3xx_hal_rcc.o
                0x08001624                HAL_RCC_OscConfig
 .text.HAL_RCC_GetSysClockFreq
                0x08001bc8       0x64 Drivers/STM32F3xx_HAL_Driver/Src/stm32f3xx_hal_rcc.o
                0x08001bc8                HAL_RCC_GetSysClockFreq
 .text.HAL_RCC_ClockConfig
                0x08001c2c      0x218 Drivers/STM32F3xx_HAL_Driver/Src/stm32f3xx_hal_rcc.o
                0x08001c2c                HAL_RCC_ClockConfig
 .text.HAL_RCC_GetHCLKFreq
                0x08001e44        0xc Drivers/STM32F3xx_HAL_Driver/Src/stm32f3xx_hal_rcc.o
                0x08001e44                HAL_RCC_GetHCLKFreq
 .text.HAL_RCC_GetPCLK1Freq
                0x08001e50       0x30 Drivers/STM32F3xx_HAL_Driver/Src/stm32f3xx_hal_rcc.o
                0x08001e50                HAL_RCC_GetPCLK1Freq
 .text.HAL_RCC_GetPCLK2Freq
                0x08001e80       0x30 Drivers/STM32F3xx_HAL_Driver/Src/stm32f3xx_hal_rcc.o
                0x08001e80                HAL_RCC_GetPCLK2Freq
 .text.HAL_RCCEx_PeriphCLKConfig
                0x08001eb0      0x384 Drivers/STM32F3xx_HAL_Driver/Src/stm32f3xx_hal_rcc_ex.o
                0x08001eb0                HAL_RCCEx_PeriphCLKConfig
 .text.HAL_TIM_Base_Start_IT
                0x08002234       0x7c Drivers/STM32F3xx_HAL_Driver/Src/stm32f3xx_hal_tim.o
                0x08002234                HAL_TIM_Base_Start_IT
 .text.HAL_TIM_PeriodElapsedCallback
                0x080022b0        0x2 Drivers/STM32F3xx_HAL_Driver/Src/stm32f3xx_hal_tim.o
                0x080022b0                HAL_TIM_PeriodElapsedCallback
 .text.HAL_TIM_OC_DelayElapsedCallback
                0x080022b2        0x2 Drivers/STM32F3xx_HAL_Driver/Src/stm32f3xx_hal_tim.o
                0x080022b2                HAL_TIM_OC_DelayElapsedCallback
 .text.HAL_TIM_IC_CaptureCallback
                0x080022b4        0x2 Drivers/STM32F3xx_HAL_Driver/Src/stm32f3xx_hal_tim.o
                0x080022b4                HAL_TIM_IC_CaptureCallback
 .text.HAL_TIM_PWM_PulseFinishedCallback
                0x080022b6        0x2 Drivers/STM32F3xx_HAL_Driver/Src/stm32f3xx_hal_tim.o
                0x080022b6                HAL_TIM_PWM_PulseFinishedCallback
 .text.HAL_TIM_TriggerCallback
                0x080022b8        0x2 Drivers/STM32F3xx_HAL_Driver/Src/stm32f3xx_hal_tim.o
                0x080022b8                HAL_TIM_TriggerCallback
 .text.HAL_TIM_IRQHandler
                0x080022ba      0x144 Drivers/STM32F3xx_HAL_Driver/Src/stm32f3xx_hal_tim.o
                0x080022ba                HAL_TIM_IRQHandler
 *fill*         0x080023fe        0x2 
 .text.TIM_Base_SetConfig
                0x08002400       0xb4 Drivers/STM32F3xx_HAL_Driver/Src/stm32f3xx_hal_tim.o
                0x08002400                TIM_Base_SetConfig
 .text.HAL_TIM_Base_Init
                0x080024b4       0xc8 Drivers/STM32F3xx_HAL_Driver/Src/stm32f3xx_hal_tim.o
                0x080024b4                HAL_TIM_Base_Init
 .text.HAL_TIMEx_MasterConfigSynchronization
                0x0800257c       0xf0 Drivers/STM32F3xx_HAL_Driver/Src/stm32f3xx_hal_tim_ex.o
                0x0800257c                HAL_TIMEx_MasterConfigSynchronization
 .text.HAL_TIMEx_CommutationCallback
                0x0800266c        0x2 Drivers/STM32F3xx_HAL_Driver/Src/stm32f3xx_hal_tim_ex.o
                0x0800266c                HAL_TIMEx_CommutationCallback
 .text.HAL_TIMEx_BreakCallback
                0x0800266e        0x2 Drivers/STM32F3xx_HAL_Driver/Src/stm32f3xx_hal_tim_ex.o
                0x0800266e                HAL_TIMEx_BreakCallback
 .text.USER_UART_Receive_IT
                0x08002670       0x58 Drivers/STM32F3xx_HAL_Driver/Src/stm32f3xx_hal_uart.o
                0x08002670                USER_UART_Receive_IT
 .text.USER_UART_clear_rx
                0x080026c8       0x14 Drivers/STM32F3xx_HAL_Driver/Src/stm32f3xx_hal_uart.o
                0x080026c8                USER_UART_clear_rx
 .text.USER_UART_enable_RX_IT
                0x080026dc       0x1c Drivers/STM32F3xx_HAL_Driver/Src/stm32f3xx_hal_uart.o
                0x080026dc                USER_UART_enable_RX_IT
 .text.HAL_UART_Transmit_IT
                0x080026f8       0x42 Drivers/STM32F3xx_HAL_Driver/Src/stm32f3xx_hal_uart.o
                0x080026f8                HAL_UART_Transmit_IT
 .text.HAL_UART_TxCpltCallback
                0x0800273a        0x2 Drivers/STM32F3xx_HAL_Driver/Src/stm32f3xx_hal_uart.o
                0x0800273a                HAL_UART_TxCpltCallback
 .text.HAL_UART_ErrorCallback
                0x0800273c        0x2 Drivers/STM32F3xx_HAL_Driver/Src/stm32f3xx_hal_uart.o
                0x0800273c                HAL_UART_ErrorCallback
 *fill*         0x0800273e        0x2 
 .text.UART_SetConfig
                0x08002740      0x298 Drivers/STM32F3xx_HAL_Driver/Src/stm32f3xx_hal_uart.o
                0x08002740                UART_SetConfig
 .text.UART_AdvFeatureConfig
                0x080029d8      0x198 Drivers/STM32F3xx_HAL_Driver/Src/stm32f3xx_hal_uart.o
                0x080029d8                UART_AdvFeatureConfig
 .text.UART_WaitOnFlagUntilTimeout
                0x08002b70       0x8e Drivers/STM32F3xx_HAL_Driver/Src/stm32f3xx_hal_uart.o
                0x08002b70                UART_WaitOnFlagUntilTimeout
 .text.UART_CheckIdleState
                0x08002bfe       0x54 Drivers/STM32F3xx_HAL_Driver/Src/stm32f3xx_hal_uart.o
                0x08002bfe                UART_CheckIdleState
 .text.UART_Transmit_IT
                0x08002c52       0x56 Drivers/STM32F3xx_HAL_Driver/Src/stm32f3xx_hal_uart.o
                0x08002c52                UART_Transmit_IT
 .text.UART_EndTransmit_IT
                0x08002ca8       0x1a Drivers/STM32F3xx_HAL_Driver/Src/stm32f3xx_hal_uart.o
                0x08002ca8                UART_EndTransmit_IT
 .text.HAL_UART_IRQHandler
                0x08002cc2       0xda Drivers/STM32F3xx_HAL_Driver/Src/stm32f3xx_hal_uart.o
                0x08002cc2                HAL_UART_IRQHandler
 .text.HAL_RS485Ex_Init
                0x08002d9c       0xd4 Drivers/STM32F3xx_HAL_Driver/Src/stm32f3xx_hal_uart_ex.o
                0x08002d9c                HAL_RS485Ex_Init
 .text.HAL_UARTEx_WakeupCallback
                0x08002e70        0x2 Drivers/STM32F3xx_HAL_Driver/Src/stm32f3xx_hal_uart_ex.o
                0x08002e70                HAL_UARTEx_WakeupCallback
 .text.USBD_CDC_DataIn
                0x08002e72       0x12 Middlewares/ST/STM32_USB_Device_Library/Class/CDC/Src/usbd_cdc.o
 .text.USBD_CDC_EP0_RxReady
                0x08002e84       0x28 Middlewares/ST/STM32_USB_Device_Library/Class/CDC/Src/usbd_cdc.o
 .text.USBD_CDC_GetFSCfgDesc
                0x08002eac        0xc Middlewares/ST/STM32_USB_Device_Library/Class/CDC/Src/usbd_cdc.o
 .text.USBD_CDC_GetHSCfgDesc
                0x08002eb8        0xc Middlewares/ST/STM32_USB_Device_Library/Class/CDC/Src/usbd_cdc.o
 .text.USBD_CDC_GetOtherSpeedCfgDesc
                0x08002ec4        0xc Middlewares/ST/STM32_USB_Device_Library/Class/CDC/Src/usbd_cdc.o
 .text.USBD_CDC_GetDeviceQualifierDescriptor
                0x08002ed0        0xc Middlewares/ST/STM32_USB_Device_Library/Class/CDC/Src/usbd_cdc.o
                0x08002ed0                USBD_CDC_GetDeviceQualifierDescriptor
 .text.USBD_CDC_DataOut
                0x08002edc       0x2e Middlewares/ST/STM32_USB_Device_Library/Class/CDC/Src/usbd_cdc.o
 *fill*         0x08002f0a        0x2 
 .text.USBD_CDC_Setup
                0x08002f0c       0x6c Middlewares/ST/STM32_USB_Device_Library/Class/CDC/Src/usbd_cdc.o
 .text.USBD_CDC_DeInit
                0x08002f78       0x3a Middlewares/ST/STM32_USB_Device_Library/Class/CDC/Src/usbd_cdc.o
 .text.USBD_CDC_Init
                0x08002fb2       0x8c Middlewares/ST/STM32_USB_Device_Library/Class/CDC/Src/usbd_cdc.o
 .text.USBD_CDC_RegisterInterface
                0x0800303e        0xe Middlewares/ST/STM32_USB_Device_Library/Class/CDC/Src/usbd_cdc.o
                0x0800303e                USBD_CDC_RegisterInterface
 .text.USBD_CDC_SetTxBuffer
                0x0800304c       0x10 Middlewares/ST/STM32_USB_Device_Library/Class/CDC/Src/usbd_cdc.o
                0x0800304c                USBD_CDC_SetTxBuffer
 .text.USBD_CDC_SetRxBuffer
                0x0800305c        0xc Middlewares/ST/STM32_USB_Device_Library/Class/CDC/Src/usbd_cdc.o
                0x0800305c                USBD_CDC_SetRxBuffer
 .text.USBD_CDC_ReceivePacket
                0x08003068       0x26 Middlewares/ST/STM32_USB_Device_Library/Class/CDC/Src/usbd_cdc.o
                0x08003068                USBD_CDC_ReceivePacket
 .text.USBD_Init
                0x0800308e       0x2a Middlewares/ST/STM32_USB_Device_Library/Core/Src/usbd_core.o
                0x0800308e                USBD_Init
 .text.USBD_RegisterClass
                0x080030b8        0xe Middlewares/ST/STM32_USB_Device_Library/Core/Src/usbd_core.o
                0x080030b8                USBD_RegisterClass
 .text.USBD_Start
                0x080030c6        0xa Middlewares/ST/STM32_USB_Device_Library/Core/Src/usbd_core.o
                0x080030c6                USBD_Start
 .text.USBD_SetClassConfig
                0x080030d0       0x16 Middlewares/ST/STM32_USB_Device_Library/Core/Src/usbd_core.o
                0x080030d0                USBD_SetClassConfig
 .text.USBD_ClrClassConfig
                0x080030e6        0xe Middlewares/ST/STM32_USB_Device_Library/Core/Src/usbd_core.o
                0x080030e6                USBD_ClrClassConfig
 .text.USBD_LL_SetupStage
                0x080030f4       0x5a Middlewares/ST/STM32_USB_Device_Library/Core/Src/usbd_core.o
                0x080030f4                USBD_LL_SetupStage
 .text.USBD_LL_DataOutStage
                0x0800314e       0x62 Middlewares/ST/STM32_USB_Device_Library/Core/Src/usbd_core.o
                0x0800314e                USBD_LL_DataOutStage
 .text.USBD_LL_DataInStage
                0x080031b0       0x9c Middlewares/ST/STM32_USB_Device_Library/Core/Src/usbd_core.o
                0x080031b0                USBD_LL_DataInStage
 .text.USBD_LL_Reset
                0x0800324c       0x3e Middlewares/ST/STM32_USB_Device_Library/Core/Src/usbd_core.o
                0x0800324c                USBD_LL_Reset
 .text.USBD_LL_SetSpeed
                0x0800328a        0x6 Middlewares/ST/STM32_USB_Device_Library/Core/Src/usbd_core.o
                0x0800328a                USBD_LL_SetSpeed
 .text.USBD_LL_Suspend
                0x08003290       0x12 Middlewares/ST/STM32_USB_Device_Library/Core/Src/usbd_core.o
                0x08003290                USBD_LL_Suspend
 .text.USBD_LL_Resume
                0x080032a2        0xc Middlewares/ST/STM32_USB_Device_Library/Core/Src/usbd_core.o
                0x080032a2                USBD_LL_Resume
 .text.USBD_LL_SOF
                0x080032ae       0x18 Middlewares/ST/STM32_USB_Device_Library/Core/Src/usbd_core.o
                0x080032ae                USBD_LL_SOF
 .text.USBD_ParseSetupRequest
                0x080032c6       0x28 Middlewares/ST/STM32_USB_Device_Library/Core/Src/usbd_ctlreq.o
                0x080032c6                USBD_ParseSetupRequest
 .text.USBD_CtlError
                0x080032ee       0x16 Middlewares/ST/STM32_USB_Device_Library/Core/Src/usbd_ctlreq.o
                0x080032ee                USBD_CtlError
 .text.USBD_StdDevReq
                0x08003304      0x214 Middlewares/ST/STM32_USB_Device_Library/Core/Src/usbd_ctlreq.o
                0x08003304                USBD_StdDevReq
 .text.USBD_StdItfReq
                0x08003518       0x30 Middlewares/ST/STM32_USB_Device_Library/Core/Src/usbd_ctlreq.o
                0x08003518                USBD_StdItfReq
 .text.USBD_StdEPReq
                0x08003548       0xc6 Middlewares/ST/STM32_USB_Device_Library/Core/Src/usbd_ctlreq.o
                0x08003548                USBD_StdEPReq
 .text.USBD_GetString
                0x0800360e       0x38 Middlewares/ST/STM32_USB_Device_Library/Core/Src/usbd_ctlreq.o
                0x0800360e                USBD_GetString
 .text.USBD_CtlSendData
                0x08003646       0x1a Middlewares/ST/STM32_USB_Device_Library/Core/Src/usbd_ioreq.o
                0x08003646                USBD_CtlSendData
 .text.USBD_CtlContinueSendData
                0x08003660       0x10 Middlewares/ST/STM32_USB_Device_Library/Core/Src/usbd_ioreq.o
                0x08003660                USBD_CtlContinueSendData
 .text.USBD_CtlPrepareRx
                0x08003670       0x1e Middlewares/ST/STM32_USB_Device_Library/Core/Src/usbd_ioreq.o
                0x08003670                USBD_CtlPrepareRx
 .text.USBD_CtlContinueRx
                0x0800368e       0x10 Middlewares/ST/STM32_USB_Device_Library/Core/Src/usbd_ioreq.o
                0x0800368e                USBD_CtlContinueRx
 .text.USBD_CtlSendStatus
                0x0800369e       0x16 Middlewares/ST/STM32_USB_Device_Library/Core/Src/usbd_ioreq.o
                0x0800369e                USBD_CtlSendStatus
 .text.USBD_CtlReceiveStatus
                0x080036b4       0x16 Middlewares/ST/STM32_USB_Device_Library/Core/Src/usbd_ioreq.o
                0x080036b4                USBD_CtlReceiveStatus
 .text.SystemClock_Config
                0x080036ca       0x84 Src/main.o
                0x080036ca                SystemClock_Config
 *fill*         0x0800374e        0x2 
 .text.startup.main
                0x08003750      0x29c Src/main.o
                0x08003750                main
 .text.Error_Handler
                0x080039ec        0x2 Src/main.o
                0x080039ec                Error_Handler
 .text.assert_failed
                0x080039ee        0x2 Src/main.o
                0x080039ee                assert_failed
 .text.HAL_MspInit
                0x080039f0       0x7c Src/stm32f3xx_hal_msp.o
                0x080039f0                HAL_MspInit
 .text.HAL_TIM_Base_MspInit
                0x08003a6c       0x3c Src/stm32f3xx_hal_msp.o
                0x08003a6c                HAL_TIM_Base_MspInit
 .text.HAL_UART_MspInit
                0x08003aa8       0x70 Src/stm32f3xx_hal_msp.o
                0x08003aa8                HAL_UART_MspInit
 .text.SysTick_Handler
                0x08003b18        0xe Src/stm32f3xx_it.o
                0x08003b18                SysTick_Handler
 *fill*         0x08003b26        0x2 
 .text.USB_LP_CAN_RX0_IRQHandler
                0x08003b28        0xc Src/stm32f3xx_it.o
                0x08003b28                USB_LP_CAN_RX0_IRQHandler
 .text.USART2_IRQHandler
                0x08003b34        0xc Src/stm32f3xx_it.o
                0x08003b34                USART2_IRQHandler
 .text.TIM6_DAC_IRQHandler
                0x08003b40       0x34 Src/stm32f3xx_it.o
                0x08003b40                TIM6_DAC_IRQHandler
 .text.MX_USB_DEVICE_Init
                0x08003b74       0x38 Src/usb_device.o
                0x08003b74                MX_USB_DEVICE_Init
 .text.CDC_DeInit_FS
                0x08003bac        0x4 Src/usbd_cdc_if.o
 .text.CDC_Control_FS
                0x08003bb0        0x4 Src/usbd_cdc_if.o
 .text.CDC_Receive_FS
                0x08003bb4       0x2c Src/usbd_cdc_if.o
 .text.CDC_Init_FS
                0x08003be0       0x28 Src/usbd_cdc_if.o
 .text.HAL_PCD_MspInit
                0x08003c08       0x5c Src/usbd_conf.o
                0x08003c08                HAL_PCD_MspInit
 .text.HAL_PCD_SetupStageCallback
                0x08003c64        0xc Src/usbd_conf.o
                0x08003c64                HAL_PCD_SetupStageCallback
 .text.HAL_PCD_DataOutStageCallback
                0x08003c70       0x12 Src/usbd_conf.o
                0x08003c70                HAL_PCD_DataOutStageCallback
 .text.HAL_PCD_DataInStageCallback
                0x08003c82       0x10 Src/usbd_conf.o
                0x08003c82                HAL_PCD_DataInStageCallback
 .text.HAL_PCD_SOFCallback
                0x08003c92        0x8 Src/usbd_conf.o
                0x08003c92                HAL_PCD_SOFCallback
 .text.HAL_PCD_ResetCallback
                0x08003c9a       0x1a Src/usbd_conf.o
                0x08003c9a                HAL_PCD_ResetCallback
 .text.HAL_PCD_SuspendCallback
                0x08003cb4       0x20 Src/usbd_conf.o
                0x08003cb4                HAL_PCD_SuspendCallback
 .text.HAL_PCD_ResumeCallback
                0x08003cd4        0x8 Src/usbd_conf.o
                0x08003cd4                HAL_PCD_ResumeCallback
 .text.USBD_LL_Init
                0x08003cdc       0x84 Src/usbd_conf.o
                0x08003cdc                USBD_LL_Init
 .text.USBD_LL_Start
                0x08003d60        0xe Src/usbd_conf.o
                0x08003d60                USBD_LL_Start
 .text.USBD_LL_OpenEP
                0x08003d6e       0x14 Src/usbd_conf.o
                0x08003d6e                USBD_LL_OpenEP
 .text.USBD_LL_CloseEP
                0x08003d82        0xe Src/usbd_conf.o
                0x08003d82                USBD_LL_CloseEP
 .text.USBD_LL_StallEP
                0x08003d90        0xe Src/usbd_conf.o
                0x08003d90                USBD_LL_StallEP
 .text.USBD_LL_ClearStallEP
                0x08003d9e        0xe Src/usbd_conf.o
                0x08003d9e                USBD_LL_ClearStallEP
 .text.USBD_LL_IsStallEP
                0x08003dac       0x26 Src/usbd_conf.o
                0x08003dac                USBD_LL_IsStallEP
 .text.USBD_LL_SetUSBAddress
                0x08003dd2        0xe Src/usbd_conf.o
                0x08003dd2                USBD_LL_SetUSBAddress
 .text.USBD_LL_Transmit
                0x08003de0        0xe Src/usbd_conf.o
                0x08003de0                USBD_LL_Transmit
 .text.USBD_LL_PrepareReceive
                0x08003dee        0xe Src/usbd_conf.o
                0x08003dee                USBD_LL_PrepareReceive
 .text.USBD_LL_GetRxDataSize
                0x08003dfc        0xc Src/usbd_conf.o
                0x08003dfc                USBD_LL_GetRxDataSize
 .text.USBD_static_malloc
                0x08003e08        0x8 Src/usbd_conf.o
                0x08003e08                USBD_static_malloc
 .text.USBD_static_free
                0x08003e10        0x2 Src/usbd_conf.o
                0x08003e10                USBD_static_free
 .text.HAL_PCDEx_SetConnectionState
                0x08003e12        0x2 Src/usbd_conf.o
                0x08003e12                HAL_PCDEx_SetConnectionState
 .text.USBD_FS_DeviceDescriptor
                0x08003e14        0xc Src/usbd_desc.o
                0x08003e14                USBD_FS_DeviceDescriptor
 .text.USBD_FS_LangIDStrDescriptor
                0x08003e20        0xc Src/usbd_desc.o
                0x08003e20                USBD_FS_LangIDStrDescriptor
 .text.USBD_FS_ManufacturerStrDescriptor
                0x08003e2c       0x1c Src/usbd_desc.o
                0x08003e2c                USBD_FS_ManufacturerStrDescriptor
 .text.USBD_FS_ProductStrDescriptor
                0x08003e48       0x1c Src/usbd_desc.o
                0x08003e48                USBD_FS_ProductStrDescriptor
 .text.USBD_FS_SerialStrDescriptor
                0x08003e64       0x1c Src/usbd_desc.o
                0x08003e64                USBD_FS_SerialStrDescriptor
 .text.USBD_FS_ConfigStrDescriptor
                0x08003e80       0x1c Src/usbd_desc.o
                0x08003e80                USBD_FS_ConfigStrDescriptor
 .text.USBD_FS_InterfaceStrDescriptor
                0x08003e9c       0x1c Src/usbd_desc.o
                0x08003e9c                USBD_FS_InterfaceStrDescriptor
 .text.Video_put_string_fonts
                0x08003eb8       0xae Src/video.o
                0x08003eb8                Video_put_string_fonts
 *fill*         0x08003f66        0x2 
 .text.Video_put_and_move_string
                0x08003f68       0x2c Src/video.o
                0x08003f68                Video_put_and_move_string
 .text.Video_put_image
                0x08003f94       0x4c Src/video.o
                0x08003f94                Video_put_image
 .text.__libc_init_array
                0x08003fe0       0x4c f:/eclipse/plugins/fr.ac6.mcu.externaltools.arm-none.win32_1.7.0.201602121829/tools/compiler/bin/../lib/gcc/arm-none-eabi/5.2.1/../../../../arm-none-eabi/lib/armv7e-m/fpu\libc_nano.a(lib_a-init.o)
                0x08003fe0                __libc_init_array
 .text.memcpy   0x0800402c       0x16 f:/eclipse/plugins/fr.ac6.mcu.externaltools.arm-none.win32_1.7.0.201602121829/tools/compiler/bin/../lib/gcc/arm-none-eabi/5.2.1/../../../../arm-none-eabi/lib/armv7e-m/fpu\libc_nano.a(lib_a-memcpy-stub.o)
                0x0800402c                memcpy
 .text.memset   0x08004042       0x10 f:/eclipse/plugins/fr.ac6.mcu.externaltools.arm-none.win32_1.7.0.201602121829/tools/compiler/bin/../lib/gcc/arm-none-eabi/5.2.1/../../../../arm-none-eabi/lib/armv7e-m/fpu\libc_nano.a(lib_a-memset.o)
                0x08004042                memset
 *(.glue_7)
 .glue_7        0x08004052        0x0 linker stubs
 *(.glue_7t)
 .glue_7t       0x08004052        0x0 linker stubs
 *(.eh_frame)
 *fill*         0x08004052        0x2 
 .eh_frame      0x08004054        0x0 f:/eclipse/plugins/fr.ac6.mcu.externaltools.arm-none.win32_1.7.0.201602121829/tools/compiler/bin/../lib/gcc/arm-none-eabi/5.2.1/armv7e-m/fpu/crtbegin.o
 *(.init)
 .init          0x08004054        0x4 f:/eclipse/plugins/fr.ac6.mcu.externaltools.arm-none.win32_1.7.0.201602121829/tools/compiler/bin/../lib/gcc/arm-none-eabi/5.2.1/armv7e-m/fpu/crti.o
                0x08004054                _init
 .init          0x08004058        0x8 f:/eclipse/plugins/fr.ac6.mcu.externaltools.arm-none.win32_1.7.0.201602121829/tools/compiler/bin/../lib/gcc/arm-none-eabi/5.2.1/armv7e-m/fpu/crtn.o
 *(.fini)
 .fini          0x08004060        0x4 f:/eclipse/plugins/fr.ac6.mcu.externaltools.arm-none.win32_1.7.0.201602121829/tools/compiler/bin/../lib/gcc/arm-none-eabi/5.2.1/armv7e-m/fpu/crti.o
                0x08004060                _fini
 .fini          0x08004064        0x8 f:/eclipse/plugins/fr.ac6.mcu.externaltools.arm-none.win32_1.7.0.201602121829/tools/compiler/bin/../lib/gcc/arm-none-eabi/5.2.1/armv7e-m/fpu/crtn.o
                0x0800406c                . = ALIGN (0x4)
                0x0800406c                _etext = .

.vfp11_veneer   0x0800406c        0x0
 .vfp11_veneer  0x0800406c        0x0 linker stubs

.v4_bx          0x0800406c        0x0
 .v4_bx         0x0800406c        0x0 linker stubs

.iplt           0x0800406c        0x0
 .iplt          0x0800406c        0x0 f:/eclipse/plugins/fr.ac6.mcu.externaltools.arm-none.win32_1.7.0.201602121829/tools/compiler/bin/../lib/gcc/arm-none-eabi/5.2.1/armv7e-m/fpu/crtbegin.o

.rodata         0x0800406c     0x5100
                0x0800406c                . = ALIGN (0x4)
 *(.rodata)
 .rodata        0x0800406c       0x18 Drivers/CMSIS/Device/ST/STM32F3xx/Source/Templates/system_stm32f3xx.o
                0x0800406c                AHBPrescTable
                0x0800407c                APBPrescTable
 .rodata        0x08004084       0x20 Drivers/STM32F3xx_HAL_Driver/Src/stm32f3xx_hal_rcc.o
                0x08004084                aPLLMULFactorTable
                0x08004094                aPredivFactorTable
 .rodata        0x080040a4        0x4 Drivers/STM32F3xx_HAL_Driver/Src/stm32f3xx_hal_uart.o
 .rodata        0x080040a8     0x4d48 Src/fonts.o
                0x080040a8                Font2_array
                0x08007500                Font_array
 .rodata        0x08008df0      0x104 Src/main.o
 *(.rodata*)
 .rodata.str1.1
                0x08008ef4       0x3b Drivers/STM32F3xx_HAL_Driver/Src/stm32f3xx_hal_cortex.o
 .rodata.str1.1
                0x08008f2f       0x39 Drivers/STM32F3xx_HAL_Driver/Src/stm32f3xx_hal_gpio.o
 .rodata.str1.1
                0x08008f68       0x38 Drivers/STM32F3xx_HAL_Driver/Src/stm32f3xx_hal_pcd.o
 .rodata.str1.1
                0x08008fa0       0x38 Drivers/STM32F3xx_HAL_Driver/Src/stm32f3xx_hal_rcc.o
 .rodata.str1.1
                0x08008fd8       0x3b Drivers/STM32F3xx_HAL_Driver/Src/stm32f3xx_hal_rcc_ex.o
 .rodata.str1.1
                0x08009013       0x38 Drivers/STM32F3xx_HAL_Driver/Src/stm32f3xx_hal_tim.o
 .rodata.str1.1
                0x0800904b       0x3b Drivers/STM32F3xx_HAL_Driver/Src/stm32f3xx_hal_tim_ex.o
 .rodata.str1.1
                0x08009086       0x39 Drivers/STM32F3xx_HAL_Driver/Src/stm32f3xx_hal_uart.o
 .rodata.str1.1
                0x080090bf       0x3c Drivers/STM32F3xx_HAL_Driver/Src/stm32f3xx_hal_uart_ex.o
 .rodata.str1.1
                0x080090fb       0x22 Src/main.o
 .rodata.str1.1
                0x0800911d       0x4f Src/usbd_desc.o
                0x0800916c                . = ALIGN (0x4)

.rel.dyn        0x0800916c        0x0
 .rel.iplt      0x0800916c        0x0 f:/eclipse/plugins/fr.ac6.mcu.externaltools.arm-none.win32_1.7.0.201602121829/tools/compiler/bin/../lib/gcc/arm-none-eabi/5.2.1/armv7e-m/fpu/crtbegin.o

.ARM.extab
 *(.ARM.extab* .gnu.linkonce.armextab.*)

.ARM            0x0800916c        0x0
                0x0800916c                __exidx_start = .
 *(.ARM.exidx*)
                0x0800916c                __exidx_end = .

.preinit_array  0x0800916c        0x0
                0x0800916c                PROVIDE (__preinit_array_start, .)
 *(.preinit_array*)
                0x0800916c                PROVIDE (__preinit_array_end, .)

.init_array     0x0800916c        0x4
                0x0800916c                PROVIDE (__init_array_start, .)
 *(SORT(.init_array.*))
 *(.init_array*)
 .init_array    0x0800916c        0x4 f:/eclipse/plugins/fr.ac6.mcu.externaltools.arm-none.win32_1.7.0.201602121829/tools/compiler/bin/../lib/gcc/arm-none-eabi/5.2.1/armv7e-m/fpu/crtbegin.o
                0x08009170                PROVIDE (__init_array_end, .)

.fini_array     0x08009170        0x4
                [!provide]                PROVIDE (__fini_array_start, .)
 *(SORT(.fini_array.*))
 *(.fini_array*)
 .fini_array    0x08009170        0x4 f:/eclipse/plugins/fr.ac6.mcu.externaltools.arm-none.win32_1.7.0.201602121829/tools/compiler/bin/../lib/gcc/arm-none-eabi/5.2.1/armv7e-m/fpu/crtbegin.o
                [!provide]                PROVIDE (__fini_array_end, .)
                0x08009174                _sidata = LOADADDR (.data)

.data           0x20000000      0x158 load address 0x08009174
                0x20000000                . = ALIGN (0x4)
                0x20000000                _sdata = .
 *(.data)
 .data          0x20000000        0x4 Drivers/CMSIS/Device/ST/STM32F3xx/Source/Templates/system_stm32f3xx.o
                0x20000000                SystemCoreClock
 .data          0x20000004      0x110 Middlewares/ST/STM32_USB_Device_Library/Class/CDC/Src/usbd_cdc.o
                0x20000004                USBD_CDC_CfgFSDesc
                0x20000048                USBD_CDC_CfgHSDesc
                0x2000008c                USBD_CDC_OtherSpeedCfgDesc
                0x200000dc                USBD_CDC
 .data          0x20000114       0x10 Src/usbd_cdc_if.o
                0x20000114                USBD_Interface_fops_FS
 .data          0x20000124       0x34 Src/usbd_desc.o
                0x20000124                USBD_FS_DeviceDesc
                0x20000138                USBD_LangIDDesc
                0x2000013c                FS_Desc
 *(.data*)
                0x20000158                . = ALIGN (0x4)
                0x20000158                _edata = .
                0x080092cc                _siccmram = LOADADDR (.ccmram)

.jcr            0x20000158        0x0 load address 0x080092cc
 .jcr           0x20000158        0x0 f:/eclipse/plugins/fr.ac6.mcu.externaltools.arm-none.win32_1.7.0.201602121829/tools/compiler/bin/../lib/gcc/arm-none-eabi/5.2.1/armv7e-m/fpu/crtbegin.o

.tm_clone_table
                0x20000158        0x0 load address 0x080092cc
 .tm_clone_table
                0x20000158        0x0 f:/eclipse/plugins/fr.ac6.mcu.externaltools.arm-none.win32_1.7.0.201602121829/tools/compiler/bin/../lib/gcc/arm-none-eabi/5.2.1/armv7e-m/fpu/crtbegin.o
 .tm_clone_table
                0x20000158        0x0 f:/eclipse/plugins/fr.ac6.mcu.externaltools.arm-none.win32_1.7.0.201602121829/tools/compiler/bin/../lib/gcc/arm-none-eabi/5.2.1/armv7e-m/fpu/crtend.o

.igot.plt       0x20000158        0x0 load address 0x080092cc
 .igot.plt      0x20000158        0x0 f:/eclipse/plugins/fr.ac6.mcu.externaltools.arm-none.win32_1.7.0.201602121829/tools/compiler/bin/../lib/gcc/arm-none-eabi/5.2.1/armv7e-m/fpu/crtbegin.o

.ccmram         0x10000000        0x0 load address 0x080092cc
                0x10000000                . = ALIGN (0x4)
                0x10000000                _sccmram = .
 *(.ccmram)
 *(.ccmram*)
                0x10000000                . = ALIGN (0x4)
                0x10000000                _eccmram = .
                0x10000000                . = ALIGN (0x4)

.bss            0x20000158      0xb88
                0x20000158                _sbss = .
                0x20000158                __bss_start__ = _sbss
 *(.bss)
 .bss           0x20000158       0x1c f:/eclipse/plugins/fr.ac6.mcu.externaltools.arm-none.win32_1.7.0.201602121829/tools/compiler/bin/../lib/gcc/arm-none-eabi/5.2.1/armv7e-m/fpu/crtbegin.o
 .bss           0x20000174        0x1 Middlewares/ST/STM32_USB_Device_Library/Class/CDC/Src/usbd_cdc.o
 .bss           0x20000175        0x1 Middlewares/ST/STM32_USB_Device_Library/Core/Src/usbd_ctlreq.o
 *fill*         0x20000176        0x2 
 .bss           0x20000178      0x220 Src/usbd_conf.o
 .bss           0x20000398        0x4 Src/video.o
 *(.bss*)
 *(COMMON)
 COMMON         0x2000039c       0x40 Drivers/CMSIS/Device/ST/STM32F3xx/Source/Templates/system_stm32f3xx.o
                0x2000039c                user_rx_Buffer
 COMMON         0x200003dc        0x4 Drivers/STM32F3xx_HAL_Driver/Src/stm32f3xx_hal.o
                0x200003dc                uwTick
 COMMON         0x200003e0       0xb4 Src/main.o
                0x200003e0                timer2
                0x200003e4                htim6
                0x20000420                timer1
                0x20000424                huart2
 COMMON         0x20000494      0x224 Src/usb_device.o
                0x20000494                hUsbDeviceFS
 COMMON         0x200006b8       0x80 Src/usbd_cdc_if.o
                0x200006b8                UserRxBufferFS
                0x200006f8                UserTxBufferFS
 COMMON         0x20000738      0x3a8 Src/usbd_conf.o
                0x20000738                hpcd_USB_FS
 COMMON         0x20000ae0      0x200 Src/usbd_desc.o
                0x20000ae0                USBD_StrDesc
                0x20000ce0                . = ALIGN (0x4)
                0x20000ce0                _ebss = .
                0x20000ce0                __bss_end__ = _ebss

._user_heap_stack
                0x20000ce0      0x600
                0x20000ce0                . = ALIGN (0x8)
                [!provide]                PROVIDE (end, .)
                [!provide]                PROVIDE (_end, .)
                0x20000ee0                . = (. + _Min_Heap_Size)
 *fill*         0x20000ce0      0x200 
                0x200012e0                . = (. + _Min_Stack_Size)
 *fill*         0x20000ee0      0x400 
                0x200012e0                . = ALIGN (0x8)

/DISCARD/
 libc.a(*)
 libm.a(*)
 libgcc.a(*)

.ARM.attributes
                0x00000000       0x30
 *(.ARM.attributes)
 .ARM.attributes
                0x00000000       0x22 f:/eclipse/plugins/fr.ac6.mcu.externaltools.arm-none.win32_1.7.0.201602121829/tools/compiler/bin/../lib/gcc/arm-none-eabi/5.2.1/armv7e-m/fpu/crti.o
 .ARM.attributes
                0x00000022       0x34 f:/eclipse/plugins/fr.ac6.mcu.externaltools.arm-none.win32_1.7.0.201602121829/tools/compiler/bin/../lib/gcc/arm-none-eabi/5.2.1/armv7e-m/fpu/crtbegin.o
 .ARM.attributes
                0x00000056       0x21 Drivers/CMSIS/Device/ST/STM32F3xx/Source/Templates/gcc/startup_stm32f303xc.o
 .ARM.attributes
                0x00000077       0x39 Drivers/CMSIS/Device/ST/STM32F3xx/Source/Templates/system_stm32f3xx.o
 .ARM.attributes
                0x000000b0       0x39 Drivers/STM32F3xx_HAL_Driver/Src/stm32f3xx_hal.o
 .ARM.attributes
                0x000000e9       0x39 Drivers/STM32F3xx_HAL_Driver/Src/stm32f3xx_hal_cortex.o
 .ARM.attributes
                0x00000122       0x39 Drivers/STM32F3xx_HAL_Driver/Src/stm32f3xx_hal_gpio.o
 .ARM.attributes
                0x0000015b       0x39 Drivers/STM32F3xx_HAL_Driver/Src/stm32f3xx_hal_pcd.o
 .ARM.attributes
                0x00000194       0x39 Drivers/STM32F3xx_HAL_Driver/Src/stm32f3xx_hal_pcd_ex.o
 .ARM.attributes
                0x000001cd       0x39 Drivers/STM32F3xx_HAL_Driver/Src/stm32f3xx_hal_rcc.o
 .ARM.attributes
                0x00000206       0x39 Drivers/STM32F3xx_HAL_Driver/Src/stm32f3xx_hal_rcc_ex.o
 .ARM.attributes
                0x0000023f       0x39 Drivers/STM32F3xx_HAL_Driver/Src/stm32f3xx_hal_tim.o
 .ARM.attributes
                0x00000278       0x39 Drivers/STM32F3xx_HAL_Driver/Src/stm32f3xx_hal_tim_ex.o
 .ARM.attributes
                0x000002b1       0x39 Drivers/STM32F3xx_HAL_Driver/Src/stm32f3xx_hal_uart.o
 .ARM.attributes
                0x000002ea       0x39 Drivers/STM32F3xx_HAL_Driver/Src/stm32f3xx_hal_uart_ex.o
 .ARM.attributes
                0x00000323       0x39 Middlewares/ST/STM32_USB_Device_Library/Class/CDC/Src/usbd_cdc.o
 .ARM.attributes
                0x0000035c       0x39 Middlewares/ST/STM32_USB_Device_Library/Core/Src/usbd_core.o
 .ARM.attributes
                0x00000395       0x39 Middlewares/ST/STM32_USB_Device_Library/Core/Src/usbd_ctlreq.o
 .ARM.attributes
                0x000003ce       0x39 Middlewares/ST/STM32_USB_Device_Library/Core/Src/usbd_ioreq.o
 .ARM.attributes
                0x00000407       0x39 Src/fonts.o
 .ARM.attributes
                0x00000440       0x39 Src/main.o
 .ARM.attributes
                0x00000479       0x39 Src/stm32f3xx_hal_msp.o
 .ARM.attributes
                0x000004b2       0x39 Src/stm32f3xx_it.o
 .ARM.attributes
                0x000004eb       0x39 Src/usb_device.o
 .ARM.attributes
                0x00000524       0x39 Src/usbd_cdc_if.o
 .ARM.attributes
                0x0000055d       0x39 Src/usbd_conf.o
 .ARM.attributes
                0x00000596       0x39 Src/usbd_desc.o
 .ARM.attributes
                0x000005cf       0x39 Src/video.o
 .ARM.attributes
                0x00000608       0x34 f:/eclipse/plugins/fr.ac6.mcu.externaltools.arm-none.win32_1.7.0.201602121829/tools/compiler/bin/../lib/gcc/arm-none-eabi/5.2.1/../../../../arm-none-eabi/lib/armv7e-m/fpu\libc_nano.a(lib_a-init.o)
 .ARM.attributes
                0x0000063c       0x34 f:/eclipse/plugins/fr.ac6.mcu.externaltools.arm-none.win32_1.7.0.201602121829/tools/compiler/bin/../lib/gcc/arm-none-eabi/5.2.1/../../../../arm-none-eabi/lib/armv7e-m/fpu\libc_nano.a(lib_a-memcpy-stub.o)
 .ARM.attributes
                0x00000670       0x34 f:/eclipse/plugins/fr.ac6.mcu.externaltools.arm-none.win32_1.7.0.201602121829/tools/compiler/bin/../lib/gcc/arm-none-eabi/5.2.1/../../../../arm-none-eabi/lib/armv7e-m/fpu\libc_nano.a(lib_a-memset.o)
 .ARM.attributes
                0x000006a4       0x1b f:/eclipse/plugins/fr.ac6.mcu.externaltools.arm-none.win32_1.7.0.201602121829/tools/compiler/bin/../lib/gcc/arm-none-eabi/5.2.1/../../../../arm-none-eabi/lib/armv7e-m/fpu\libc_nano.a(lib_a-strlen.o)
 .ARM.attributes
                0x000006bf       0x34 f:/eclipse/plugins/fr.ac6.mcu.externaltools.arm-none.win32_1.7.0.201602121829/tools/compiler/bin/../lib/gcc/arm-none-eabi/5.2.1/armv7e-m/fpu/crtend.o
 .ARM.attributes
                0x000006f3       0x22 f:/eclipse/plugins/fr.ac6.mcu.externaltools.arm-none.win32_1.7.0.201602121829/tools/compiler/bin/../lib/gcc/arm-none-eabi/5.2.1/armv7e-m/fpu/crtn.o
OUTPUT(displayTest.elf elf32-littlearm)

.debug_line     0x00000000    0x11e3a
 .debug_line    0x00000000       0xae Drivers/CMSIS/Device/ST/STM32F3xx/Source/Templates/gcc/startup_stm32f303xc.o
 .debug_line    0x000000ae      0x7f3 Drivers/CMSIS/Device/ST/STM32F3xx/Source/Templates/system_stm32f3xx.o
 .debug_line    0x000008a1      0x8e2 Drivers/STM32F3xx_HAL_Driver/Src/stm32f3xx_hal.o
 .debug_line    0x00001183      0xa28 Drivers/STM32F3xx_HAL_Driver/Src/stm32f3xx_hal_cortex.o
 .debug_line    0x00001bab      0xa2a Drivers/STM32F3xx_HAL_Driver/Src/stm32f3xx_hal_gpio.o
 .debug_line    0x000025d5      0xca8 Drivers/STM32F3xx_HAL_Driver/Src/stm32f3xx_hal_pcd.o
 .debug_line    0x0000327d      0x80f Drivers/STM32F3xx_HAL_Driver/Src/stm32f3xx_hal_pcd_ex.o
 .debug_line    0x00003a8c      0xdbd Drivers/STM32F3xx_HAL_Driver/Src/stm32f3xx_hal_rcc.o
 .debug_line    0x00004849      0xa5f Drivers/STM32F3xx_HAL_Driver/Src/stm32f3xx_hal_rcc_ex.o
 .debug_line    0x000052a8     0x2d3e Drivers/STM32F3xx_HAL_Driver/Src/stm32f3xx_hal_tim.o
 .debug_line    0x00007fe6     0x1587 Drivers/STM32F3xx_HAL_Driver/Src/stm32f3xx_hal_tim_ex.o
 .debug_line    0x0000956d     0x1139 Drivers/STM32F3xx_HAL_Driver/Src/stm32f3xx_hal_uart.o
 .debug_line    0x0000a6a6      0x944 Drivers/STM32F3xx_HAL_Driver/Src/stm32f3xx_hal_uart_ex.o
 .debug_line    0x0000afea      0xa7a Middlewares/ST/STM32_USB_Device_Library/Class/CDC/Src/usbd_cdc.o
 .debug_line    0x0000ba64      0xa40 Middlewares/ST/STM32_USB_Device_Library/Core/Src/usbd_core.o
 .debug_line    0x0000c4a4      0x994 Middlewares/ST/STM32_USB_Device_Library/Core/Src/usbd_ctlreq.o
 .debug_line    0x0000ce38      0x90a Middlewares/ST/STM32_USB_Device_Library/Core/Src/usbd_ioreq.o
 .debug_line    0x0000d742      0x274 Src/fonts.o
 .debug_line    0x0000d9b6      0xa28 Src/main.o
 .debug_line    0x0000e3de      0x818 Src/stm32f3xx_hal_msp.o
 .debug_line    0x0000ebf6      0x7da Src/stm32f3xx_it.o
 .debug_line    0x0000f3d0      0x902 Src/usb_device.o
 .debug_line    0x0000fcd2      0x936 Src/usbd_cdc_if.o
 .debug_line    0x00010608      0xb16 Src/usbd_conf.o
 .debug_line    0x0001111e      0x8df Src/usbd_desc.o
 .debug_line    0x000119fd      0x43d Src/video.o

.debug_info     0x00000000    0x1a288
 .debug_info    0x00000000       0xa1 Drivers/CMSIS/Device/ST/STM32F3xx/Source/Templates/gcc/startup_stm32f303xc.o
 .debug_info    0x000000a1      0x40c Drivers/CMSIS/Device/ST/STM32F3xx/Source/Templates/system_stm32f3xx.o
 .debug_info    0x000004ad      0x729 Drivers/STM32F3xx_HAL_Driver/Src/stm32f3xx_hal.o
 .debug_info    0x00000bd6     0x105a Drivers/STM32F3xx_HAL_Driver/Src/stm32f3xx_hal_cortex.o
 .debug_info    0x00001c30      0x86b Drivers/STM32F3xx_HAL_Driver/Src/stm32f3xx_hal_gpio.o
 .debug_info    0x0000249b     0x1001 Drivers/STM32F3xx_HAL_Driver/Src/stm32f3xx_hal_pcd.o
 .debug_info    0x0000349c      0x6c0 Drivers/STM32F3xx_HAL_Driver/Src/stm32f3xx_hal_pcd_ex.o
 .debug_info    0x00003b5c     0x1604 Drivers/STM32F3xx_HAL_Driver/Src/stm32f3xx_hal_rcc.o
 .debug_info    0x00005160      0x8bb Drivers/STM32F3xx_HAL_Driver/Src/stm32f3xx_hal_rcc_ex.o
 .debug_info    0x00005a1b     0x3fbb Drivers/STM32F3xx_HAL_Driver/Src/stm32f3xx_hal_tim.o
 .debug_info    0x000099d6     0x1f7a Drivers/STM32F3xx_HAL_Driver/Src/stm32f3xx_hal_tim_ex.o
 .debug_info    0x0000b950     0x1791 Drivers/STM32F3xx_HAL_Driver/Src/stm32f3xx_hal_uart.o
 .debug_info    0x0000d0e1      0x9ae Drivers/STM32F3xx_HAL_Driver/Src/stm32f3xx_hal_uart_ex.o
 .debug_info    0x0000da8f      0xca6 Middlewares/ST/STM32_USB_Device_Library/Class/CDC/Src/usbd_cdc.o
 .debug_info    0x0000e735      0xbff Middlewares/ST/STM32_USB_Device_Library/Core/Src/usbd_core.o
 .debug_info    0x0000f334      0xbed Middlewares/ST/STM32_USB_Device_Library/Core/Src/usbd_ctlreq.o
 .debug_info    0x0000ff21      0x787 Middlewares/ST/STM32_USB_Device_Library/Core/Src/usbd_ioreq.o
 .debug_info    0x000106a8     0x351a Src/fonts.o
 .debug_info    0x00013bc2     0x18e5 Src/main.o
 .debug_info    0x000154a7      0xeec Src/stm32f3xx_hal_msp.o
 .debug_info    0x00016393      0xce3 Src/stm32f3xx_it.o
 .debug_info    0x00017076      0x63b Src/usb_device.o
 .debug_info    0x000176b1      0x851 Src/usbd_cdc_if.o
 .debug_info    0x00017f02     0x1853 Src/usbd_conf.o
 .debug_info    0x00019755      0x511 Src/usbd_desc.o
 .debug_info    0x00019c66      0x622 Src/video.o

.debug_abbrev   0x00000000     0x36fe
 .debug_abbrev  0x00000000       0x12 Drivers/CMSIS/Device/ST/STM32F3xx/Source/Templates/gcc/startup_stm32f303xc.o
 .debug_abbrev  0x00000012      0x115 Drivers/CMSIS/Device/ST/STM32F3xx/Source/Templates/system_stm32f3xx.o
 .debug_abbrev  0x00000127      0x1f6 Drivers/STM32F3xx_HAL_Driver/Src/stm32f3xx_hal.o
 .debug_abbrev  0x0000031d      0x331 Drivers/STM32F3xx_HAL_Driver/Src/stm32f3xx_hal_cortex.o
 .debug_abbrev  0x0000064e      0x213 Drivers/STM32F3xx_HAL_Driver/Src/stm32f3xx_hal_gpio.o
 .debug_abbrev  0x00000861      0x333 Drivers/STM32F3xx_HAL_Driver/Src/stm32f3xx_hal_pcd.o
 .debug_abbrev  0x00000b94      0x1c6 Drivers/STM32F3xx_HAL_Driver/Src/stm32f3xx_hal_pcd_ex.o
 .debug_abbrev  0x00000d5a      0x2cf Drivers/STM32F3xx_HAL_Driver/Src/stm32f3xx_hal_rcc.o
 .debug_abbrev  0x00001029      0x296 Drivers/STM32F3xx_HAL_Driver/Src/stm32f3xx_hal_rcc_ex.o
 .debug_abbrev  0x000012bf      0x317 Drivers/STM32F3xx_HAL_Driver/Src/stm32f3xx_hal_tim.o
 .debug_abbrev  0x000015d6      0x284 Drivers/STM32F3xx_HAL_Driver/Src/stm32f3xx_hal_tim_ex.o
 .debug_abbrev  0x0000185a      0x2ab Drivers/STM32F3xx_HAL_Driver/Src/stm32f3xx_hal_uart.o
 .debug_abbrev  0x00001b05      0x1f9 Drivers/STM32F3xx_HAL_Driver/Src/stm32f3xx_hal_uart_ex.o
 .debug_abbrev  0x00001cfe      0x259 Middlewares/ST/STM32_USB_Device_Library/Class/CDC/Src/usbd_cdc.o
 .debug_abbrev  0x00001f57      0x284 Middlewares/ST/STM32_USB_Device_Library/Core/Src/usbd_core.o
 .debug_abbrev  0x000021db      0x2d8 Middlewares/ST/STM32_USB_Device_Library/Core/Src/usbd_ctlreq.o
 .debug_abbrev  0x000024b3      0x169 Middlewares/ST/STM32_USB_Device_Library/Core/Src/usbd_ioreq.o
 .debug_abbrev  0x0000261c       0xa3 Src/fonts.o
 .debug_abbrev  0x000026bf      0x30d Src/main.o
 .debug_abbrev  0x000029cc      0x1bb Src/stm32f3xx_hal_msp.o
 .debug_abbrev  0x00002b87      0x19f Src/stm32f3xx_it.o
 .debug_abbrev  0x00002d26      0x184 Src/usb_device.o
 .debug_abbrev  0x00002eaa      0x228 Src/usbd_cdc_if.o
 .debug_abbrev  0x000030d2      0x2ab Src/usbd_conf.o
 .debug_abbrev  0x0000337d      0x1b1 Src/usbd_desc.o
 .debug_abbrev  0x0000352e      0x1d0 Src/video.o

.debug_aranges  0x00000000      0xdc8
 .debug_aranges
                0x00000000       0x28 Drivers/CMSIS/Device/ST/STM32F3xx/Source/Templates/gcc/startup_stm32f303xc.o
 .debug_aranges
                0x00000028       0x28 Drivers/CMSIS/Device/ST/STM32F3xx/Source/Templates/system_stm32f3xx.o
 .debug_aranges
                0x00000050       0xa8 Drivers/STM32F3xx_HAL_Driver/Src/stm32f3xx_hal.o
 .debug_aranges
                0x000000f8       0x98 Drivers/STM32F3xx_HAL_Driver/Src/stm32f3xx_hal_cortex.o
 .debug_aranges
                0x00000190       0x58 Drivers/STM32F3xx_HAL_Driver/Src/stm32f3xx_hal_gpio.o
 .debug_aranges
                0x000001e8       0xc0 Drivers/STM32F3xx_HAL_Driver/Src/stm32f3xx_hal_pcd.o
 .debug_aranges
                0x000002a8       0x38 Drivers/STM32F3xx_HAL_Driver/Src/stm32f3xx_hal_pcd_ex.o
 .debug_aranges
                0x000002e0       0x88 Drivers/STM32F3xx_HAL_Driver/Src/stm32f3xx_hal_rcc.o
 .debug_aranges
                0x00000368       0x38 Drivers/STM32F3xx_HAL_Driver/Src/stm32f3xx_hal_rcc_ex.o
 .debug_aranges
                0x000003a0      0x288 Drivers/STM32F3xx_HAL_Driver/Src/stm32f3xx_hal_tim.o
 .debug_aranges
                0x00000628      0x158 Drivers/STM32F3xx_HAL_Driver/Src/stm32f3xx_hal_tim_ex.o
 .debug_aranges
                0x00000780      0x158 Drivers/STM32F3xx_HAL_Driver/Src/stm32f3xx_hal_uart.o
 .debug_aranges
                0x000008d8       0x48 Drivers/STM32F3xx_HAL_Driver/Src/stm32f3xx_hal_uart_ex.o
 .debug_aranges
                0x00000920       0x90 Middlewares/ST/STM32_USB_Device_Library/Class/CDC/Src/usbd_cdc.o
 .debug_aranges
                0x000009b0       0xa8 Middlewares/ST/STM32_USB_Device_Library/Core/Src/usbd_core.o
 .debug_aranges
                0x00000a58       0x48 Middlewares/ST/STM32_USB_Device_Library/Core/Src/usbd_ctlreq.o
 .debug_aranges
                0x00000aa0       0x50 Middlewares/ST/STM32_USB_Device_Library/Core/Src/usbd_ioreq.o
 .debug_aranges
                0x00000af0       0x18 Src/fonts.o
 .debug_aranges
                0x00000b08       0x38 Src/main.o
 .debug_aranges
                0x00000b40       0x40 Src/stm32f3xx_hal_msp.o
 .debug_aranges
                0x00000b80       0x38 Src/stm32f3xx_it.o
 .debug_aranges
                0x00000bb8       0x20 Src/usb_device.o
 .debug_aranges
                0x00000bd8       0x40 Src/usbd_cdc_if.o
 .debug_aranges
                0x00000c18      0x110 Src/usbd_conf.o
 .debug_aranges
                0x00000d28       0x50 Src/usbd_desc.o
 .debug_aranges
                0x00000d78       0x50 Src/video.o

.debug_ranges   0x00000000     0x10d8
 .debug_ranges  0x00000000       0x20 Drivers/CMSIS/Device/ST/STM32F3xx/Source/Templates/gcc/startup_stm32f303xc.o
 .debug_ranges  0x00000020       0x18 Drivers/CMSIS/Device/ST/STM32F3xx/Source/Templates/system_stm32f3xx.o
 .debug_ranges  0x00000038       0x98 Drivers/STM32F3xx_HAL_Driver/Src/stm32f3xx_hal.o
 .debug_ranges  0x000000d0      0x150 Drivers/STM32F3xx_HAL_Driver/Src/stm32f3xx_hal_cortex.o
 .debug_ranges  0x00000220       0x60 Drivers/STM32F3xx_HAL_Driver/Src/stm32f3xx_hal_gpio.o
 .debug_ranges  0x00000280      0x130 Drivers/STM32F3xx_HAL_Driver/Src/stm32f3xx_hal_pcd.o
 .debug_ranges  0x000003b0       0x28 Drivers/STM32F3xx_HAL_Driver/Src/stm32f3xx_hal_pcd_ex.o
 .debug_ranges  0x000003d8      0x1d0 Drivers/STM32F3xx_HAL_Driver/Src/stm32f3xx_hal_rcc.o
 .debug_ranges  0x000005a8       0x58 Drivers/STM32F3xx_HAL_Driver/Src/stm32f3xx_hal_rcc_ex.o
 .debug_ranges  0x00000600      0x350 Drivers/STM32F3xx_HAL_Driver/Src/stm32f3xx_hal_tim.o
 .debug_ranges  0x00000950      0x148 Drivers/STM32F3xx_HAL_Driver/Src/stm32f3xx_hal_tim_ex.o
 .debug_ranges  0x00000a98      0x148 Drivers/STM32F3xx_HAL_Driver/Src/stm32f3xx_hal_uart.o
 .debug_ranges  0x00000be0       0x38 Drivers/STM32F3xx_HAL_Driver/Src/stm32f3xx_hal_uart_ex.o
 .debug_ranges  0x00000c18       0x80 Middlewares/ST/STM32_USB_Device_Library/Class/CDC/Src/usbd_cdc.o
 .debug_ranges  0x00000c98       0x98 Middlewares/ST/STM32_USB_Device_Library/Core/Src/usbd_core.o
 .debug_ranges  0x00000d30       0x38 Middlewares/ST/STM32_USB_Device_Library/Core/Src/usbd_ctlreq.o
 .debug_ranges  0x00000d68       0x40 Middlewares/ST/STM32_USB_Device_Library/Core/Src/usbd_ioreq.o
 .debug_ranges  0x00000da8       0x88 Src/main.o
 .debug_ranges  0x00000e30       0xa8 Src/stm32f3xx_hal_msp.o
 .debug_ranges  0x00000ed8       0x28 Src/stm32f3xx_it.o
 .debug_ranges  0x00000f00       0x10 Src/usb_device.o
 .debug_ranges  0x00000f10       0x30 Src/usbd_cdc_if.o
 .debug_ranges  0x00000f40      0x118 Src/usbd_conf.o
 .debug_ranges  0x00001058       0x40 Src/usbd_desc.o
 .debug_ranges  0x00001098       0x40 Src/video.o

.debug_loc      0x00000000     0xa126
 .debug_loc     0x00000000       0xbe Drivers/CMSIS/Device/ST/STM32F3xx/Source/Templates/system_stm32f3xx.o
 .debug_loc     0x000000be       0x4b Drivers/STM32F3xx_HAL_Driver/Src/stm32f3xx_hal.o
 .debug_loc     0x00000109      0x59a Drivers/STM32F3xx_HAL_Driver/Src/stm32f3xx_hal_cortex.o
 .debug_loc     0x000006a3      0x49f Drivers/STM32F3xx_HAL_Driver/Src/stm32f3xx_hal_gpio.o
 .debug_loc     0x00000b42      0xcb6 Drivers/STM32F3xx_HAL_Driver/Src/stm32f3xx_hal_pcd.o
 .debug_loc     0x000017f8      0x488 Drivers/STM32F3xx_HAL_Driver/Src/stm32f3xx_hal_pcd_ex.o
 .debug_loc     0x00001c80      0x883 Drivers/STM32F3xx_HAL_Driver/Src/stm32f3xx_hal_rcc.o
 .debug_loc     0x00002503      0x5c6 Drivers/STM32F3xx_HAL_Driver/Src/stm32f3xx_hal_rcc_ex.o
 .debug_loc     0x00002ac9     0x2d0d Drivers/STM32F3xx_HAL_Driver/Src/stm32f3xx_hal_tim.o
 .debug_loc     0x000057d6     0x10de Drivers/STM32F3xx_HAL_Driver/Src/stm32f3xx_hal_tim_ex.o
 .debug_loc     0x000068b4      0xf90 Drivers/STM32F3xx_HAL_Driver/Src/stm32f3xx_hal_uart.o
 .debug_loc     0x00007844      0x2e0 Drivers/STM32F3xx_HAL_Driver/Src/stm32f3xx_hal_uart_ex.o
 .debug_loc     0x00007b24      0x4bc Middlewares/ST/STM32_USB_Device_Library/Class/CDC/Src/usbd_cdc.o
 .debug_loc     0x00007fe0      0x5d9 Middlewares/ST/STM32_USB_Device_Library/Core/Src/usbd_core.o
 .debug_loc     0x000085b9      0x6d9 Middlewares/ST/STM32_USB_Device_Library/Core/Src/usbd_ctlreq.o
 .debug_loc     0x00008c92      0x23c Middlewares/ST/STM32_USB_Device_Library/Core/Src/usbd_ioreq.o
 .debug_loc     0x00008ece       0x8a Src/main.o
 .debug_loc     0x00008f58       0x9a Src/stm32f3xx_hal_msp.o
 .debug_loc     0x00008ff2      0x117 Src/usbd_cdc_if.o
 .debug_loc     0x00009109      0x68b Src/usbd_conf.o
 .debug_loc     0x00009794      0x273 Src/usbd_desc.o
 .debug_loc     0x00009a07      0x71f Src/video.o

.debug_macro    0x00000000    0x20c8c
 .debug_macro   0x00000000      0x302 Drivers/CMSIS/Device/ST/STM32F3xx/Source/Templates/system_stm32f3xx.o
 .debug_macro   0x00000302      0x89e Drivers/CMSIS/Device/ST/STM32F3xx/Source/Templates/system_stm32f3xx.o
 .debug_macro   0x00000ba0       0x31 Drivers/CMSIS/Device/ST/STM32F3xx/Source/Templates/system_stm32f3xx.o
 .debug_macro   0x00000bd1       0x28 Drivers/CMSIS/Device/ST/STM32F3xx/Source/Templates/system_stm32f3xx.o
 .debug_macro   0x00000bf9       0x22 Drivers/CMSIS/Device/ST/STM32F3xx/Source/Templates/system_stm32f3xx.o
 .debug_macro   0x00000c1b       0x44 Drivers/CMSIS/Device/ST/STM32F3xx/Source/Templates/system_stm32f3xx.o
 .debug_macro   0x00000c5f       0xfd Drivers/CMSIS/Device/ST/STM32F3xx/Source/Templates/system_stm32f3xx.o
 .debug_macro   0x00000d5c       0x22 Drivers/CMSIS/Device/ST/STM32F3xx/Source/Templates/system_stm32f3xx.o
 .debug_macro   0x00000d7e      0x1df Drivers/CMSIS/Device/ST/STM32F3xx/Source/Templates/system_stm32f3xx.o
 .debug_macro   0x00000f5d       0x35 Drivers/CMSIS/Device/ST/STM32F3xx/Source/Templates/system_stm32f3xx.o
 .debug_macro   0x00000f92       0x50 Drivers/CMSIS/Device/ST/STM32F3xx/Source/Templates/system_stm32f3xx.o
 .debug_macro   0x00000fe2      0xe66 Drivers/CMSIS/Device/ST/STM32F3xx/Source/Templates/system_stm32f3xx.o
 .debug_macro   0x00001e48    0x12a87 Drivers/CMSIS/Device/ST/STM32F3xx/Source/Templates/system_stm32f3xx.o
 .debug_macro   0x000148cf       0x43 Drivers/CMSIS/Device/ST/STM32F3xx/Source/Templates/system_stm32f3xx.o
 .debug_macro   0x00014912      0x136 Drivers/CMSIS/Device/ST/STM32F3xx/Source/Templates/system_stm32f3xx.o
 .debug_macro   0x00014a48       0xab Drivers/CMSIS/Device/ST/STM32F3xx/Source/Templates/system_stm32f3xx.o
 .debug_macro   0x00014af3     0x33ad Drivers/CMSIS/Device/ST/STM32F3xx/Source/Templates/system_stm32f3xx.o
 .debug_macro   0x00017ea0       0x58 Drivers/CMSIS/Device/ST/STM32F3xx/Source/Templates/system_stm32f3xx.o
 .debug_macro   0x00017ef8       0x35 Drivers/CMSIS/Device/ST/STM32F3xx/Source/Templates/system_stm32f3xx.o
 .debug_macro   0x00017f2d       0x9c Drivers/CMSIS/Device/ST/STM32F3xx/Source/Templates/system_stm32f3xx.o
 .debug_macro   0x00017fc9       0x16 Drivers/CMSIS/Device/ST/STM32F3xx/Source/Templates/system_stm32f3xx.o
 .debug_macro   0x00017fdf       0x97 Drivers/CMSIS/Device/ST/STM32F3xx/Source/Templates/system_stm32f3xx.o
 .debug_macro   0x00018076      0x329 Drivers/CMSIS/Device/ST/STM32F3xx/Source/Templates/system_stm32f3xx.o
 .debug_macro   0x0001839f       0xfd Drivers/CMSIS/Device/ST/STM32F3xx/Source/Templates/system_stm32f3xx.o
 .debug_macro   0x0001849c       0x10 Drivers/CMSIS/Device/ST/STM32F3xx/Source/Templates/system_stm32f3xx.o
 .debug_macro   0x000184ac       0x52 Drivers/CMSIS/Device/ST/STM32F3xx/Source/Templates/system_stm32f3xx.o
 .debug_macro   0x000184fe       0x16 Drivers/CMSIS/Device/ST/STM32F3xx/Source/Templates/system_stm32f3xx.o
 .debug_macro   0x00018514       0x43 Drivers/CMSIS/Device/ST/STM32F3xx/Source/Templates/system_stm32f3xx.o
 .debug_macro   0x00018557      0x187 Drivers/CMSIS/Device/ST/STM32F3xx/Source/Templates/system_stm32f3xx.o
 .debug_macro   0x000186de       0x10 Drivers/CMSIS/Device/ST/STM32F3xx/Source/Templates/system_stm32f3xx.o
 .debug_macro   0x000186ee       0x22 Drivers/CMSIS/Device/ST/STM32F3xx/Source/Templates/system_stm32f3xx.o
 .debug_macro   0x00018710       0x3a Drivers/CMSIS/Device/ST/STM32F3xx/Source/Templates/system_stm32f3xx.o
 .debug_macro   0x0001874a       0x10 Drivers/CMSIS/Device/ST/STM32F3xx/Source/Templates/system_stm32f3xx.o
 .debug_macro   0x0001875a       0x40 Drivers/CMSIS/Device/ST/STM32F3xx/Source/Templates/system_stm32f3xx.o
 .debug_macro   0x0001879a       0x65 Drivers/CMSIS/Device/ST/STM32F3xx/Source/Templates/system_stm32f3xx.o
 .debug_macro   0x000187ff       0x16 Drivers/CMSIS/Device/ST/STM32F3xx/Source/Templates/system_stm32f3xx.o
 .debug_macro   0x00018815      0x197 Drivers/CMSIS/Device/ST/STM32F3xx/Source/Templates/system_stm32f3xx.o
 .debug_macro   0x000189ac       0x49 Drivers/CMSIS/Device/ST/STM32F3xx/Source/Templates/system_stm32f3xx.o
 .debug_macro   0x000189f5      0x969 Drivers/CMSIS/Device/ST/STM32F3xx/Source/Templates/system_stm32f3xx.o
 .debug_macro   0x0001935e      0x5fe Drivers/CMSIS/Device/ST/STM32F3xx/Source/Templates/system_stm32f3xx.o
 .debug_macro   0x0001995c      0x13a Drivers/CMSIS/Device/ST/STM32F3xx/Source/Templates/system_stm32f3xx.o
 .debug_macro   0x00019a96      0x1fb Drivers/CMSIS/Device/ST/STM32F3xx/Source/Templates/system_stm32f3xx.o
 .debug_macro   0x00019c91      0x1b5 Drivers/CMSIS/Device/ST/STM32F3xx/Source/Templates/system_stm32f3xx.o
 .debug_macro   0x00019e46       0x31 Drivers/CMSIS/Device/ST/STM32F3xx/Source/Templates/system_stm32f3xx.o
 .debug_macro   0x00019e77       0x3c Drivers/CMSIS/Device/ST/STM32F3xx/Source/Templates/system_stm32f3xx.o
 .debug_macro   0x00019eb3      0x23a Drivers/CMSIS/Device/ST/STM32F3xx/Source/Templates/system_stm32f3xx.o
 .debug_macro   0x0001a0ed       0xcb Drivers/CMSIS/Device/ST/STM32F3xx/Source/Templates/system_stm32f3xx.o
 .debug_macro   0x0001a1b8      0x22b Drivers/CMSIS/Device/ST/STM32F3xx/Source/Templates/system_stm32f3xx.o
 .debug_macro   0x0001a3e3      0x202 Drivers/CMSIS/Device/ST/STM32F3xx/Source/Templates/system_stm32f3xx.o
 .debug_macro   0x0001a5e5       0x4f Drivers/CMSIS/Device/ST/STM32F3xx/Source/Templates/system_stm32f3xx.o
 .debug_macro   0x0001a634       0x90 Drivers/CMSIS/Device/ST/STM32F3xx/Source/Templates/system_stm32f3xx.o
 .debug_macro   0x0001a6c4       0x28 Drivers/CMSIS/Device/ST/STM32F3xx/Source/Templates/system_stm32f3xx.o
 .debug_macro   0x0001a6ec      0x265 Drivers/CMSIS/Device/ST/STM32F3xx/Source/Templates/system_stm32f3xx.o
 .debug_macro   0x0001a951       0xd6 Drivers/CMSIS/Device/ST/STM32F3xx/Source/Templates/system_stm32f3xx.o
 .debug_macro   0x0001aa27       0xd4 Drivers/CMSIS/Device/ST/STM32F3xx/Source/Templates/system_stm32f3xx.o
 .debug_macro   0x0001aafb      0x685 Drivers/CMSIS/Device/ST/STM32F3xx/Source/Templates/system_stm32f3xx.o
 .debug_macro   0x0001b180      0x37c Drivers/CMSIS/Device/ST/STM32F3xx/Source/Templates/system_stm32f3xx.o
 .debug_macro   0x0001b4fc      0x55f Drivers/CMSIS/Device/ST/STM32F3xx/Source/Templates/system_stm32f3xx.o
 .debug_macro   0x0001ba5b       0x2b Drivers/CMSIS/Device/ST/STM32F3xx/Source/Templates/system_stm32f3xx.o
 .debug_macro   0x0001ba86      0x275 Drivers/CMSIS/Device/ST/STM32F3xx/Source/Templates/system_stm32f3xx.o
 .debug_macro   0x0001bcfb      0x320 Drivers/STM32F3xx_HAL_Driver/Src/stm32f3xx_hal.o
 .debug_macro   0x0001c01b      0x2fc Drivers/STM32F3xx_HAL_Driver/Src/stm32f3xx_hal_cortex.o
 .debug_macro   0x0001c317      0x334 Drivers/STM32F3xx_HAL_Driver/Src/stm32f3xx_hal_gpio.o
 .debug_macro   0x0001c64b      0x302 Drivers/STM32F3xx_HAL_Driver/Src/stm32f3xx_hal_pcd.o
 .debug_macro   0x0001c94d      0x2fc Drivers/STM32F3xx_HAL_Driver/Src/stm32f3xx_hal_pcd_ex.o
 .debug_macro   0x0001cc49      0x320 Drivers/STM32F3xx_HAL_Driver/Src/stm32f3xx_hal_rcc.o
 .debug_macro   0x0001cf69      0x2fc Drivers/STM32F3xx_HAL_Driver/Src/stm32f3xx_hal_rcc_ex.o
 .debug_macro   0x0001d265      0x2fd Drivers/STM32F3xx_HAL_Driver/Src/stm32f3xx_hal_tim.o
 .debug_macro   0x0001d562      0x308 Drivers/STM32F3xx_HAL_Driver/Src/stm32f3xx_hal_tim_ex.o
 .debug_macro   0x0001d86a      0x323 Drivers/STM32F3xx_HAL_Driver/Src/stm32f3xx_hal_uart.o
 .debug_macro   0x0001db8d       0x16 Drivers/STM32F3xx_HAL_Driver/Src/stm32f3xx_hal_uart.o
 .debug_macro   0x0001dba3       0x35 Drivers/STM32F3xx_HAL_Driver/Src/stm32f3xx_hal_uart.o
 .debug_macro   0x0001dbd8      0x2fc Drivers/STM32F3xx_HAL_Driver/Src/stm32f3xx_hal_uart_ex.o
 .debug_macro   0x0001ded4      0x3a8 Middlewares/ST/STM32_USB_Device_Library/Class/CDC/Src/usbd_cdc.o
 .debug_macro   0x0001e27c       0x4a Middlewares/ST/STM32_USB_Device_Library/Class/CDC/Src/usbd_cdc.o
 .debug_macro   0x0001e2c6       0x16 Middlewares/ST/STM32_USB_Device_Library/Class/CDC/Src/usbd_cdc.o
 .debug_macro   0x0001e2dc       0x16 Middlewares/ST/STM32_USB_Device_Library/Class/CDC/Src/usbd_cdc.o
 .debug_macro   0x0001e2f2       0x29 Middlewares/ST/STM32_USB_Device_Library/Class/CDC/Src/usbd_cdc.o
 .debug_macro   0x0001e31b       0x64 Middlewares/ST/STM32_USB_Device_Library/Class/CDC/Src/usbd_cdc.o
 .debug_macro   0x0001e37f      0x1c3 Middlewares/ST/STM32_USB_Device_Library/Class/CDC/Src/usbd_cdc.o
 .debug_macro   0x0001e542       0x83 Middlewares/ST/STM32_USB_Device_Library/Class/CDC/Src/usbd_cdc.o
 .debug_macro   0x0001e5c5      0x38f Middlewares/ST/STM32_USB_Device_Library/Core/Src/usbd_core.o
 .debug_macro   0x0001e954      0x38f Middlewares/ST/STM32_USB_Device_Library/Core/Src/usbd_ctlreq.o
 .debug_macro   0x0001ece3      0x38b Middlewares/ST/STM32_USB_Device_Library/Core/Src/usbd_ioreq.o
 .debug_macro   0x0001f06e       0x5e Src/fonts.o
 .debug_macro   0x0001f0cc      0x3df Src/main.o
 .debug_macro   0x0001f4ab       0x28 Src/main.o
 .debug_macro   0x0001f4d3       0x10 Src/main.o
 .debug_macro   0x0001f4e3       0x1c Src/main.o
 .debug_macro   0x0001f4ff      0x2fc Src/stm32f3xx_hal_msp.o
 .debug_macro   0x0001f7fb      0x30f Src/stm32f3xx_it.o
 .debug_macro   0x0001fb0a      0x3c5 Src/usb_device.o
 .debug_macro   0x0001fecf       0x16 Src/usb_device.o
 .debug_macro   0x0001fee5      0x3a9 Src/usbd_cdc_if.o
 .debug_macro   0x0002028e      0x3a8 Src/usbd_conf.o
 .debug_macro   0x00020636      0x3c9 Src/usbd_desc.o
 .debug_macro   0x000209ff      0x109 Src/video.o
 .debug_macro   0x00020b08      0x174 Src/video.o
 .debug_macro   0x00020c7c       0x10 Src/video.o

.debug_str      0x00000000    0xb5f27
 .debug_str     0x00000000    0xaef98 Drivers/CMSIS/Device/ST/STM32F3xx/Source/Templates/system_stm32f3xx.o
                              0xaf230 (size before relaxing)
 .debug_str     0x000aef98      0x63c Drivers/STM32F3xx_HAL_Driver/Src/stm32f3xx_hal.o
                              0xaf93f (size before relaxing)
 .debug_str     0x000af5d4      0x364 Drivers/STM32F3xx_HAL_Driver/Src/stm32f3xx_hal_cortex.o
                              0xafa51 (size before relaxing)
 .debug_str     0x000af938      0x2eb Drivers/STM32F3xx_HAL_Driver/Src/stm32f3xx_hal_gpio.o
                              0xaf488 (size before relaxing)
 .debug_str     0x000afc23      0x4f2 Drivers/STM32F3xx_HAL_Driver/Src/stm32f3xx_hal_pcd.o
                              0xaf6a9 (size before relaxing)
 .debug_str     0x000b0115       0x8c Drivers/STM32F3xx_HAL_Driver/Src/stm32f3xx_hal_pcd_ex.o
                              0xaf487 (size before relaxing)
 .debug_str     0x000b01a1      0x3f8 Drivers/STM32F3xx_HAL_Driver/Src/stm32f3xx_hal_rcc.o
                              0xaf67d (size before relaxing)
 .debug_str     0x000b0599      0x225 Drivers/STM32F3xx_HAL_Driver/Src/stm32f3xx_hal_rcc_ex.o
                              0xaf464 (size before relaxing)
 .debug_str     0x000b07be      0xe0c Drivers/STM32F3xx_HAL_Driver/Src/stm32f3xx_hal_tim.o
                              0xb006c (size before relaxing)
 .debug_str     0x000b15ca      0x577 Drivers/STM32F3xx_HAL_Driver/Src/stm32f3xx_hal_tim_ex.o
                              0xafcce (size before relaxing)
 .debug_str     0x000b1b41      0x7a8 Drivers/STM32F3xx_HAL_Driver/Src/stm32f3xx_hal_uart.o
                              0xafbff (size before relaxing)
 .debug_str     0x000b22e9       0xfe Drivers/STM32F3xx_HAL_Driver/Src/stm32f3xx_hal_uart_ex.o
                              0xaf755 (size before relaxing)
 .debug_str     0x000b23e7     0x12b7 Middlewares/ST/STM32_USB_Device_Library/Class/CDC/Src/usbd_cdc.o
                              0xb048a (size before relaxing)
 .debug_str     0x000b369e      0x283 Middlewares/ST/STM32_USB_Device_Library/Core/Src/usbd_core.o
                              0xb013b (size before relaxing)
 .debug_str     0x000b3921      0x12e Middlewares/ST/STM32_USB_Device_Library/Core/Src/usbd_ctlreq.o
                              0xb006d (size before relaxing)
 .debug_str     0x000b3a4f       0x51 Middlewares/ST/STM32_USB_Device_Library/Core/Src/usbd_ioreq.o
                              0xaff9a (size before relaxing)
 .debug_str     0x000b3aa0     0x1b55 Src/fonts.o
                               0x5a89 (size before relaxing)
 .debug_str     0x000b55f5      0x34b Src/main.o
                              0xb10cb (size before relaxing)
 .debug_str     0x000b5940       0x70 Src/stm32f3xx_hal_msp.o
                              0xafced (size before relaxing)
 .debug_str     0x000b59b0       0x56 Src/stm32f3xx_it.o
                              0xafacb (size before relaxing)
 .debug_str     0x000b5a06       0x40 Src/usb_device.o
                              0xb022d (size before relaxing)
 .debug_str     0x000b5a46       0x73 Src/usbd_cdc_if.o
                              0xb0303 (size before relaxing)
 .debug_str     0x000b5ab9      0x15b Src/usbd_conf.o
                              0xb0e74 (size before relaxing)
 .debug_str     0x000b5c14      0x221 Src/usbd_desc.o
                              0xafe1f (size before relaxing)
 .debug_str     0x000b5e35       0xf2 Src/video.o
                               0x5e61 (size before relaxing)

.comment        0x00000000       0x6e
 .comment       0x00000000       0x6e Drivers/CMSIS/Device/ST/STM32F3xx/Source/Templates/system_stm32f3xx.o
                                 0x6f (size before relaxing)
 .comment       0x0000006e       0x6f Drivers/STM32F3xx_HAL_Driver/Src/stm32f3xx_hal.o
 .comment       0x0000006e       0x6f Drivers/STM32F3xx_HAL_Driver/Src/stm32f3xx_hal_cortex.o
 .comment       0x0000006e       0x6f Drivers/STM32F3xx_HAL_Driver/Src/stm32f3xx_hal_gpio.o
 .comment       0x0000006e       0x6f Drivers/STM32F3xx_HAL_Driver/Src/stm32f3xx_hal_pcd.o
 .comment       0x0000006e       0x6f Drivers/STM32F3xx_HAL_Driver/Src/stm32f3xx_hal_pcd_ex.o
 .comment       0x0000006e       0x6f Drivers/STM32F3xx_HAL_Driver/Src/stm32f3xx_hal_rcc.o
 .comment       0x0000006e       0x6f Drivers/STM32F3xx_HAL_Driver/Src/stm32f3xx_hal_rcc_ex.o
 .comment       0x0000006e       0x6f Drivers/STM32F3xx_HAL_Driver/Src/stm32f3xx_hal_tim.o
 .comment       0x0000006e       0x6f Drivers/STM32F3xx_HAL_Driver/Src/stm32f3xx_hal_tim_ex.o
 .comment       0x0000006e       0x6f Drivers/STM32F3xx_HAL_Driver/Src/stm32f3xx_hal_uart.o
 .comment       0x0000006e       0x6f Drivers/STM32F3xx_HAL_Driver/Src/stm32f3xx_hal_uart_ex.o
 .comment       0x0000006e       0x6f Middlewares/ST/STM32_USB_Device_Library/Class/CDC/Src/usbd_cdc.o
 .comment       0x0000006e       0x6f Middlewares/ST/STM32_USB_Device_Library/Core/Src/usbd_core.o
 .comment       0x0000006e       0x6f Middlewares/ST/STM32_USB_Device_Library/Core/Src/usbd_ctlreq.o
 .comment       0x0000006e       0x6f Middlewares/ST/STM32_USB_Device_Library/Core/Src/usbd_ioreq.o
 .comment       0x0000006e       0x6f Src/fonts.o
 .comment       0x0000006e       0x6f Src/main.o
 .comment       0x0000006e       0x6f Src/stm32f3xx_hal_msp.o
 .comment       0x0000006e       0x6f Src/stm32f3xx_it.o
 .comment       0x0000006e       0x6f Src/usb_device.o
 .comment       0x0000006e       0x6f Src/usbd_cdc_if.o
 .comment       0x0000006e       0x6f Src/usbd_conf.o
 .comment       0x0000006e       0x6f Src/usbd_desc.o
 .comment       0x0000006e       0x6f Src/video.o

.debug_frame    0x00000000     0x276c
 .debug_frame   0x00000000       0x38 Drivers/CMSIS/Device/ST/STM32F3xx/Source/Templates/system_stm32f3xx.o
 .debug_frame   0x00000038      0x164 Drivers/STM32F3xx_HAL_Driver/Src/stm32f3xx_hal.o
 .debug_frame   0x0000019c      0x160 Drivers/STM32F3xx_HAL_Driver/Src/stm32f3xx_hal_cortex.o
 .debug_frame   0x000002fc      0x100 Drivers/STM32F3xx_HAL_Driver/Src/stm32f3xx_hal_gpio.o
 .debug_frame   0x000003fc      0x2a0 Drivers/STM32F3xx_HAL_Driver/Src/stm32f3xx_hal_pcd.o
 .debug_frame   0x0000069c       0x6c Drivers/STM32F3xx_HAL_Driver/Src/stm32f3xx_hal_pcd_ex.o
 .debug_frame   0x00000708      0x150 Drivers/STM32F3xx_HAL_Driver/Src/stm32f3xx_hal_rcc.o
 .debug_frame   0x00000858       0xb0 Drivers/STM32F3xx_HAL_Driver/Src/stm32f3xx_hal_rcc_ex.o
 .debug_frame   0x00000908      0x9c8 Drivers/STM32F3xx_HAL_Driver/Src/stm32f3xx_hal_tim.o
 .debug_frame   0x000012d0      0x488 Drivers/STM32F3xx_HAL_Driver/Src/stm32f3xx_hal_tim_ex.o
 .debug_frame   0x00001758      0x418 Drivers/STM32F3xx_HAL_Driver/Src/stm32f3xx_hal_uart.o
 .debug_frame   0x00001b70       0xc4 Drivers/STM32F3xx_HAL_Driver/Src/stm32f3xx_hal_uart_ex.o
 .debug_frame   0x00001c34      0x14c Middlewares/ST/STM32_USB_Device_Library/Class/CDC/Src/usbd_cdc.o
 .debug_frame   0x00001d80      0x1c0 Middlewares/ST/STM32_USB_Device_Library/Core/Src/usbd_core.o
 .debug_frame   0x00001f40       0xb0 Middlewares/ST/STM32_USB_Device_Library/Core/Src/usbd_ctlreq.o
 .debug_frame   0x00001ff0       0xb8 Middlewares/ST/STM32_USB_Device_Library/Core/Src/usbd_ioreq.o
 .debug_frame   0x000020a8       0x78 Src/main.o
 .debug_frame   0x00002120       0x94 Src/stm32f3xx_hal_msp.o
 .debug_frame   0x000021b4       0x64 Src/stm32f3xx_it.o
 .debug_frame   0x00002218       0x2c Src/usb_device.o
 .debug_frame   0x00002244       0x84 Src/usbd_cdc_if.o
 .debug_frame   0x000022c8      0x29c Src/usbd_conf.o
 .debug_frame   0x00002564       0xa8 Src/usbd_desc.o
 .debug_frame   0x0000260c       0xec Src/video.o
 .debug_frame   0x000026f8       0x2c f:/eclipse/plugins/fr.ac6.mcu.externaltools.arm-none.win32_1.7.0.201602121829/tools/compiler/bin/../lib/gcc/arm-none-eabi/5.2.1/../../../../arm-none-eabi/lib/armv7e-m/fpu\libc_nano.a(lib_a-init.o)
 .debug_frame   0x00002724       0x28 f:/eclipse/plugins/fr.ac6.mcu.externaltools.arm-none.win32_1.7.0.201602121829/tools/compiler/bin/../lib/gcc/arm-none-eabi/5.2.1/../../../../arm-none-eabi/lib/armv7e-m/fpu\libc_nano.a(lib_a-memcpy-stub.o)
 .debug_frame   0x0000274c       0x20 f:/eclipse/plugins/fr.ac6.mcu.externaltools.arm-none.win32_1.7.0.201602121829/tools/compiler/bin/../lib/gcc/arm-none-eabi/5.2.1/../../../../arm-none-eabi/lib/armv7e-m/fpu\libc_nano.a(lib_a-memset.o)
