Archive member included to satisfy reference by file (symbol)

c:/ac6/systemworkbench/plugins/fr.ac6.mcu.externaltools.arm-none.win32_1.7.0.201602121829/tools/compiler/bin/../lib/gcc/arm-none-eabi/5.2.1/../../../../arm-none-eabi/lib/armv7e-m/fpu\libc_nano.a(lib_a-exit.o)
                              c:/ac6/systemworkbench/plugins/fr.ac6.mcu.externaltools.arm-none.win32_1.7.0.201602121829/tools/compiler/bin/../lib/gcc/arm-none-eabi/5.2.1/../../../../arm-none-eabi/lib/armv7e-m/fpu/crt0.o (exit)
c:/ac6/systemworkbench/plugins/fr.ac6.mcu.externaltools.arm-none.win32_1.7.0.201602121829/tools/compiler/bin/../lib/gcc/arm-none-eabi/5.2.1/../../../../arm-none-eabi/lib/armv7e-m/fpu\libc_nano.a(lib_a-impure.o)
                              c:/ac6/systemworkbench/plugins/fr.ac6.mcu.externaltools.arm-none.win32_1.7.0.201602121829/tools/compiler/bin/../lib/gcc/arm-none-eabi/5.2.1/../../../../arm-none-eabi/lib/armv7e-m/fpu\libc_nano.a(lib_a-exit.o) (_global_impure_ptr)
c:/ac6/systemworkbench/plugins/fr.ac6.mcu.externaltools.arm-none.win32_1.7.0.201602121829/tools/compiler/bin/../lib/gcc/arm-none-eabi/5.2.1/../../../../arm-none-eabi/lib/armv7e-m/fpu\libc_nano.a(lib_a-init.o)
                              c:/ac6/systemworkbench/plugins/fr.ac6.mcu.externaltools.arm-none.win32_1.7.0.201602121829/tools/compiler/bin/../lib/gcc/arm-none-eabi/5.2.1/../../../../arm-none-eabi/lib/armv7e-m/fpu/crt0.o (__libc_init_array)
c:/ac6/systemworkbench/plugins/fr.ac6.mcu.externaltools.arm-none.win32_1.7.0.201602121829/tools/compiler/bin/../lib/gcc/arm-none-eabi/5.2.1/../../../../arm-none-eabi/lib/armv7e-m/fpu\libc_nano.a(lib_a-memcpy-stub.o)
                              Src/usbd_cdc_if.o (memcpy)
c:/ac6/systemworkbench/plugins/fr.ac6.mcu.externaltools.arm-none.win32_1.7.0.201602121829/tools/compiler/bin/../lib/gcc/arm-none-eabi/5.2.1/../../../../arm-none-eabi/lib/armv7e-m/fpu\libc_nano.a(lib_a-memset.o)
                              c:/ac6/systemworkbench/plugins/fr.ac6.mcu.externaltools.arm-none.win32_1.7.0.201602121829/tools/compiler/bin/../lib/gcc/arm-none-eabi/5.2.1/../../../../arm-none-eabi/lib/armv7e-m/fpu/crt0.o (memset)
c:/ac6/systemworkbench/plugins/fr.ac6.mcu.externaltools.arm-none.win32_1.7.0.201602121829/tools/compiler/bin/../lib/gcc/arm-none-eabi/5.2.1/../../../../arm-none-eabi/lib/armv7e-m/fpu\libc_nano.a(lib_a-strlen.o)
                              Src/strings.o (strlen)
c:/ac6/systemworkbench/plugins/fr.ac6.mcu.externaltools.arm-none.win32_1.7.0.201602121829/tools/compiler/bin/../lib/gcc/arm-none-eabi/5.2.1/../../../../arm-none-eabi/lib/armv7e-m/fpu\libnosys.a(_exit.o)
                              c:/ac6/systemworkbench/plugins/fr.ac6.mcu.externaltools.arm-none.win32_1.7.0.201602121829/tools/compiler/bin/../lib/gcc/arm-none-eabi/5.2.1/../../../../arm-none-eabi/lib/armv7e-m/fpu\libc_nano.a(lib_a-exit.o) (_exit)

Allocating common symbols
Common symbol       size              file

hUsbDeviceFS        0x224             Src/usb_device.o
user_rx_Buffer      0x40              Drivers/CMSIS/Device/ST/STM32F3xx/Source/Templates/system_stm32f3xx.o
uwTick              0x4               Drivers/STM32F3xx_HAL_Driver/Src/stm32f3xx_hal.o
pFlash              0x20              Drivers/STM32F3xx_HAL_Driver/Src/stm32f3xx_hal_flash.o
UserRxBufferFS      0x40              Src/usbd_cdc_if.o
UserTxBufferFS      0x40              Src/usbd_cdc_if.o
htim6               0x3c              Src/main.o
timer1              0x4               Src/main.o
huart2              0x70              Src/main.o
hpcd_USB_FS         0x3a8             Src/usbd_conf.o
USBD_StrDesc        0x200             Src/usbd_desc.o

Discarded input sections

 .text          0x00000000        0x0 c:/ac6/systemworkbench/plugins/fr.ac6.mcu.externaltools.arm-none.win32_1.7.0.201602121829/tools/compiler/bin/../lib/gcc/arm-none-eabi/5.2.1/armv7e-m/fpu/crti.o
 .data          0x00000000        0x0 c:/ac6/systemworkbench/plugins/fr.ac6.mcu.externaltools.arm-none.win32_1.7.0.201602121829/tools/compiler/bin/../lib/gcc/arm-none-eabi/5.2.1/armv7e-m/fpu/crti.o
 .bss           0x00000000        0x0 c:/ac6/systemworkbench/plugins/fr.ac6.mcu.externaltools.arm-none.win32_1.7.0.201602121829/tools/compiler/bin/../lib/gcc/arm-none-eabi/5.2.1/armv7e-m/fpu/crti.o
 .data          0x00000000        0x4 c:/ac6/systemworkbench/plugins/fr.ac6.mcu.externaltools.arm-none.win32_1.7.0.201602121829/tools/compiler/bin/../lib/gcc/arm-none-eabi/5.2.1/armv7e-m/fpu/crtbegin.o
 .text          0x00000000       0x74 c:/ac6/systemworkbench/plugins/fr.ac6.mcu.externaltools.arm-none.win32_1.7.0.201602121829/tools/compiler/bin/../lib/gcc/arm-none-eabi/5.2.1/../../../../arm-none-eabi/lib/armv7e-m/fpu/crt0.o
 .data          0x00000000        0x0 c:/ac6/systemworkbench/plugins/fr.ac6.mcu.externaltools.arm-none.win32_1.7.0.201602121829/tools/compiler/bin/../lib/gcc/arm-none-eabi/5.2.1/../../../../arm-none-eabi/lib/armv7e-m/fpu/crt0.o
[...]
Memory Configuration

Name             Origin             Length             Attributes
FLASH            0x08000000         0x00040000         xr
RAM              0x20000000         0x0000a000         xrw
CCMRAM           0x10000000         0x00002000         rw
*default*        0x00000000         0xffffffff

Linker script and memory map

LOAD c:/ac6/systemworkbench/plugins/fr.ac6.mcu.externaltools.arm-none.win32_1.7.0.201602121829/tools/compiler/bin/../lib/gcc/arm-none-eabi/5.2.1/armv7e-m/fpu/crti.o
LOAD c:/ac6/systemworkbench/plugins/fr.ac6.mcu.externaltools.arm-none.win32_1.7.0.201602121829/tools/compiler/bin/../lib/gcc/arm-none-eabi/5.2.1/armv7e-m/fpu/crtbegin.o
LOAD c:/ac6/systemworkbench/plugins/fr.ac6.mcu.externaltools.arm-none.win32_1.7.0.201602121829/tools/compiler/bin/../lib/gcc/arm-none-eabi/5.2.1/../../../../arm-none-eabi/lib/armv7e-m/fpu/crt0.o
LOAD c:/ac6/systemworkbench/plugins/fr.ac6.mcu.externaltools.arm-none.win32_1.7.0.201602121829/tools/compiler/bin/../lib/gcc/arm-none-eabi/5.2.1/../../../../arm-none-eabi/lib/armv7e-m/fpu\libm.a
LOAD Drivers/CMSIS/Device/ST/STM32F3xx/Source/Templates/gcc/startup_stm32f303xc.o
LOAD Drivers/CMSIS/Device/ST/STM32F3xx/Source/Templates/system_stm32f3xx.o
LOAD Drivers/STM32F3xx_HAL_Driver/Src/stm32f3xx_hal.o
LOAD Drivers/STM32F3xx_HAL_Driver/Src/stm32f3xx_hal_cortex.o
LOAD Drivers/STM32F3xx_HAL_Driver/Src/stm32f3xx_hal_dma.o
LOAD Drivers/STM32F3xx_HAL_Driver/Src/stm32f3xx_hal_flash.o
LOAD Drivers/STM32F3xx_HAL_Driver/Src/stm32f3xx_hal_flash_ex.o
LOAD Drivers/STM32F3xx_HAL_Driver/Src/stm32f3xx_hal_gpio.o
LOAD Drivers/STM32F3xx_HAL_Driver/Src/stm32f3xx_hal_i2c.o
LOAD Drivers/STM32F3xx_HAL_Driver/Src/stm32f3xx_hal_i2c_ex.o
LOAD Drivers/STM32F3xx_HAL_Driver/Src/stm32f3xx_hal_pcd.o
LOAD Drivers/STM32F3xx_HAL_Driver/Src/stm32f3xx_hal_pcd_ex.o
LOAD Drivers/STM32F3xx_HAL_Driver/Src/stm32f3xx_hal_pwr.o
LOAD Drivers/STM32F3xx_HAL_Driver/Src/stm32f3xx_hal_pwr_ex.o
LOAD Drivers/STM32F3xx_HAL_Driver/Src/stm32f3xx_hal_rcc.o
LOAD Drivers/STM32F3xx_HAL_Driver/Src/stm32f3xx_hal_rcc_ex.o
LOAD Drivers/STM32F3xx_HAL_Driver/Src/stm32f3xx_hal_tim.o
LOAD Drivers/STM32F3xx_HAL_Driver/Src/stm32f3xx_hal_tim_ex.o
LOAD Drivers/STM32F3xx_HAL_Driver/Src/stm32f3xx_hal_uart.o
LOAD Drivers/STM32F3xx_HAL_Driver/Src/stm32f3xx_hal_uart_ex.o
LOAD Middlewares/ST/STM32_USB_Device_Library/Class/CDC/Src/usbd_cdc.o
LOAD Middlewares/ST/STM32_USB_Device_Library/Core/Src/usbd_core.o
LOAD Middlewares/ST/STM32_USB_Device_Library/Core/Src/usbd_ctlreq.o
LOAD Middlewares/ST/STM32_USB_Device_Library/Core/Src/usbd_ioreq.o
LOAD Src/main.o
LOAD Src/stm32f3xx_hal_msp.o
LOAD Src/stm32f3xx_it.o
LOAD Src/strings.o
LOAD Src/usb_device.o
LOAD Src/usbd_cdc_if.o
LOAD Src/usbd_conf.o
LOAD Src/usbd_desc.o
START GROUP
LOAD c:/ac6/systemworkbench/plugins/fr.ac6.mcu.externaltools.arm-none.win32_1.7.0.201602121829/tools/compiler/bin/../lib/gcc/arm-none-eabi/5.2.1/armv7e-m/fpu\libgcc.a
LOAD c:/ac6/systemworkbench/plugins/fr.ac6.mcu.externaltools.arm-none.win32_1.7.0.201602121829/tools/compiler/bin/../lib/gcc/arm-none-eabi/5.2.1/../../../../arm-none-eabi/lib/armv7e-m/fpu\libc_nano.a
END GROUP
START GROUP
LOAD c:/ac6/systemworkbench/plugins/fr.ac6.mcu.externaltools.arm-none.win32_1.7.0.201602121829/tools/compiler/bin/../lib/gcc/arm-none-eabi/5.2.1/armv7e-m/fpu\libgcc.a
LOAD c:/ac6/systemworkbench/plugins/fr.ac6.mcu.externaltools.arm-none.win32_1.7.0.201602121829/tools/compiler/bin/../lib/gcc/arm-none-eabi/5.2.1/../../../../arm-none-eabi/lib/armv7e-m/fpu\libc_nano.a
LOAD c:/ac6/systemworkbench/plugins/fr.ac6.mcu.externaltools.arm-none.win32_1.7.0.201602121829/tools/compiler/bin/../lib/gcc/arm-none-eabi/5.2.1/../../../../arm-none-eabi/lib/armv7e-m/fpu\libnosys.a
END GROUP
START GROUP
LOAD c:/ac6/systemworkbench/plugins/fr.ac6.mcu.externaltools.arm-none.win32_1.7.0.201602121829/tools/compiler/bin/../lib/gcc/arm-none-eabi/5.2.1/armv7e-m/fpu\libgcc.a
LOAD c:/ac6/systemworkbench/plugins/fr.ac6.mcu.externaltools.arm-none.win32_1.7.0.201602121829/tools/compiler/bin/../lib/gcc/arm-none-eabi/5.2.1/../../../../arm-none-eabi/lib/armv7e-m/fpu\libc_nano.a
LOAD c:/ac6/systemworkbench/plugins/fr.ac6.mcu.externaltools.arm-none.win32_1.7.0.201602121829/tools/compiler/bin/../lib/gcc/arm-none-eabi/5.2.1/../../../../arm-none-eabi/lib/armv7e-m/fpu\libnosys.a
END GROUP
LOAD c:/ac6/systemworkbench/plugins/fr.ac6.mcu.externaltools.arm-none.win32_1.7.0.201602121829/tools/compiler/bin/../lib/gcc/arm-none-eabi/5.2.1/armv7e-m/fpu/crtend.o
LOAD c:/ac6/systemworkbench/plugins/fr.ac6.mcu.externaltools.arm-none.win32_1.7.0.201602121829/tools/compiler/bin/../lib/gcc/arm-none-eabi/5.2.1/armv7e-m/fpu/crtn.o
                0x2000a000                _estack = 0x2000a000
                0x00000200                _Min_Heap_Size = 0x200
                0x00000400                _Min_Stack_Size = 0x400

.isr_vector     0x08000000      0x188
                0x08000000                . = ALIGN (0x4)
 *(.isr_vector)
 .isr_vector    0x08000000      0x188 Drivers/CMSIS/Device/ST/STM32F3xx/Source/Templates/gcc/startup_stm32f303xc.o
                0x08000000                g_pfnVectors
                0x08000188                . = ALIGN (0x4)

.text           0x08000188     0x49ac
                0x08000188                . = ALIGN (0x4)
 *(.text)
 .text          0x08000188       0xa4 c:/ac6/systemworkbench/plugins/fr.ac6.mcu.externaltools.arm-none.win32_1.7.0.201602121829/tools/compiler/bin/../lib/gcc/arm-none-eabi/5.2.1/armv7e-m/fpu/crtbegin.o
 .text          0x0800022c       0x10 c:/ac6/systemworkbench/plugins/fr.ac6.mcu.externaltools.arm-none.win32_1.7.0.201602121829/tools/compiler/bin/../lib/gcc/arm-none-eabi/5.2.1/../../../../arm-none-eabi/lib/armv7e-m/fpu\libc_nano.a(lib_a-strlen.o)
                0x0800022c                strlen
 *(.text*)
 .text.Reset_Handler
                0x0800023c       0x50 Drivers/CMSIS/Device/ST/STM32F3xx/Source/Templates/gcc/startup_stm32f303xc.o
                0x0800023c                Reset_Handler
 .text.Default_Handler
                0x0800028c        0x2 Drivers/CMSIS/Device/ST/STM32F3xx/Source/Templates/gcc/startup_stm32f303xc.o
                0x0800028c                RTC_Alarm_IRQHandler
                0x0800028c                TIM8_TRG_COM_IRQHandler
                0x0800028c                TIM8_CC_IRQHandler
                0x0800028c                DebugMon_Handler
                0x0800028c                TIM1_CC_IRQHandler
                0x0800028c                HardFault_Handler
                0x0800028c                USB_HP_IRQHandler
                0x0800028c                PVD_IRQHandler
                0x0800028c                TAMP_STAMP_IRQHandler
                0x0800028c                PendSV_Handler
                0x0800028c                NMI_Handler
                0x0800028c                EXTI3_IRQHandler
                0x0800028c                USB_HP_CAN_TX_IRQHandler
                0x0800028c                EXTI0_IRQHandler
                0x0800028c                I2C2_EV_IRQHandler
                0x0800028c                FPU_IRQHandler
                0x0800028c                TIM1_UP_TIM16_IRQHandler
                0x0800028c                UsageFault_Handler
                0x0800028c                ADC1_2_IRQHandler
                0x0800028c                SPI1_IRQHandler
                0x0800028c                CAN_SCE_IRQHandler
                0x0800028c                TIM8_UP_IRQHandler
                0x0800028c                DMA2_Channel2_IRQHandler
                0x0800028c                DMA1_Channel4_IRQHandler
                0x0800028c                USART3_IRQHandler
                0x0800028c                DMA1_Channel7_IRQHandler
                0x0800028c                UART5_IRQHandler
                0x0800028c                ADC3_IRQHandler
                0x0800028c                TIM4_IRQHandler
                0x0800028c                CAN_RX1_IRQHandler
                0x0800028c                DMA2_Channel1_IRQHandler
                0x0800028c                I2C1_EV_IRQHandler
                0x0800028c                DMA1_Channel6_IRQHandler
                0x0800028c                UART4_IRQHandler
                0x0800028c                DMA2_Channel4_IRQHandler
                0x0800028c                TIM3_IRQHandler
                0x0800028c                RCC_IRQHandler
                0x0800028c                DMA1_Channel1_IRQHandler
                0x0800028c                Default_Handler
                0x0800028c                USBWakeUp_RMP_IRQHandler
                0x0800028c                EXTI15_10_IRQHandler
                0x0800028c                TIM7_IRQHandler
                0x0800028c                EXTI9_5_IRQHandler
                0x0800028c                RTC_WKUP_IRQHandler
                0x0800028c                SPI2_IRQHandler
                0x0800028c                MemManage_Handler
                0x0800028c                SVC_Handler
                0x0800028c                DMA2_Channel5_IRQHandler
                0x0800028c                DMA1_Channel5_IRQHandler
                0x0800028c                USB_LP_IRQHandler
                0x0800028c                EXTI4_IRQHandler
                0x0800028c                TIM1_TRG_COM_TIM17_IRQHandler
                0x0800028c                DMA1_Channel3_IRQHandler
                0x0800028c                ADC4_IRQHandler
                0x0800028c                WWDG_IRQHandler
                0x0800028c                TIM2_IRQHandler
                0x0800028c                COMP7_IRQHandler
                0x0800028c                COMP1_2_3_IRQHandler
                0x0800028c                EXTI1_IRQHandler
                0x0800028c                COMP4_5_6_IRQHandler
                0x0800028c                I2C2_ER_IRQHandler
                0x0800028c                DMA1_Channel2_IRQHandler
                0x0800028c                TIM8_BRK_IRQHandler
                0x0800028c                FLASH_IRQHandler
                0x0800028c                BusFault_Handler
                0x0800028c                USART1_IRQHandler
                0x0800028c                SPI3_IRQHandler
                0x0800028c                I2C1_ER_IRQHandler
                0x0800028c                USBWakeUp_IRQHandler
                0x0800028c                DMA2_Channel3_IRQHandler
                0x0800028c                EXTI2_TSC_IRQHandler
                0x0800028c                TIM1_BRK_TIM15_IRQHandler
 *fill*         0x0800028e        0x2 
 .text.SystemInit
                0x08000290       0x68 Drivers/CMSIS/Device/ST/STM32F3xx/Source/Templates/system_stm32f3xx.o
                0x08000290                SystemInit
 .text.HAL_InitTick
                0x080002f8       0x2c Drivers/STM32F3xx_HAL_Driver/Src/stm32f3xx_hal.o
                0x080002f8                HAL_InitTick
 .text.HAL_Init
                0x08000324       0x24 Drivers/STM32F3xx_HAL_Driver/Src/stm32f3xx_hal.o
                0x08000324                HAL_Init
 .text.HAL_IncTick
                0x08000348       0x10 Drivers/STM32F3xx_HAL_Driver/Src/stm32f3xx_hal.o
                0x08000348                HAL_IncTick
 .text.HAL_GetTick
                0x08000358        0xc Drivers/STM32F3xx_HAL_Driver/Src/stm32f3xx_hal.o
                0x08000358                HAL_GetTick
 .text.HAL_Delay
                0x08000364       0x1c Drivers/STM32F3xx_HAL_Driver/Src/stm32f3xx_hal.o
                0x08000364                HAL_Delay
 .text.HAL_NVIC_SetPriorityGrouping
                0x08000380       0x3c Drivers/STM32F3xx_HAL_Driver/Src/stm32f3xx_hal_cortex.o
                0x08000380                HAL_NVIC_SetPriorityGrouping
 .text.HAL_NVIC_SetPriority
                0x080003bc       0x84 Drivers/STM32F3xx_HAL_Driver/Src/stm32f3xx_hal_cortex.o
                0x080003bc                HAL_NVIC_SetPriority
 .text.HAL_NVIC_EnableIRQ
                0x08000440       0x2c Drivers/STM32F3xx_HAL_Driver/Src/stm32f3xx_hal_cortex.o
                0x08000440                HAL_NVIC_EnableIRQ
 .text.HAL_SYSTICK_Config
                0x0800046c       0x2c Drivers/STM32F3xx_HAL_Driver/Src/stm32f3xx_hal_cortex.o
                0x0800046c                HAL_SYSTICK_Config
 .text.HAL_SYSTICK_CLKSourceConfig
                0x08000498       0x38 Drivers/STM32F3xx_HAL_Driver/Src/stm32f3xx_hal_cortex.o
                0x08000498                HAL_SYSTICK_CLKSourceConfig
 .text.HAL_SYSTICK_Callback
                0x080004d0        0x4 Drivers/STM32F3xx_HAL_Driver/Src/stm32f3xx_hal_cortex.o
                0x080004d0                HAL_SYSTICK_Callback
 .text.HAL_SYSTICK_IRQHandler
                0x080004d4        0x8 Drivers/STM32F3xx_HAL_Driver/Src/stm32f3xx_hal_cortex.o
                0x080004d4                HAL_SYSTICK_IRQHandler
 .text.HAL_GPIO_Init
                0x080004dc      0x2a8 Drivers/STM32F3xx_HAL_Driver/Src/stm32f3xx_hal_gpio.o
                0x080004dc                HAL_GPIO_Init
 .text.HAL_GPIO_WritePin
                0x08000784       0x30 Drivers/STM32F3xx_HAL_Driver/Src/stm32f3xx_hal_gpio.o
                0x08000784                HAL_GPIO_WritePin
 .text.HAL_PCD_Init
                0x080007b4       0xc8 Drivers/STM32F3xx_HAL_Driver/Src/stm32f3xx_hal_pcd.o
                0x080007b4                HAL_PCD_Init
 .text.HAL_PCD_Start
                0x0800087c        0xc Drivers/STM32F3xx_HAL_Driver/Src/stm32f3xx_hal_pcd.o
                0x0800087c                HAL_PCD_Start
 .text.HAL_PCD_SetAddress
                0x08000888       0x2c Drivers/STM32F3xx_HAL_Driver/Src/stm32f3xx_hal_pcd.o
                0x08000888                HAL_PCD_SetAddress
 .text.HAL_PCD_EP_Open
                0x080008b4      0x3c8 Drivers/STM32F3xx_HAL_Driver/Src/stm32f3xx_hal_pcd.o
                0x080008b4                HAL_PCD_EP_Open
 .text.HAL_PCD_EP_Close
                0x08000c7c      0x238 Drivers/STM32F3xx_HAL_Driver/Src/stm32f3xx_hal_pcd.o
                0x08000c7c                HAL_PCD_EP_Close
 .text.HAL_PCD_EP_Receive
                0x08000eb4      0x190 Drivers/STM32F3xx_HAL_Driver/Src/stm32f3xx_hal_pcd.o
                0x08000eb4                HAL_PCD_EP_Receive
 .text.HAL_PCD_EP_GetRxCount
                0x08001044       0x14 Drivers/STM32F3xx_HAL_Driver/Src/stm32f3xx_hal_pcd.o
                0x08001044                HAL_PCD_EP_GetRxCount
 .text.HAL_PCD_EP_Transmit
                0x08001058      0x164 Drivers/STM32F3xx_HAL_Driver/Src/stm32f3xx_hal_pcd.o
                0x08001058                HAL_PCD_EP_Transmit
 .text.PCD_EP_ISR_Handler
                0x080011bc      0x4a8 Drivers/STM32F3xx_HAL_Driver/Src/stm32f3xx_hal_pcd.o
 .text.HAL_PCD_IRQHandler
                0x08001664      0x154 Drivers/STM32F3xx_HAL_Driver/Src/stm32f3xx_hal_pcd.o
                0x08001664                HAL_PCD_IRQHandler
 .text.HAL_PCD_EP_SetStall
                0x080017b8       0xc4 Drivers/STM32F3xx_HAL_Driver/Src/stm32f3xx_hal_pcd.o
                0x080017b8                HAL_PCD_EP_SetStall
 .text.HAL_PCD_EP_ClrStall
                0x0800187c       0xf0 Drivers/STM32F3xx_HAL_Driver/Src/stm32f3xx_hal_pcd.o
                0x0800187c                HAL_PCD_EP_ClrStall
 .text.HAL_PCDEx_PMAConfig
                0x0800196c       0x40 Drivers/STM32F3xx_HAL_Driver/Src/stm32f3xx_hal_pcd_ex.o
                0x0800196c                HAL_PCDEx_PMAConfig
 .text.PCD_WritePMA
                0x080019ac       0x2c Drivers/STM32F3xx_HAL_Driver/Src/stm32f3xx_hal_pcd_ex.o
                0x080019ac                PCD_WritePMA
 .text.PCD_ReadPMA
                0x080019d8       0x20 Drivers/STM32F3xx_HAL_Driver/Src/stm32f3xx_hal_pcd_ex.o
                0x080019d8                PCD_ReadPMA
 .text.HAL_RCC_OscConfig
                0x080019f8      0x734 Drivers/STM32F3xx_HAL_Driver/Src/stm32f3xx_hal_rcc.o
                0x080019f8                HAL_RCC_OscConfig
 .text.HAL_RCC_GetSysClockFreq
                0x0800212c       0x74 Drivers/STM32F3xx_HAL_Driver/Src/stm32f3xx_hal_rcc.o
                0x0800212c                HAL_RCC_GetSysClockFreq
 .text.HAL_RCC_ClockConfig
                0x080021a0      0x2a4 Drivers/STM32F3xx_HAL_Driver/Src/stm32f3xx_hal_rcc.o
                0x080021a0                HAL_RCC_ClockConfig
 .text.HAL_RCC_GetHCLKFreq
                0x08002444        0xc Drivers/STM32F3xx_HAL_Driver/Src/stm32f3xx_hal_rcc.o
                0x08002444                HAL_RCC_GetHCLKFreq
 .text.HAL_RCC_GetPCLK1Freq
                0x08002450       0x30 Drivers/STM32F3xx_HAL_Driver/Src/stm32f3xx_hal_rcc.o
                0x08002450                HAL_RCC_GetPCLK1Freq
 .text.HAL_RCC_GetPCLK2Freq
                0x08002480       0x30 Drivers/STM32F3xx_HAL_Driver/Src/stm32f3xx_hal_rcc.o
                0x08002480                HAL_RCC_GetPCLK2Freq
 .text.HAL_RCCEx_PeriphCLKConfig
                0x080024b0      0x448 Drivers/STM32F3xx_HAL_Driver/Src/stm32f3xx_hal_rcc_ex.o
                0x080024b0                HAL_RCCEx_PeriphCLKConfig
 .text.HAL_TIM_Base_Start_IT
                0x080028f8       0x7c Drivers/STM32F3xx_HAL_Driver/Src/stm32f3xx_hal_tim.o
                0x080028f8                HAL_TIM_Base_Start_IT
 .text.HAL_TIM_PeriodElapsedCallback
                0x08002974        0x4 Drivers/STM32F3xx_HAL_Driver/Src/stm32f3xx_hal_tim.o
                0x08002974                HAL_TIM_PeriodElapsedCallback
 .text.HAL_TIM_OC_DelayElapsedCallback
                0x08002978        0x4 Drivers/STM32F3xx_HAL_Driver/Src/stm32f3xx_hal_tim.o
                0x08002978                HAL_TIM_OC_DelayElapsedCallback
 .text.HAL_TIM_IC_CaptureCallback
                0x0800297c        0x4 Drivers/STM32F3xx_HAL_Driver/Src/stm32f3xx_hal_tim.o
                0x0800297c                HAL_TIM_IC_CaptureCallback
 .text.HAL_TIM_PWM_PulseFinishedCallback
                0x08002980        0x4 Drivers/STM32F3xx_HAL_Driver/Src/stm32f3xx_hal_tim.o
                0x08002980                HAL_TIM_PWM_PulseFinishedCallback
 .text.HAL_TIM_TriggerCallback
                0x08002984        0x4 Drivers/STM32F3xx_HAL_Driver/Src/stm32f3xx_hal_tim.o
                0x08002984                HAL_TIM_TriggerCallback
 .text.HAL_TIM_IRQHandler
                0x08002988      0x174 Drivers/STM32F3xx_HAL_Driver/Src/stm32f3xx_hal_tim.o
                0x08002988                HAL_TIM_IRQHandler
 .text.TIM_Base_SetConfig
                0x08002afc       0xb0 Drivers/STM32F3xx_HAL_Driver/Src/stm32f3xx_hal_tim.o
                0x08002afc                TIM_Base_SetConfig
 .text.HAL_TIM_Base_Init
                0x08002bac       0xcc Drivers/STM32F3xx_HAL_Driver/Src/stm32f3xx_hal_tim.o
                0x08002bac                HAL_TIM_Base_Init
 .text.HAL_TIMEx_MasterConfigSynchronization
                0x08002c78      0x14c Drivers/STM32F3xx_HAL_Driver/Src/stm32f3xx_hal_tim_ex.o
                0x08002c78                HAL_TIMEx_MasterConfigSynchronization
 .text.HAL_TIMEx_CommutationCallback
                0x08002dc4        0x4 Drivers/STM32F3xx_HAL_Driver/Src/stm32f3xx_hal_tim_ex.o
                0x08002dc4                HAL_TIMEx_CommutationCallback
 .text.HAL_TIMEx_BreakCallback
                0x08002dc8        0x4 Drivers/STM32F3xx_HAL_Driver/Src/stm32f3xx_hal_tim_ex.o
                0x08002dc8                HAL_TIMEx_BreakCallback
 .text.USER_UART_Receive_IT
                0x08002dcc       0x6c Drivers/STM32F3xx_HAL_Driver/Src/stm32f3xx_hal_uart.o
                0x08002dcc                USER_UART_Receive_IT
 .text.USER_UART_clear_rx
                0x08002e38       0x18 Drivers/STM32F3xx_HAL_Driver/Src/stm32f3xx_hal_uart.o
                0x08002e38                USER_UART_clear_rx
 .text.USER_UART_enable_RX_IT
                0x08002e50       0x20 Drivers/STM32F3xx_HAL_Driver/Src/stm32f3xx_hal_uart.o
                0x08002e50                USER_UART_enable_RX_IT
 .text.HAL_UART_Transmit_IT
                0x08002e70       0x4c Drivers/STM32F3xx_HAL_Driver/Src/stm32f3xx_hal_uart.o
                0x08002e70                HAL_UART_Transmit_IT
 .text.HAL_UART_TxCpltCallback
                0x08002ebc        0x4 Drivers/STM32F3xx_HAL_Driver/Src/stm32f3xx_hal_uart.o
                0x08002ebc                HAL_UART_TxCpltCallback
 .text.HAL_UART_ErrorCallback
                0x08002ec0        0x4 Drivers/STM32F3xx_HAL_Driver/Src/stm32f3xx_hal_uart.o
                0x08002ec0                HAL_UART_ErrorCallback
 .text.UART_SetConfig
                0x08002ec4      0x364 Drivers/STM32F3xx_HAL_Driver/Src/stm32f3xx_hal_uart.o
                0x08002ec4                UART_SetConfig
 .text.UART_AdvFeatureConfig
                0x08003228      0x1c8 Drivers/STM32F3xx_HAL_Driver/Src/stm32f3xx_hal_uart.o
                0x08003228                UART_AdvFeatureConfig
 .text.UART_WaitOnFlagUntilTimeout
                0x080033f0       0xdc Drivers/STM32F3xx_HAL_Driver/Src/stm32f3xx_hal_uart.o
                0x080033f0                UART_WaitOnFlagUntilTimeout
 .text.UART_CheckIdleState
                0x080034cc       0x58 Drivers/STM32F3xx_HAL_Driver/Src/stm32f3xx_hal_uart.o
                0x080034cc                UART_CheckIdleState
 .text.UART_Transmit_IT
                0x08003524       0x68 Drivers/STM32F3xx_HAL_Driver/Src/stm32f3xx_hal_uart.o
                0x08003524                UART_Transmit_IT
 .text.UART_EndTransmit_IT
                0x0800358c       0x1c Drivers/STM32F3xx_HAL_Driver/Src/stm32f3xx_hal_uart.o
                0x0800358c                UART_EndTransmit_IT
 .text.HAL_UART_IRQHandler
                0x080035a8      0x100 Drivers/STM32F3xx_HAL_Driver/Src/stm32f3xx_hal_uart.o
                0x080035a8                HAL_UART_IRQHandler
 .text.HAL_RS485Ex_Init
                0x080036a8       0xdc Drivers/STM32F3xx_HAL_Driver/Src/stm32f3xx_hal_uart_ex.o
                0x080036a8                HAL_RS485Ex_Init
 .text.HAL_UARTEx_WakeupCallback
                0x08003784        0x4 Drivers/STM32F3xx_HAL_Driver/Src/stm32f3xx_hal_uart_ex.o
                0x08003784                HAL_UARTEx_WakeupCallback
 .text.USBD_CDC_DataIn
                0x08003788       0x14 Middlewares/ST/STM32_USB_Device_Library/Class/CDC/Src/usbd_cdc.o
 .text.USBD_CDC_EP0_RxReady
                0x0800379c       0x28 Middlewares/ST/STM32_USB_Device_Library/Class/CDC/Src/usbd_cdc.o
 .text.USBD_CDC_GetFSCfgDesc
                0x080037c4        0xc Middlewares/ST/STM32_USB_Device_Library/Class/CDC/Src/usbd_cdc.o
 .text.USBD_CDC_GetHSCfgDesc
                0x080037d0        0xc Middlewares/ST/STM32_USB_Device_Library/Class/CDC/Src/usbd_cdc.o
 .text.USBD_CDC_GetOtherSpeedCfgDesc
                0x080037dc        0xc Middlewares/ST/STM32_USB_Device_Library/Class/CDC/Src/usbd_cdc.o
 .text.USBD_CDC_GetDeviceQualifierDescriptor
                0x080037e8        0xc Middlewares/ST/STM32_USB_Device_Library/Class/CDC/Src/usbd_cdc.o
                0x080037e8                USBD_CDC_GetDeviceQualifierDescriptor
 .text.USBD_CDC_DataOut
                0x080037f4       0x30 Middlewares/ST/STM32_USB_Device_Library/Class/CDC/Src/usbd_cdc.o
 .text.USBD_CDC_Setup
                0x08003824       0x74 Middlewares/ST/STM32_USB_Device_Library/Class/CDC/Src/usbd_cdc.o
 .text.USBD_CDC_DeInit
                0x08003898       0x3c Middlewares/ST/STM32_USB_Device_Library/Class/CDC/Src/usbd_cdc.o
 .text.USBD_CDC_Init
                0x080038d4       0x98 Middlewares/ST/STM32_USB_Device_Library/Class/CDC/Src/usbd_cdc.o
 .text.USBD_CDC_RegisterInterface
                0x0800396c       0x10 Middlewares/ST/STM32_USB_Device_Library/Class/CDC/Src/usbd_cdc.o
                0x0800396c                USBD_CDC_RegisterInterface
 .text.USBD_CDC_SetTxBuffer
                0x0800397c       0x10 Middlewares/ST/STM32_USB_Device_Library/Class/CDC/Src/usbd_cdc.o
                0x0800397c                USBD_CDC_SetTxBuffer
 .text.USBD_CDC_SetRxBuffer
                0x0800398c        0xc Middlewares/ST/STM32_USB_Device_Library/Class/CDC/Src/usbd_cdc.o
                0x0800398c                USBD_CDC_SetRxBuffer
 .text.USBD_CDC_ReceivePacket
                0x08003998       0x34 Middlewares/ST/STM32_USB_Device_Library/Class/CDC/Src/usbd_cdc.o
                0x08003998                USBD_CDC_ReceivePacket
 .text.USBD_Init
                0x080039cc       0x30 Middlewares/ST/STM32_USB_Device_Library/Core/Src/usbd_core.o
                0x080039cc                USBD_Init
 .text.USBD_RegisterClass
                0x080039fc       0x10 Middlewares/ST/STM32_USB_Device_Library/Core/Src/usbd_core.o
                0x080039fc                USBD_RegisterClass
 .text.USBD_Start
                0x08003a0c        0xc Middlewares/ST/STM32_USB_Device_Library/Core/Src/usbd_core.o
                0x08003a0c                USBD_Start
 .text.USBD_SetClassConfig
                0x08003a18       0x1c Middlewares/ST/STM32_USB_Device_Library/Core/Src/usbd_core.o
                0x08003a18                USBD_SetClassConfig
 .text.USBD_ClrClassConfig
                0x08003a34       0x10 Middlewares/ST/STM32_USB_Device_Library/Core/Src/usbd_core.o
                0x08003a34                USBD_ClrClassConfig
 .text.USBD_LL_SetupStage
                0x08003a44       0x5c Middlewares/ST/STM32_USB_Device_Library/Core/Src/usbd_core.o
                0x08003a44                USBD_LL_SetupStage
 .text.USBD_LL_DataOutStage
                0x08003aa0       0x68 Middlewares/ST/STM32_USB_Device_Library/Core/Src/usbd_core.o
                0x08003aa0                USBD_LL_DataOutStage
 .text.USBD_LL_DataInStage
                0x08003b08       0xac Middlewares/ST/STM32_USB_Device_Library/Core/Src/usbd_core.o
                0x08003b08                USBD_LL_DataInStage
 .text.USBD_LL_Reset
                0x08003bb4       0x40 Middlewares/ST/STM32_USB_Device_Library/Core/Src/usbd_core.o
                0x08003bb4                USBD_LL_Reset
 .text.USBD_LL_SetSpeed
                0x08003bf4        0x8 Middlewares/ST/STM32_USB_Device_Library/Core/Src/usbd_core.o
                0x08003bf4                USBD_LL_SetSpeed
 .text.USBD_LL_Suspend
                0x08003bfc       0x14 Middlewares/ST/STM32_USB_Device_Library/Core/Src/usbd_core.o
                0x08003bfc                USBD_LL_Suspend
 .text.USBD_LL_Resume
                0x08003c10        0xc Middlewares/ST/STM32_USB_Device_Library/Core/Src/usbd_core.o
                0x08003c10                USBD_LL_Resume
 .text.USBD_LL_SOF
                0x08003c1c       0x18 Middlewares/ST/STM32_USB_Device_Library/Core/Src/usbd_core.o
                0x08003c1c                USBD_LL_SOF
 .text.USBD_GetLen
                0x08003c34       0x14 Middlewares/ST/STM32_USB_Device_Library/Core/Src/usbd_ctlreq.o
 .text.USBD_SetFeature
                0x08003c48       0x20 Middlewares/ST/STM32_USB_Device_Library/Core/Src/usbd_ctlreq.o
 .text.USBD_ParseSetupRequest
                0x08003c68       0x28 Middlewares/ST/STM32_USB_Device_Library/Core/Src/usbd_ctlreq.o
                0x08003c68                USBD_ParseSetupRequest
 .text.USBD_CtlError
                0x08003c90       0x14 Middlewares/ST/STM32_USB_Device_Library/Core/Src/usbd_ctlreq.o
                0x08003c90                USBD_CtlError
 .text.USBD_GetDescriptor
                0x08003ca4      0x130 Middlewares/ST/STM32_USB_Device_Library/Core/Src/usbd_ctlreq.o
 .text.USBD_SetAddress
                0x08003dd4       0x4c Middlewares/ST/STM32_USB_Device_Library/Core/Src/usbd_ctlreq.o
 .text.USBD_SetConfig
                0x08003e20       0xa8 Middlewares/ST/STM32_USB_Device_Library/Core/Src/usbd_ctlreq.o
 .text.USBD_GetConfig
                0x08003ec8       0x3c Middlewares/ST/STM32_USB_Device_Library/Core/Src/usbd_ctlreq.o
 .text.USBD_GetStatus
                0x08003f04       0x2c Middlewares/ST/STM32_USB_Device_Library/Core/Src/usbd_ctlreq.o
 .text.USBD_ClrFeature
                0x08003f30       0x30 Middlewares/ST/STM32_USB_Device_Library/Core/Src/usbd_ctlreq.o
 .text.USBD_StdDevReq
                0x08003f60       0x48 Middlewares/ST/STM32_USB_Device_Library/Core/Src/usbd_ctlreq.o
                0x08003f60                USBD_StdDevReq
 .text.USBD_StdItfReq
                0x08003fa8       0x38 Middlewares/ST/STM32_USB_Device_Library/Core/Src/usbd_ctlreq.o
                0x08003fa8                USBD_StdItfReq
 .text.USBD_StdEPReq
                0x08003fe0      0x11c Middlewares/ST/STM32_USB_Device_Library/Core/Src/usbd_ctlreq.o
                0x08003fe0                USBD_StdEPReq
 .text.USBD_GetString
                0x080040fc       0x3c Middlewares/ST/STM32_USB_Device_Library/Core/Src/usbd_ctlreq.o
                0x080040fc                USBD_GetString
 .text.USBD_CtlSendData
                0x08004138       0x1c Middlewares/ST/STM32_USB_Device_Library/Core/Src/usbd_ioreq.o
                0x08004138                USBD_CtlSendData
 .text.USBD_CtlContinueSendData
                0x08004154       0x10 Middlewares/ST/STM32_USB_Device_Library/Core/Src/usbd_ioreq.o
                0x08004154                USBD_CtlContinueSendData
 .text.USBD_CtlPrepareRx
                0x08004164       0x20 Middlewares/ST/STM32_USB_Device_Library/Core/Src/usbd_ioreq.o
                0x08004164                USBD_CtlPrepareRx
 .text.USBD_CtlContinueRx
                0x08004184       0x10 Middlewares/ST/STM32_USB_Device_Library/Core/Src/usbd_ioreq.o
                0x08004184                USBD_CtlContinueRx
 .text.USBD_CtlSendStatus
                0x08004194       0x18 Middlewares/ST/STM32_USB_Device_Library/Core/Src/usbd_ioreq.o
                0x08004194                USBD_CtlSendStatus
 .text.USBD_CtlReceiveStatus
                0x080041ac       0x18 Middlewares/ST/STM32_USB_Device_Library/Core/Src/usbd_ioreq.o
                0x080041ac                USBD_CtlReceiveStatus
 .text.MX_GPIO_Init
                0x080041c4       0xec Src/main.o
 .text.Error_Handler
                0x080042b0        0x4 Src/main.o
                0x080042b0                Error_Handler
 .text.MX_TIM6_Init
                0x080042b4       0x48 Src/main.o
 .text.MX_USART2_UART_Init
                0x080042fc       0x3c Src/main.o
 .text.SystemClock_Config
                0x08004338       0x94 Src/main.o
                0x08004338                SystemClock_Config
 .text.main     0x080043cc      0x150 Src/main.o
                0x080043cc                main
 .text.assert_failed
                0x0800451c        0x4 Src/main.o
                0x0800451c                assert_failed
 .text.HAL_MspInit
                0x08004520       0x7c Src/stm32f3xx_hal_msp.o
                0x08004520                HAL_MspInit
 .text.HAL_TIM_Base_MspInit
                0x0800459c       0x40 Src/stm32f3xx_hal_msp.o
                0x0800459c                HAL_TIM_Base_MspInit
 .text.HAL_UART_MspInit
                0x080045dc       0x70 Src/stm32f3xx_hal_msp.o
                0x080045dc                HAL_UART_MspInit
 .text.SysTick_Handler
                0x0800464c        0xc Src/stm32f3xx_it.o
                0x0800464c                SysTick_Handler
 .text.USB_LP_CAN_RX0_IRQHandler
                0x08004658       0x10 Src/stm32f3xx_it.o
                0x08004658                USB_LP_CAN_RX0_IRQHandler
 .text.USART2_IRQHandler
                0x08004668       0x10 Src/stm32f3xx_it.o
                0x08004668                USART2_IRQHandler
 .text.TIM6_DAC_IRQHandler
                0x08004678       0x24 Src/stm32f3xx_it.o
                0x08004678                TIM6_DAC_IRQHandler
 .text.Strings_put_string
                0x0800469c       0x70 Src/strings.o
                0x0800469c                Strings_put_string
 .text.MX_USB_DEVICE_Init
                0x0800470c       0x38 Src/usb_device.o
                0x0800470c                MX_USB_DEVICE_Init
 .text.CDC_DeInit_FS
                0x08004744        0x4 Src/usbd_cdc_if.o
 .text.CDC_Control_FS
                0x08004748        0x4 Src/usbd_cdc_if.o
 .text.CDC_Receive_FS
                0x0800474c       0x2c Src/usbd_cdc_if.o
 .text.CDC_Init_FS
                0x08004778       0x28 Src/usbd_cdc_if.o
 .text.HAL_PCD_MspInit
                0x080047a0       0x60 Src/usbd_conf.o
                0x080047a0                HAL_PCD_MspInit
 .text.HAL_PCD_SetupStageCallback
                0x08004800       0x10 Src/usbd_conf.o
                0x08004800                HAL_PCD_SetupStageCallback
 .text.HAL_PCD_DataOutStageCallback
                0x08004810       0x18 Src/usbd_conf.o
                0x08004810                HAL_PCD_DataOutStageCallback
 .text.HAL_PCD_DataInStageCallback
                0x08004828       0x18 Src/usbd_conf.o
                0x08004828                HAL_PCD_DataInStageCallback
 .text.HAL_PCD_SOFCallback
                0x08004840        0xc Src/usbd_conf.o
                0x08004840                HAL_PCD_SOFCallback
 .text.HAL_PCD_ResetCallback
                0x0800484c       0x18 Src/usbd_conf.o
                0x0800484c                HAL_PCD_ResetCallback
 .text.HAL_PCD_SuspendCallback
                0x08004864       0x20 Src/usbd_conf.o
                0x08004864                HAL_PCD_SuspendCallback
 .text.HAL_PCD_ResumeCallback
                0x08004884        0xc Src/usbd_conf.o
                0x08004884                HAL_PCD_ResumeCallback
 .text.USBD_LL_Init
                0x08004890       0x84 Src/usbd_conf.o
                0x08004890                USBD_LL_Init
 .text.USBD_LL_Start
                0x08004914       0x10 Src/usbd_conf.o
                0x08004914                USBD_LL_Start
 .text.USBD_LL_OpenEP
                0x08004924       0x14 Src/usbd_conf.o
                0x08004924                USBD_LL_OpenEP
 .text.USBD_LL_CloseEP
                0x08004938       0x10 Src/usbd_conf.o
                0x08004938                USBD_LL_CloseEP
 .text.USBD_LL_StallEP
                0x08004948       0x10 Src/usbd_conf.o
                0x08004948                USBD_LL_StallEP
 .text.USBD_LL_ClearStallEP
                0x08004958       0x10 Src/usbd_conf.o
                0x08004958                USBD_LL_ClearStallEP
 .text.USBD_LL_IsStallEP
                0x08004968       0x30 Src/usbd_conf.o
                0x08004968                USBD_LL_IsStallEP
 .text.USBD_LL_SetUSBAddress
                0x08004998       0x10 Src/usbd_conf.o
                0x08004998                USBD_LL_SetUSBAddress
 .text.USBD_LL_Transmit
                0x080049a8       0x10 Src/usbd_conf.o
                0x080049a8                USBD_LL_Transmit
 .text.USBD_LL_PrepareReceive
                0x080049b8       0x10 Src/usbd_conf.o
                0x080049b8                USBD_LL_PrepareReceive
 .text.USBD_LL_GetRxDataSize
                0x080049c8        0xc Src/usbd_conf.o
                0x080049c8                USBD_LL_GetRxDataSize
 .text.USBD_static_malloc
                0x080049d4        0x8 Src/usbd_conf.o
                0x080049d4                USBD_static_malloc
 .text.USBD_static_free
                0x080049dc        0x4 Src/usbd_conf.o
                0x080049dc                USBD_static_free
 .text.HAL_PCDEx_SetConnectionState
                0x080049e0        0x4 Src/usbd_conf.o
                0x080049e0                HAL_PCDEx_SetConnectionState
 .text.USBD_FS_DeviceDescriptor
                0x080049e4        0xc Src/usbd_desc.o
                0x080049e4                USBD_FS_DeviceDescriptor
 .text.USBD_FS_LangIDStrDescriptor
                0x080049f0        0xc Src/usbd_desc.o
                0x080049f0                USBD_FS_LangIDStrDescriptor
 .text.USBD_FS_ProductStrDescriptor
                0x080049fc       0x24 Src/usbd_desc.o
                0x080049fc                USBD_FS_ProductStrDescriptor
 .text.USBD_FS_ManufacturerStrDescriptor
                0x08004a20       0x1c Src/usbd_desc.o
                0x08004a20                USBD_FS_ManufacturerStrDescriptor
 .text.USBD_FS_SerialStrDescriptor
                0x08004a3c       0x24 Src/usbd_desc.o
                0x08004a3c                USBD_FS_SerialStrDescriptor
 .text.USBD_FS_ConfigStrDescriptor
                0x08004a60       0x24 Src/usbd_desc.o
                0x08004a60                USBD_FS_ConfigStrDescriptor
 .text.USBD_FS_InterfaceStrDescriptor
                0x08004a84       0x24 Src/usbd_desc.o
                0x08004a84                USBD_FS_InterfaceStrDescriptor
 .text.__libc_init_array
                0x08004aa8       0x4c c:/ac6/systemworkbench/plugins/fr.ac6.mcu.externaltools.arm-none.win32_1.7.0.201602121829/tools/compiler/bin/../lib/gcc/arm-none-eabi/5.2.1/../../../../arm-none-eabi/lib/armv7e-m/fpu\libc_nano.a(lib_a-init.o)
                0x08004aa8                __libc_init_array
 .text.memcpy   0x08004af4       0x16 c:/ac6/systemworkbench/plugins/fr.ac6.mcu.externaltools.arm-none.win32_1.7.0.201602121829/tools/compiler/bin/../lib/gcc/arm-none-eabi/5.2.1/../../../../arm-none-eabi/lib/armv7e-m/fpu\libc_nano.a(lib_a-memcpy-stub.o)
                0x08004af4                memcpy
 .text.memset   0x08004b0a       0x10 c:/ac6/systemworkbench/plugins/fr.ac6.mcu.externaltools.arm-none.win32_1.7.0.201602121829/tools/compiler/bin/../lib/gcc/arm-none-eabi/5.2.1/../../../../arm-none-eabi/lib/armv7e-m/fpu\libc_nano.a(lib_a-memset.o)
                0x08004b0a                memset
 *(.glue_7)
 .glue_7        0x08004b1a        0x0 linker stubs
 *(.glue_7t)
 .glue_7t       0x08004b1a        0x0 linker stubs
 *(.eh_frame)
 *fill*         0x08004b1a        0x2 
 .eh_frame      0x08004b1c        0x0 c:/ac6/systemworkbench/plugins/fr.ac6.mcu.externaltools.arm-none.win32_1.7.0.201602121829/tools/compiler/bin/../lib/gcc/arm-none-eabi/5.2.1/armv7e-m/fpu/crtbegin.o
 *(.init)
 .init          0x08004b1c        0x4 c:/ac6/systemworkbench/plugins/fr.ac6.mcu.externaltools.arm-none.win32_1.7.0.201602121829/tools/compiler/bin/../lib/gcc/arm-none-eabi/5.2.1/armv7e-m/fpu/crti.o
                0x08004b1c                _init
 .init          0x08004b20        0x8 c:/ac6/systemworkbench/plugins/fr.ac6.mcu.externaltools.arm-none.win32_1.7.0.201602121829/tools/compiler/bin/../lib/gcc/arm-none-eabi/5.2.1/armv7e-m/fpu/crtn.o
 *(.fini)
 .fini          0x08004b28        0x4 c:/ac6/systemworkbench/plugins/fr.ac6.mcu.externaltools.arm-none.win32_1.7.0.201602121829/tools/compiler/bin/../lib/gcc/arm-none-eabi/5.2.1/armv7e-m/fpu/crti.o
                0x08004b28                _fini
 .fini          0x08004b2c        0x8 c:/ac6/systemworkbench/plugins/fr.ac6.mcu.externaltools.arm-none.win32_1.7.0.201602121829/tools/compiler/bin/../lib/gcc/arm-none-eabi/5.2.1/armv7e-m/fpu/crtn.o
                0x08004b34                . = ALIGN (0x4)
                0x08004b34                _etext = .

.vfp11_veneer   0x08004b34        0x0
 .vfp11_veneer  0x08004b34        0x0 linker stubs

.v4_bx          0x08004b34        0x0
 .v4_bx         0x08004b34        0x0 linker stubs

.iplt           0x08004b34        0x0
 .iplt          0x08004b34        0x0 c:/ac6/systemworkbench/plugins/fr.ac6.mcu.externaltools.arm-none.win32_1.7.0.201602121829/tools/compiler/bin/../lib/gcc/arm-none-eabi/5.2.1/armv7e-m/fpu/crtbegin.o

.rodata         0x08004b34      0x5cc
                0x08004b34                . = ALIGN (0x4)
 *(.rodata)
 .rodata        0x08004b34       0x18 Drivers/CMSIS/Device/ST/STM32F3xx/Source/Templates/system_stm32f3xx.o
                0x08004b34                AHBPrescTable
                0x08004b44                APBPrescTable
 .rodata        0x08004b4c       0x20 Drivers/STM32F3xx_HAL_Driver/Src/stm32f3xx_hal_rcc.o
                0x08004b4c                aPLLMULFactorTable
                0x08004b5c                aPredivFactorTable
 .rodata        0x08004b6c        0x4 Src/main.o
 .rodata        0x08004b70      0x316 Src/strings.o
                0x08004b70                SmallFont
 *(.rodata*)
 *fill*         0x08004e86        0x2 
 .rodata.str1.4
                0x08004e88       0x3b Drivers/STM32F3xx_HAL_Driver/Src/stm32f3xx_hal_cortex.o
 *fill*         0x08004ec3        0x1 
 .rodata.str1.4
                0x08004ec4       0x39 Drivers/STM32F3xx_HAL_Driver/Src/stm32f3xx_hal_gpio.o
 *fill*         0x08004efd        0x3 
 .rodata.str1.4
                0x08004f00       0x38 Drivers/STM32F3xx_HAL_Driver/Src/stm32f3xx_hal_pcd.o
 .rodata.str1.4
                0x08004f38       0x38 Drivers/STM32F3xx_HAL_Driver/Src/stm32f3xx_hal_rcc.o
 .rodata.str1.4
                0x08004f70       0x3b Drivers/STM32F3xx_HAL_Driver/Src/stm32f3xx_hal_rcc_ex.o
 *fill*         0x08004fab        0x1 
 .rodata.str1.4
                0x08004fac       0x38 Drivers/STM32F3xx_HAL_Driver/Src/stm32f3xx_hal_tim.o
 .rodata.str1.4
                0x08004fe4       0x3b Drivers/STM32F3xx_HAL_Driver/Src/stm32f3xx_hal_tim_ex.o
 *fill*         0x0800501f        0x1 
 .rodata.str1.4
                0x08005020       0x39 Drivers/STM32F3xx_HAL_Driver/Src/stm32f3xx_hal_uart.o
 *fill*         0x08005059        0x3 
 .rodata.str1.4
                0x0800505c       0x3c Drivers/STM32F3xx_HAL_Driver/Src/stm32f3xx_hal_uart_ex.o
 .rodata.str1.4
                0x08005098        0xe Src/main.o
 *fill*         0x080050a6        0x2 
 .rodata.str1.4
                0x080050a8       0x58 Src/usbd_desc.o
                                 0x56 (size before relaxing)
                0x08005100                . = ALIGN (0x4)

.rel.dyn        0x08005100        0x0
 .rel.iplt      0x08005100        0x0 c:/ac6/systemworkbench/plugins/fr.ac6.mcu.externaltools.arm-none.win32_1.7.0.201602121829/tools/compiler/bin/../lib/gcc/arm-none-eabi/5.2.1/armv7e-m/fpu/crtbegin.o

.ARM.extab
 *(.ARM.extab* .gnu.linkonce.armextab.*)

.ARM            0x08005100        0x0
                0x08005100                __exidx_start = .
 *(.ARM.exidx*)
                0x08005100                __exidx_end = .

.preinit_array  0x08005100        0x0
                0x08005100                PROVIDE (__preinit_array_start, .)
 *(.preinit_array*)
                0x08005100                PROVIDE (__preinit_array_end, .)

.init_array     0x08005100        0x4
                0x08005100                PROVIDE (__init_array_start, .)
 *(SORT(.init_array.*))
 *(.init_array*)
 .init_array    0x08005100        0x4 c:/ac6/systemworkbench/plugins/fr.ac6.mcu.externaltools.arm-none.win32_1.7.0.201602121829/tools/compiler/bin/../lib/gcc/arm-none-eabi/5.2.1/armv7e-m/fpu/crtbegin.o
                0x08005104                PROVIDE (__init_array_end, .)

.fini_array     0x08005104        0x4
                [!provide]                PROVIDE (__fini_array_start, .)
 *(SORT(.fini_array.*))
 *(.fini_array*)
 .fini_array    0x08005104        0x4 c:/ac6/systemworkbench/plugins/fr.ac6.mcu.externaltools.arm-none.win32_1.7.0.201602121829/tools/compiler/bin/../lib/gcc/arm-none-eabi/5.2.1/armv7e-m/fpu/crtbegin.o
                [!provide]                PROVIDE (__fini_array_end, .)
                0x08005108                _sidata = LOADADDR (.data)

.data           0x20000000      0x158 load address 0x08005108
                0x20000000                . = ALIGN (0x4)
                0x20000000                _sdata = .
 *(.data)
 .data          0x20000000        0x4 Drivers/CMSIS/Device/ST/STM32F3xx/Source/Templates/system_stm32f3xx.o
                0x20000000                SystemCoreClock
 .data          0x20000004      0x110 Middlewares/ST/STM32_USB_Device_Library/Class/CDC/Src/usbd_cdc.o
                0x20000004                USBD_CDC_CfgFSDesc
                0x20000048                USBD_CDC_CfgHSDesc
                0x2000008c                USBD_CDC_OtherSpeedCfgDesc
                0x200000dc                USBD_CDC
 .data          0x20000114       0x10 Src/usbd_cdc_if.o
                0x20000114                USBD_Interface_fops_FS
 .data          0x20000124       0x34 Src/usbd_desc.o
                0x20000124                USBD_FS_DeviceDesc
                0x20000138                USBD_LangIDDesc
                0x2000013c                FS_Desc
 *(.data*)
                0x20000158                . = ALIGN (0x4)
                0x20000158                _edata = .
                0x08005260                _siccmram = LOADADDR (.ccmram)

.jcr            0x20000158        0x0 load address 0x08005260
 .jcr           0x20000158        0x0 c:/ac6/systemworkbench/plugins/fr.ac6.mcu.externaltools.arm-none.win32_1.7.0.201602121829/tools/compiler/bin/../lib/gcc/arm-none-eabi/5.2.1/armv7e-m/fpu/crtbegin.o

.tm_clone_table
                0x20000158        0x0 load address 0x08005260
 .tm_clone_table
                0x20000158        0x0 c:/ac6/systemworkbench/plugins/fr.ac6.mcu.externaltools.arm-none.win32_1.7.0.201602121829/tools/compiler/bin/../lib/gcc/arm-none-eabi/5.2.1/armv7e-m/fpu/crtbegin.o
 .tm_clone_table
                0x20000158        0x0 c:/ac6/systemworkbench/plugins/fr.ac6.mcu.externaltools.arm-none.win32_1.7.0.201602121829/tools/compiler/bin/../lib/gcc/arm-none-eabi/5.2.1/armv7e-m/fpu/crtend.o

.igot.plt       0x20000158        0x0 load address 0x08005260
 .igot.plt      0x20000158        0x0 c:/ac6/systemworkbench/plugins/fr.ac6.mcu.externaltools.arm-none.win32_1.7.0.201602121829/tools/compiler/bin/../lib/gcc/arm-none-eabi/5.2.1/armv7e-m/fpu/crtbegin.o

.ccmram         0x10000000        0x0 load address 0x08005260
                0x10000000                . = ALIGN (0x4)
                0x10000000                _sccmram = .
 *(.ccmram)
 *(.ccmram*)
                0x10000000                . = ALIGN (0x4)
                0x10000000                _eccmram = .
                0x10000000                . = ALIGN (0x4)

.bss            0x20000158      0xb80
                0x20000158                _sbss = .
                0x20000158                __bss_start__ = _sbss
 *(.bss)
 .bss           0x20000158       0x1c c:/ac6/systemworkbench/plugins/fr.ac6.mcu.externaltools.arm-none.win32_1.7.0.201602121829/tools/compiler/bin/../lib/gcc/arm-none-eabi/5.2.1/armv7e-m/fpu/crtbegin.o
 .bss           0x20000174        0x1 Middlewares/ST/STM32_USB_Device_Library/Class/CDC/Src/usbd_cdc.o
 .bss           0x20000175        0x1 Middlewares/ST/STM32_USB_Device_Library/Core/Src/usbd_ctlreq.o
 *fill*         0x20000176        0x2 
 .bss           0x20000178      0x220 Src/usbd_conf.o
 *(.bss*)
 *(COMMON)
 COMMON         0x20000398       0x40 Drivers/CMSIS/Device/ST/STM32F3xx/Source/Templates/system_stm32f3xx.o
                0x20000398                user_rx_Buffer
 COMMON         0x200003d8        0x4 Drivers/STM32F3xx_HAL_Driver/Src/stm32f3xx_hal.o
                0x200003d8                uwTick
 COMMON         0x200003dc       0xb0 Src/main.o
                0x200003dc                htim6
                0x20000418                timer1
                0x2000041c                huart2
 COMMON         0x2000048c      0x224 Src/usb_device.o
                0x2000048c                hUsbDeviceFS
 COMMON         0x200006b0       0x80 Src/usbd_cdc_if.o
                0x200006b0                UserRxBufferFS
                0x200006f0                UserTxBufferFS
 COMMON         0x20000730      0x3a8 Src/usbd_conf.o
                0x20000730                hpcd_USB_FS
 COMMON         0x20000ad8      0x200 Src/usbd_desc.o
                0x20000ad8                USBD_StrDesc
                0x20000cd8                . = ALIGN (0x4)
                0x20000cd8                _ebss = .
                0x20000cd8                __bss_end__ = _ebss

._user_heap_stack
                0x20000cd8      0x600
                0x20000cd8                . = ALIGN (0x8)
                [!provide]                PROVIDE (end, .)
                [!provide]                PROVIDE (_end, .)
                0x20000ed8                . = (. + _Min_Heap_Size)
 *fill*         0x20000cd8      0x200 
                0x200012d8                . = (. + _Min_Stack_Size)
 *fill*         0x20000ed8      0x400 
                0x200012d8                . = ALIGN (0x8)

/DISCARD/
 libc.a(*)
 libm.a(*)
 libgcc.a(*)

.ARM.attributes
                0x00000000       0x30
 *(.ARM.attributes)
 .ARM.attributes
                0x00000000       0x22 c:/ac6/systemworkbench/plugins/fr.ac6.mcu.externaltools.arm-none.win32_1.7.0.201602121829/tools/compiler/bin/../lib/gcc/arm-none-eabi/5.2.1/armv7e-m/fpu/crti.o
 .ARM.attributes
                0x00000022       0x34 c:/ac6/systemworkbench/plugins/fr.ac6.mcu.externaltools.arm-none.win32_1.7.0.201602121829/tools/compiler/bin/../lib/gcc/arm-none-eabi/5.2.1/armv7e-m/fpu/crtbegin.o
 .ARM.attributes
                0x00000056       0x21 Drivers/CMSIS/Device/ST/STM32F3xx/Source/Templates/gcc/startup_stm32f303xc.o
 .ARM.attributes
                0x00000077       0x39 Drivers/CMSIS/Device/ST/STM32F3xx/Source/Templates/system_stm32f3xx.o
 .ARM.attributes
                0x000000b0       0x39 Drivers/STM32F3xx_HAL_Driver/Src/stm32f3xx_hal.o
 .ARM.attributes
                0x000000e9       0x39 Drivers/STM32F3xx_HAL_Driver/Src/stm32f3xx_hal_cortex.o
 .ARM.attributes
                0x00000122       0x39 Drivers/STM32F3xx_HAL_Driver/Src/stm32f3xx_hal_gpio.o
 .ARM.attributes
                0x0000015b       0x39 Drivers/STM32F3xx_HAL_Driver/Src/stm32f3xx_hal_pcd.o
 .ARM.attributes
                0x00000194       0x39 Drivers/STM32F3xx_HAL_Driver/Src/stm32f3xx_hal_pcd_ex.o
 .ARM.attributes
                0x000001cd       0x39 Drivers/STM32F3xx_HAL_Driver/Src/stm32f3xx_hal_rcc.o
 .ARM.attributes
                0x00000206       0x39 Drivers/STM32F3xx_HAL_Driver/Src/stm32f3xx_hal_rcc_ex.o
 .ARM.attributes
                0x0000023f       0x39 Drivers/STM32F3xx_HAL_Driver/Src/stm32f3xx_hal_tim.o
 .ARM.attributes
                0x00000278       0x39 Drivers/STM32F3xx_HAL_Driver/Src/stm32f3xx_hal_tim_ex.o
 .ARM.attributes
                0x000002b1       0x39 Drivers/STM32F3xx_HAL_Driver/Src/stm32f3xx_hal_uart.o
 .ARM.attributes
                0x000002ea       0x39 Drivers/STM32F3xx_HAL_Driver/Src/stm32f3xx_hal_uart_ex.o
 .ARM.attributes
                0x00000323       0x39 Middlewares/ST/STM32_USB_Device_Library/Class/CDC/Src/usbd_cdc.o
 .ARM.attributes
                0x0000035c       0x39 Middlewares/ST/STM32_USB_Device_Library/Core/Src/usbd_core.o
 .ARM.attributes
                0x00000395       0x39 Middlewares/ST/STM32_USB_Device_Library/Core/Src/usbd_ctlreq.o
 .ARM.attributes
                0x000003ce       0x39 Middlewares/ST/STM32_USB_Device_Library/Core/Src/usbd_ioreq.o
 .ARM.attributes
                0x00000407       0x39 Src/main.o
 .ARM.attributes
                0x00000440       0x39 Src/stm32f3xx_hal_msp.o
 .ARM.attributes
                0x00000479       0x39 Src/stm32f3xx_it.o
 .ARM.attributes
                0x000004b2       0x39 Src/strings.o
 .ARM.attributes
                0x000004eb       0x39 Src/usb_device.o
 .ARM.attributes
                0x00000524       0x39 Src/usbd_cdc_if.o
 .ARM.attributes
                0x0000055d       0x39 Src/usbd_conf.o
 .ARM.attributes
                0x00000596       0x39 Src/usbd_desc.o
 .ARM.attributes
                0x000005cf       0x34 c:/ac6/systemworkbench/plugins/fr.ac6.mcu.externaltools.arm-none.win32_1.7.0.201602121829/tools/compiler/bin/../lib/gcc/arm-none-eabi/5.2.1/../../../../arm-none-eabi/lib/armv7e-m/fpu\libc_nano.a(lib_a-init.o)
 .ARM.attributes
                0x00000603       0x34 c:/ac6/systemworkbench/plugins/fr.ac6.mcu.externaltools.arm-none.win32_1.7.0.201602121829/tools/compiler/bin/../lib/gcc/arm-none-eabi/5.2.1/../../../../arm-none-eabi/lib/armv7e-m/fpu\libc_nano.a(lib_a-memcpy-stub.o)
 .ARM.attributes
                0x00000637       0x34 c:/ac6/systemworkbench/plugins/fr.ac6.mcu.externaltools.arm-none.win32_1.7.0.201602121829/tools/compiler/bin/../lib/gcc/arm-none-eabi/5.2.1/../../../../arm-none-eabi/lib/armv7e-m/fpu\libc_nano.a(lib_a-memset.o)
 .ARM.attributes
                0x0000066b       0x1b c:/ac6/systemworkbench/plugins/fr.ac6.mcu.externaltools.arm-none.win32_1.7.0.201602121829/tools/compiler/bin/../lib/gcc/arm-none-eabi/5.2.1/../../../../arm-none-eabi/lib/armv7e-m/fpu\libc_nano.a(lib_a-strlen.o)
 .ARM.attributes
                0x00000686       0x34 c:/ac6/systemworkbench/plugins/fr.ac6.mcu.externaltools.arm-none.win32_1.7.0.201602121829/tools/compiler/bin/../lib/gcc/arm-none-eabi/5.2.1/armv7e-m/fpu/crtend.o
 .ARM.attributes
                0x000006ba       0x22 c:/ac6/systemworkbench/plugins/fr.ac6.mcu.externaltools.arm-none.win32_1.7.0.201602121829/tools/compiler/bin/../lib/gcc/arm-none-eabi/5.2.1/armv7e-m/fpu/crtn.o
OUTPUT(displayTest.elf elf32-littlearm)

.debug_line     0x00000000    0x130a4
 .debug_line    0x00000000       0xae Drivers/CMSIS/Device/ST/STM32F3xx/Source/Templates/gcc/startup_stm32f303xc.o
 .debug_line    0x000000ae      0x82d Drivers/CMSIS/Device/ST/STM32F3xx/Source/Templates/system_stm32f3xx.o
 .debug_line    0x000008db      0x934 Drivers/STM32F3xx_HAL_Driver/Src/stm32f3xx_hal.o
 .debug_line    0x0000120f      0xa32 Drivers/STM32F3xx_HAL_Driver/Src/stm32f3xx_hal_cortex.o
 .debug_line    0x00001c41      0xa38 Drivers/STM32F3xx_HAL_Driver/Src/stm32f3xx_hal_gpio.o
 .debug_line    0x00002679      0xd76 Drivers/STM32F3xx_HAL_Driver/Src/stm32f3xx_hal_pcd.o
 .debug_line    0x000033ef      0x86d Drivers/STM32F3xx_HAL_Driver/Src/stm32f3xx_hal_pcd_ex.o
 .debug_line    0x00003c5c      0xe20 Drivers/STM32F3xx_HAL_Driver/Src/stm32f3xx_hal_rcc.o
 .debug_line    0x00004a7c      0xbab Drivers/STM32F3xx_HAL_Driver/Src/stm32f3xx_hal_rcc_ex.o
 .debug_line    0x00005627     0x37fb Drivers/STM32F3xx_HAL_Driver/Src/stm32f3xx_hal_tim.o
 .debug_line    0x00008e22     0x1805 Drivers/STM32F3xx_HAL_Driver/Src/stm32f3xx_hal_tim_ex.o
 .debug_line    0x0000a627     0x123f Drivers/STM32F3xx_HAL_Driver/Src/stm32f3xx_hal_uart.o
 .debug_line    0x0000b866      0x982 Drivers/STM32F3xx_HAL_Driver/Src/stm32f3xx_hal_uart_ex.o
 .debug_line    0x0000c1e8      0xac1 Middlewares/ST/STM32_USB_Device_Library/Class/CDC/Src/usbd_cdc.o
 .debug_line    0x0000cca9      0xaa7 Middlewares/ST/STM32_USB_Device_Library/Core/Src/usbd_core.o
 .debug_line    0x0000d750      0xaa5 Middlewares/ST/STM32_USB_Device_Library/Core/Src/usbd_ctlreq.o
 .debug_line    0x0000e1f5      0x954 Middlewares/ST/STM32_USB_Device_Library/Core/Src/usbd_ioreq.o
 .debug_line    0x0000eb49      0xa1f Src/main.o
 .debug_line    0x0000f568      0x83d Src/stm32f3xx_hal_msp.o
 .debug_line    0x0000fda5      0x820 Src/stm32f3xx_it.o
 .debug_line    0x000105c5      0x383 Src/strings.o
 .debug_line    0x00010948      0x953 Src/usb_device.o
 .debug_line    0x0001129b      0x984 Src/usbd_cdc_if.o
 .debug_line    0x00011c1f      0xb50 Src/usbd_conf.o
 .debug_line    0x0001276f      0x935 Src/usbd_desc.o

.debug_info     0x00000000    0x171be
 .debug_info    0x00000000       0xa6 Drivers/CMSIS/Device/ST/STM32F3xx/Source/Templates/gcc/startup_stm32f303xc.o
 .debug_info    0x000000a6      0x40c Drivers/CMSIS/Device/ST/STM32F3xx/Source/Templates/system_stm32f3xx.o
 .debug_info    0x000004b2      0x738 Drivers/STM32F3xx_HAL_Driver/Src/stm32f3xx_hal.o
 .debug_info    0x00000bea     0x1066 Drivers/STM32F3xx_HAL_Driver/Src/stm32f3xx_hal_cortex.o
 .debug_info    0x00001c50      0x86d Drivers/STM32F3xx_HAL_Driver/Src/stm32f3xx_hal_gpio.o
 .debug_info    0x000024bd     0x11fd Drivers/STM32F3xx_HAL_Driver/Src/stm32f3xx_hal_pcd.o
 .debug_info    0x000036ba      0x6c2 Drivers/STM32F3xx_HAL_Driver/Src/stm32f3xx_hal_pcd_ex.o
 .debug_info    0x00003d7c     0x167f Drivers/STM32F3xx_HAL_Driver/Src/stm32f3xx_hal_rcc.o
 .debug_info    0x000053fb      0x92b Drivers/STM32F3xx_HAL_Driver/Src/stm32f3xx_hal_rcc_ex.o
 .debug_info    0x00005d26     0x4395 Drivers/STM32F3xx_HAL_Driver/Src/stm32f3xx_hal_tim.o
 .debug_info    0x0000a0bb     0x2013 Drivers/STM32F3xx_HAL_Driver/Src/stm32f3xx_hal_tim_ex.o
 .debug_info    0x0000c0ce     0x187e Drivers/STM32F3xx_HAL_Driver/Src/stm32f3xx_hal_uart.o
 .debug_info    0x0000d94c      0x9ab Drivers/STM32F3xx_HAL_Driver/Src/stm32f3xx_hal_uart_ex.o
 .debug_info    0x0000e2f7      0xd29 Middlewares/ST/STM32_USB_Device_Library/Class/CDC/Src/usbd_cdc.o
 .debug_info    0x0000f020      0xc64 Middlewares/ST/STM32_USB_Device_Library/Core/Src/usbd_core.o
 .debug_info    0x0000fc84      0xe1d Middlewares/ST/STM32_USB_Device_Library/Core/Src/usbd_ctlreq.o
 .debug_info    0x00010aa1      0x787 Middlewares/ST/STM32_USB_Device_Library/Core/Src/usbd_ioreq.o
 .debug_info    0x00011228     0x1660 Src/main.o
 .debug_info    0x00012888      0xef8 Src/stm32f3xx_hal_msp.o
 .debug_info    0x00013780      0xcd8 Src/stm32f3xx_it.o
 .debug_info    0x00014458      0x197 Src/strings.o
 .debug_info    0x000145ef      0x638 Src/usb_device.o
 .debug_info    0x00014c27      0x85b Src/usbd_cdc_if.o
 .debug_info    0x00015482     0x1857 Src/usbd_conf.o
 .debug_info    0x00016cd9      0x4e5 Src/usbd_desc.o

.debug_abbrev   0x00000000     0x308d
 .debug_abbrev  0x00000000       0x12 Drivers/CMSIS/Device/ST/STM32F3xx/Source/Templates/gcc/startup_stm32f303xc.o
 .debug_abbrev  0x00000012      0x115 Drivers/CMSIS/Device/ST/STM32F3xx/Source/Templates/system_stm32f3xx.o
 .debug_abbrev  0x00000127      0x1e4 Drivers/STM32F3xx_HAL_Driver/Src/stm32f3xx_hal.o
 .debug_abbrev  0x0000030b      0x30a Drivers/STM32F3xx_HAL_Driver/Src/stm32f3xx_hal_cortex.o
 .debug_abbrev  0x00000615      0x215 Drivers/STM32F3xx_HAL_Driver/Src/stm32f3xx_hal_gpio.o
 .debug_abbrev  0x0000082a      0x2ac Drivers/STM32F3xx_HAL_Driver/Src/stm32f3xx_hal_pcd.o
 .debug_abbrev  0x00000ad6      0x1b7 Drivers/STM32F3xx_HAL_Driver/Src/stm32f3xx_hal_pcd_ex.o
 .debug_abbrev  0x00000c8d      0x292 Drivers/STM32F3xx_HAL_Driver/Src/stm32f3xx_hal_rcc.o
 .debug_abbrev  0x00000f1f      0x279 Drivers/STM32F3xx_HAL_Driver/Src/stm32f3xx_hal_rcc_ex.o
 .debug_abbrev  0x00001198      0x22c Drivers/STM32F3xx_HAL_Driver/Src/stm32f3xx_hal_tim.o
 .debug_abbrev  0x000013c4      0x22c Drivers/STM32F3xx_HAL_Driver/Src/stm32f3xx_hal_tim_ex.o
 .debug_abbrev  0x000015f0      0x201 Drivers/STM32F3xx_HAL_Driver/Src/stm32f3xx_hal_uart.o
 .debug_abbrev  0x000017f1      0x1eb Drivers/STM32F3xx_HAL_Driver/Src/stm32f3xx_hal_uart_ex.o
 .debug_abbrev  0x000019dc      0x24a Middlewares/ST/STM32_USB_Device_Library/Class/CDC/Src/usbd_cdc.o
 .debug_abbrev  0x00001c26      0x200 Middlewares/ST/STM32_USB_Device_Library/Core/Src/usbd_core.o
 .debug_abbrev  0x00001e26      0x27d Middlewares/ST/STM32_USB_Device_Library/Core/Src/usbd_ctlreq.o
 .debug_abbrev  0x000020a3      0x169 Middlewares/ST/STM32_USB_Device_Library/Core/Src/usbd_ioreq.o
 .debug_abbrev  0x0000220c      0x2d0 Src/main.o
 .debug_abbrev  0x000024dc      0x1af Src/stm32f3xx_hal_msp.o
 .debug_abbrev  0x0000268b      0x191 Src/stm32f3xx_it.o
 .debug_abbrev  0x0000281c       0xdc Src/strings.o
 .debug_abbrev  0x000028f8      0x181 Src/usb_device.o
 .debug_abbrev  0x00002a79      0x20b Src/usbd_cdc_if.o
 .debug_abbrev  0x00002c84      0x291 Src/usbd_conf.o
 .debug_abbrev  0x00002f15      0x178 Src/usbd_desc.o

.debug_aranges  0x00000000      0xf78
 .debug_aranges
                0x00000000       0x28 Drivers/CMSIS/Device/ST/STM32F3xx/Source/Templates/gcc/startup_stm32f303xc.o
 .debug_aranges
                0x00000028       0x28 Drivers/CMSIS/Device/ST/STM32F3xx/Source/Templates/system_stm32f3xx.o
 .debug_aranges
                0x00000050       0xb0 Drivers/STM32F3xx_HAL_Driver/Src/stm32f3xx_hal.o
 .debug_aranges
                0x00000100       0x98 Drivers/STM32F3xx_HAL_Driver/Src/stm32f3xx_hal_cortex.o
 .debug_aranges
                0x00000198       0x58 Drivers/STM32F3xx_HAL_Driver/Src/stm32f3xx_hal_gpio.o
 .debug_aranges
                0x000001f0      0x120 Drivers/STM32F3xx_HAL_Driver/Src/stm32f3xx_hal_pcd.o
 .debug_aranges
                0x00000310       0x38 Drivers/STM32F3xx_HAL_Driver/Src/stm32f3xx_hal_pcd_ex.o
 .debug_aranges
                0x00000348       0x88 Drivers/STM32F3xx_HAL_Driver/Src/stm32f3xx_hal_rcc.o
 .debug_aranges
                0x000003d0       0x38 Drivers/STM32F3xx_HAL_Driver/Src/stm32f3xx_hal_rcc_ex.o
 .debug_aranges
                0x00000408      0x368 Drivers/STM32F3xx_HAL_Driver/Src/stm32f3xx_hal_tim.o
 .debug_aranges
                0x00000770      0x170 Drivers/STM32F3xx_HAL_Driver/Src/stm32f3xx_hal_tim_ex.o
 .debug_aranges
                0x000008e0      0x188 Drivers/STM32F3xx_HAL_Driver/Src/stm32f3xx_hal_uart.o
 .debug_aranges
                0x00000a68       0x48 Drivers/STM32F3xx_HAL_Driver/Src/stm32f3xx_hal_uart_ex.o
 .debug_aranges
                0x00000ab0       0x90 Middlewares/ST/STM32_USB_Device_Library/Class/CDC/Src/usbd_cdc.o
 .debug_aranges
                0x00000b40       0xb8 Middlewares/ST/STM32_USB_Device_Library/Core/Src/usbd_core.o
 .debug_aranges
                0x00000bf8       0x88 Middlewares/ST/STM32_USB_Device_Library/Core/Src/usbd_ctlreq.o
 .debug_aranges
                0x00000c80       0x50 Middlewares/ST/STM32_USB_Device_Library/Core/Src/usbd_ioreq.o
 .debug_aranges
                0x00000cd0       0x50 Src/main.o
 .debug_aranges
                0x00000d20       0x40 Src/stm32f3xx_hal_msp.o
 .debug_aranges
                0x00000d60       0x38 Src/stm32f3xx_it.o
 .debug_aranges
                0x00000d98       0x20 Src/strings.o
 .debug_aranges
                0x00000db8       0x20 Src/usb_device.o
 .debug_aranges
                0x00000dd8       0x40 Src/usbd_cdc_if.o
 .debug_aranges
                0x00000e18      0x110 Src/usbd_conf.o
 .debug_aranges
                0x00000f28       0x50 Src/usbd_desc.o

.debug_ranges   0x00000000      0xe20
 .debug_ranges  0x00000000       0x20 Drivers/CMSIS/Device/ST/STM32F3xx/Source/Templates/gcc/startup_stm32f303xc.o
 .debug_ranges  0x00000020       0x18 Drivers/CMSIS/Device/ST/STM32F3xx/Source/Templates/system_stm32f3xx.o
 .debug_ranges  0x00000038       0xa0 Drivers/STM32F3xx_HAL_Driver/Src/stm32f3xx_hal.o
 .debug_ranges  0x000000d8       0x88 Drivers/STM32F3xx_HAL_Driver/Src/stm32f3xx_hal_cortex.o
 .debug_ranges  0x00000160       0x48 Drivers/STM32F3xx_HAL_Driver/Src/stm32f3xx_hal_gpio.o
 .debug_ranges  0x000001a8      0x110 Drivers/STM32F3xx_HAL_Driver/Src/stm32f3xx_hal_pcd.o
 .debug_ranges  0x000002b8       0x28 Drivers/STM32F3xx_HAL_Driver/Src/stm32f3xx_hal_pcd_ex.o
 .debug_ranges  0x000002e0       0x90 Drivers/STM32F3xx_HAL_Driver/Src/stm32f3xx_hal_rcc.o
 .debug_ranges  0x00000370       0x40 Drivers/STM32F3xx_HAL_Driver/Src/stm32f3xx_hal_rcc_ex.o
 .debug_ranges  0x000003b0      0x358 Drivers/STM32F3xx_HAL_Driver/Src/stm32f3xx_hal_tim.o
 .debug_ranges  0x00000708      0x160 Drivers/STM32F3xx_HAL_Driver/Src/stm32f3xx_hal_tim_ex.o
 .debug_ranges  0x00000868      0x178 Drivers/STM32F3xx_HAL_Driver/Src/stm32f3xx_hal_uart.o
 .debug_ranges  0x000009e0       0x38 Drivers/STM32F3xx_HAL_Driver/Src/stm32f3xx_hal_uart_ex.o
 .debug_ranges  0x00000a18       0x80 Middlewares/ST/STM32_USB_Device_Library/Class/CDC/Src/usbd_cdc.o
 .debug_ranges  0x00000a98       0xa8 Middlewares/ST/STM32_USB_Device_Library/Core/Src/usbd_core.o
 .debug_ranges  0x00000b40       0x78 Middlewares/ST/STM32_USB_Device_Library/Core/Src/usbd_ctlreq.o
 .debug_ranges  0x00000bb8       0x40 Middlewares/ST/STM32_USB_Device_Library/Core/Src/usbd_ioreq.o
 .debug_ranges  0x00000bf8       0x40 Src/main.o
 .debug_ranges  0x00000c38       0x30 Src/stm32f3xx_hal_msp.o
 .debug_ranges  0x00000c68       0x28 Src/stm32f3xx_it.o
 .debug_ranges  0x00000c90       0x10 Src/strings.o
 .debug_ranges  0x00000ca0       0x10 Src/usb_device.o
 .debug_ranges  0x00000cb0       0x30 Src/usbd_cdc_if.o
 .debug_ranges  0x00000ce0      0x100 Src/usbd_conf.o
 .debug_ranges  0x00000de0       0x40 Src/usbd_desc.o

.debug_loc      0x00000000     0x9eec
 .debug_loc     0x00000000       0xff Drivers/CMSIS/Device/ST/STM32F3xx/Source/Templates/system_stm32f3xx.o
 .debug_loc     0x000000ff       0x4b Drivers/STM32F3xx_HAL_Driver/Src/stm32f3xx_hal.o
 .debug_loc     0x0000014a      0x5b8 Drivers/STM32F3xx_HAL_Driver/Src/stm32f3xx_hal_cortex.o
 .debug_loc     0x00000702      0x464 Drivers/STM32F3xx_HAL_Driver/Src/stm32f3xx_hal_gpio.o
 .debug_loc     0x00000b66      0xd27 Drivers/STM32F3xx_HAL_Driver/Src/stm32f3xx_hal_pcd.o
 .debug_loc     0x0000188d      0x2a4 Drivers/STM32F3xx_HAL_Driver/Src/stm32f3xx_hal_pcd_ex.o
 .debug_loc     0x00001b31      0x997 Drivers/STM32F3xx_HAL_Driver/Src/stm32f3xx_hal_rcc.o
 .debug_loc     0x000024c8      0x857 Drivers/STM32F3xx_HAL_Driver/Src/stm32f3xx_hal_rcc_ex.o
 .debug_loc     0x00002d1f     0x285a Drivers/STM32F3xx_HAL_Driver/Src/stm32f3xx_hal_tim.o
 .debug_loc     0x00005579     0x1045 Drivers/STM32F3xx_HAL_Driver/Src/stm32f3xx_hal_tim_ex.o
 .debug_loc     0x000065be     0x1176 Drivers/STM32F3xx_HAL_Driver/Src/stm32f3xx_hal_uart.o
 .debug_loc     0x00007734      0x281 Drivers/STM32F3xx_HAL_Driver/Src/stm32f3xx_hal_uart_ex.o
 .debug_loc     0x000079b5      0x4b1 Middlewares/ST/STM32_USB_Device_Library/Class/CDC/Src/usbd_cdc.o
 .debug_loc     0x00007e66      0x629 Middlewares/ST/STM32_USB_Device_Library/Core/Src/usbd_core.o
 .debug_loc     0x0000848f      0xb10 Middlewares/ST/STM32_USB_Device_Library/Core/Src/usbd_ctlreq.o
 .debug_loc     0x00008f9f      0x23c Middlewares/ST/STM32_USB_Device_Library/Core/Src/usbd_ioreq.o
 .debug_loc     0x000091db       0x6a Src/main.o
 .debug_loc     0x00009245       0x9a Src/stm32f3xx_hal_msp.o
 .debug_loc     0x000092df      0x172 Src/strings.o
 .debug_loc     0x00009451      0x135 Src/usbd_cdc_if.o
 .debug_loc     0x00009586      0x6af Src/usbd_conf.o
 .debug_loc     0x00009c35      0x2b7 Src/usbd_desc.o

.debug_macro    0x00000000    0x21122
 .debug_macro   0x00000000      0x302 Drivers/CMSIS/Device/ST/STM32F3xx/Source/Templates/system_stm32f3xx.o
 .debug_macro   0x00000302      0x898 Drivers/CMSIS/Device/ST/STM32F3xx/Source/Templates/system_stm32f3xx.o
 .debug_macro   0x00000b9a       0x31 Drivers/CMSIS/Device/ST/STM32F3xx/Source/Templates/system_stm32f3xx.o
 .debug_macro   0x00000bcb       0x28 Drivers/CMSIS/Device/ST/STM32F3xx/Source/Templates/system_stm32f3xx.o
 .debug_macro   0x00000bf3       0x22 Drivers/CMSIS/Device/ST/STM32F3xx/Source/Templates/system_stm32f3xx.o
 .debug_macro   0x00000c15       0x44 Drivers/CMSIS/Device/ST/STM32F3xx/Source/Templates/system_stm32f3xx.o
 .debug_macro   0x00000c59       0xfd Drivers/CMSIS/Device/ST/STM32F3xx/Source/Templates/system_stm32f3xx.o
 .debug_macro   0x00000d56       0x22 Drivers/CMSIS/Device/ST/STM32F3xx/Source/Templates/system_stm32f3xx.o
 .debug_macro   0x00000d78      0x1df Drivers/CMSIS/Device/ST/STM32F3xx/Source/Templates/system_stm32f3xx.o
 .debug_macro   0x00000f57       0x35 Drivers/CMSIS/Device/ST/STM32F3xx/Source/Templates/system_stm32f3xx.o
 .debug_macro   0x00000f8c       0x50 Drivers/CMSIS/Device/ST/STM32F3xx/Source/Templates/system_stm32f3xx.o
 .debug_macro   0x00000fdc      0xe66 Drivers/CMSIS/Device/ST/STM32F3xx/Source/Templates/system_stm32f3xx.o
 .debug_macro   0x00001e42    0x12a87 Drivers/CMSIS/Device/ST/STM32F3xx/Source/Templates/system_stm32f3xx.o
 .debug_macro   0x000148c9       0x43 Drivers/CMSIS/Device/ST/STM32F3xx/Source/Templates/system_stm32f3xx.o
 .debug_macro   0x0001490c      0x136 Drivers/CMSIS/Device/ST/STM32F3xx/Source/Templates/system_stm32f3xx.o
 .debug_macro   0x00014a42       0xab Drivers/CMSIS/Device/ST/STM32F3xx/Source/Templates/system_stm32f3xx.o
 .debug_macro   0x00014aed     0x33ad Drivers/CMSIS/Device/ST/STM32F3xx/Source/Templates/system_stm32f3xx.o
 .debug_macro   0x00017e9a       0x58 Drivers/CMSIS/Device/ST/STM32F3xx/Source/Templates/system_stm32f3xx.o
 .debug_macro   0x00017ef2       0x35 Drivers/CMSIS/Device/ST/STM32F3xx/Source/Templates/system_stm32f3xx.o
 .debug_macro   0x00017f27       0x9c Drivers/CMSIS/Device/ST/STM32F3xx/Source/Templates/system_stm32f3xx.o
 .debug_macro   0x00017fc3       0x16 Drivers/CMSIS/Device/ST/STM32F3xx/Source/Templates/system_stm32f3xx.o
 .debug_macro   0x00017fd9       0x97 Drivers/CMSIS/Device/ST/STM32F3xx/Source/Templates/system_stm32f3xx.o
 .debug_macro   0x00018070      0x329 Drivers/CMSIS/Device/ST/STM32F3xx/Source/Templates/system_stm32f3xx.o
 .debug_macro   0x00018399       0xfd Drivers/CMSIS/Device/ST/STM32F3xx/Source/Templates/system_stm32f3xx.o
 .debug_macro   0x00018496       0x10 Drivers/CMSIS/Device/ST/STM32F3xx/Source/Templates/system_stm32f3xx.o
 .debug_macro   0x000184a6       0x52 Drivers/CMSIS/Device/ST/STM32F3xx/Source/Templates/system_stm32f3xx.o
 .debug_macro   0x000184f8       0x16 Drivers/CMSIS/Device/ST/STM32F3xx/Source/Templates/system_stm32f3xx.o
 .debug_macro   0x0001850e       0x43 Drivers/CMSIS/Device/ST/STM32F3xx/Source/Templates/system_stm32f3xx.o
 .debug_macro   0x00018551      0x187 Drivers/CMSIS/Device/ST/STM32F3xx/Source/Templates/system_stm32f3xx.o
 .debug_macro   0x000186d8       0x10 Drivers/CMSIS/Device/ST/STM32F3xx/Source/Templates/system_stm32f3xx.o
 .debug_macro   0x000186e8       0x22 Drivers/CMSIS/Device/ST/STM32F3xx/Source/Templates/system_stm32f3xx.o
 .debug_macro   0x0001870a       0x3a Drivers/CMSIS/Device/ST/STM32F3xx/Source/Templates/system_stm32f3xx.o
 .debug_macro   0x00018744       0x10 Drivers/CMSIS/Device/ST/STM32F3xx/Source/Templates/system_stm32f3xx.o
 .debug_macro   0x00018754       0x40 Drivers/CMSIS/Device/ST/STM32F3xx/Source/Templates/system_stm32f3xx.o
 .debug_macro   0x00018794       0x65 Drivers/CMSIS/Device/ST/STM32F3xx/Source/Templates/system_stm32f3xx.o
 .debug_macro   0x000187f9       0x16 Drivers/CMSIS/Device/ST/STM32F3xx/Source/Templates/system_stm32f3xx.o
 .debug_macro   0x0001880f      0x197 Drivers/CMSIS/Device/ST/STM32F3xx/Source/Templates/system_stm32f3xx.o
 .debug_macro   0x000189a6       0x49 Drivers/CMSIS/Device/ST/STM32F3xx/Source/Templates/system_stm32f3xx.o
 .debug_macro   0x000189ef      0x969 Drivers/CMSIS/Device/ST/STM32F3xx/Source/Templates/system_stm32f3xx.o
 .debug_macro   0x00019358      0x5fe Drivers/CMSIS/Device/ST/STM32F3xx/Source/Templates/system_stm32f3xx.o
 .debug_macro   0x00019956      0x13a Drivers/CMSIS/Device/ST/STM32F3xx/Source/Templates/system_stm32f3xx.o
 .debug_macro   0x00019a90      0x1fb Drivers/CMSIS/Device/ST/STM32F3xx/Source/Templates/system_stm32f3xx.o
 .debug_macro   0x00019c8b      0x1b5 Drivers/CMSIS/Device/ST/STM32F3xx/Source/Templates/system_stm32f3xx.o
 .debug_macro   0x00019e40       0x31 Drivers/CMSIS/Device/ST/STM32F3xx/Source/Templates/system_stm32f3xx.o
 .debug_macro   0x00019e71       0x3c Drivers/CMSIS/Device/ST/STM32F3xx/Source/Templates/system_stm32f3xx.o
 .debug_macro   0x00019ead      0x23a Drivers/CMSIS/Device/ST/STM32F3xx/Source/Templates/system_stm32f3xx.o
 .debug_macro   0x0001a0e7       0xcb Drivers/CMSIS/Device/ST/STM32F3xx/Source/Templates/system_stm32f3xx.o
 .debug_macro   0x0001a1b2      0x22b Drivers/CMSIS/Device/ST/STM32F3xx/Source/Templates/system_stm32f3xx.o
 .debug_macro   0x0001a3dd      0x202 Drivers/CMSIS/Device/ST/STM32F3xx/Source/Templates/system_stm32f3xx.o
 .debug_macro   0x0001a5df       0x4f Drivers/CMSIS/Device/ST/STM32F3xx/Source/Templates/system_stm32f3xx.o
 .debug_macro   0x0001a62e       0x90 Drivers/CMSIS/Device/ST/STM32F3xx/Source/Templates/system_stm32f3xx.o
 .debug_macro   0x0001a6be       0x28 Drivers/CMSIS/Device/ST/STM32F3xx/Source/Templates/system_stm32f3xx.o
 .debug_macro   0x0001a6e6      0x265 Drivers/CMSIS/Device/ST/STM32F3xx/Source/Templates/system_stm32f3xx.o
 .debug_macro   0x0001a94b       0xd6 Drivers/CMSIS/Device/ST/STM32F3xx/Source/Templates/system_stm32f3xx.o
 .debug_macro   0x0001aa21       0xd4 Drivers/CMSIS/Device/ST/STM32F3xx/Source/Templates/system_stm32f3xx.o
 .debug_macro   0x0001aaf5      0x685 Drivers/CMSIS/Device/ST/STM32F3xx/Source/Templates/system_stm32f3xx.o
 .debug_macro   0x0001b17a      0x37c Drivers/CMSIS/Device/ST/STM32F3xx/Source/Templates/system_stm32f3xx.o
 .debug_macro   0x0001b4f6      0x55f Drivers/CMSIS/Device/ST/STM32F3xx/Source/Templates/system_stm32f3xx.o
 .debug_macro   0x0001ba55       0x2b Drivers/CMSIS/Device/ST/STM32F3xx/Source/Templates/system_stm32f3xx.o
 .debug_macro   0x0001ba80      0x275 Drivers/CMSIS/Device/ST/STM32F3xx/Source/Templates/system_stm32f3xx.o
 .debug_macro   0x0001bcf5      0x320 Drivers/STM32F3xx_HAL_Driver/Src/stm32f3xx_hal.o
 .debug_macro   0x0001c015      0x2fc Drivers/STM32F3xx_HAL_Driver/Src/stm32f3xx_hal_cortex.o
 .debug_macro   0x0001c311      0x334 Drivers/STM32F3xx_HAL_Driver/Src/stm32f3xx_hal_gpio.o
 .debug_macro   0x0001c645      0x302 Drivers/STM32F3xx_HAL_Driver/Src/stm32f3xx_hal_pcd.o
 .debug_macro   0x0001c947      0x2fc Drivers/STM32F3xx_HAL_Driver/Src/stm32f3xx_hal_pcd_ex.o
 .debug_macro   0x0001cc43      0x320 Drivers/STM32F3xx_HAL_Driver/Src/stm32f3xx_hal_rcc.o
 .debug_macro   0x0001cf63      0x2fc Drivers/STM32F3xx_HAL_Driver/Src/stm32f3xx_hal_rcc_ex.o
 .debug_macro   0x0001d25f      0x2fd Drivers/STM32F3xx_HAL_Driver/Src/stm32f3xx_hal_tim.o
 .debug_macro   0x0001d55c      0x308 Drivers/STM32F3xx_HAL_Driver/Src/stm32f3xx_hal_tim_ex.o
 .debug_macro   0x0001d864      0x323 Drivers/STM32F3xx_HAL_Driver/Src/stm32f3xx_hal_uart.o
 .debug_macro   0x0001db87       0x16 Drivers/STM32F3xx_HAL_Driver/Src/stm32f3xx_hal_uart.o
 .debug_macro   0x0001db9d       0x35 Drivers/STM32F3xx_HAL_Driver/Src/stm32f3xx_hal_uart.o
 .debug_macro   0x0001dbd2      0x2fc Drivers/STM32F3xx_HAL_Driver/Src/stm32f3xx_hal_uart_ex.o
 .debug_macro   0x0001dece      0x3a8 Middlewares/ST/STM32_USB_Device_Library/Class/CDC/Src/usbd_cdc.o
 .debug_macro   0x0001e276       0x4a Middlewares/ST/STM32_USB_Device_Library/Class/CDC/Src/usbd_cdc.o
 .debug_macro   0x0001e2c0       0x16 Middlewares/ST/STM32_USB_Device_Library/Class/CDC/Src/usbd_cdc.o
 .debug_macro   0x0001e2d6       0x16 Middlewares/ST/STM32_USB_Device_Library/Class/CDC/Src/usbd_cdc.o
 .debug_macro   0x0001e2ec       0x29 Middlewares/ST/STM32_USB_Device_Library/Class/CDC/Src/usbd_cdc.o
 .debug_macro   0x0001e315       0x64 Middlewares/ST/STM32_USB_Device_Library/Class/CDC/Src/usbd_cdc.o
 .debug_macro   0x0001e379      0x1c3 Middlewares/ST/STM32_USB_Device_Library/Class/CDC/Src/usbd_cdc.o
 .debug_macro   0x0001e53c       0x83 Middlewares/ST/STM32_USB_Device_Library/Class/CDC/Src/usbd_cdc.o
 .debug_macro   0x0001e5bf      0x38f Middlewares/ST/STM32_USB_Device_Library/Core/Src/usbd_core.o
 .debug_macro   0x0001e94e      0x38f Middlewares/ST/STM32_USB_Device_Library/Core/Src/usbd_ctlreq.o
 .debug_macro   0x0001ecdd      0x38b Middlewares/ST/STM32_USB_Device_Library/Core/Src/usbd_ioreq.o
 .debug_macro   0x0001f068      0x3cc Src/main.o
 .debug_macro   0x0001f434       0x1c Src/main.o
 .debug_macro   0x0001f450       0x10 Src/main.o
 .debug_macro   0x0001f460      0x2fc Src/stm32f3xx_hal_msp.o
 .debug_macro   0x0001f75c      0x30f Src/stm32f3xx_it.o
 .debug_macro   0x0001fa6b      0x117 Src/strings.o
 .debug_macro   0x0001fb82       0x16 Src/strings.o
 .debug_macro   0x0001fb98       0x82 Src/strings.o
 .debug_macro   0x0001fc1a      0x45d Src/strings.o
 .debug_macro   0x00020077       0xa2 Src/strings.o
 .debug_macro   0x00020119      0x104 Src/strings.o
 .debug_macro   0x0002021d       0x10 Src/strings.o
 .debug_macro   0x0002022d      0x3c5 Src/usb_device.o
 .debug_macro   0x000205f2       0x16 Src/usb_device.o
 .debug_macro   0x00020608      0x3a9 Src/usbd_cdc_if.o
 .debug_macro   0x000209b1      0x3a8 Src/usbd_conf.o
 .debug_macro   0x00020d59      0x3c9 Src/usbd_desc.o

.debug_str      0x00000000    0xb54b4
 .debug_str     0x00000000    0xaef89 Drivers/CMSIS/Device/ST/STM32F3xx/Source/Templates/system_stm32f3xx.o
                              0xaf221 (size before relaxing)
 .debug_str     0x000aef89      0x648 Drivers/STM32F3xx_HAL_Driver/Src/stm32f3xx_hal.o
                              0xaf93c (size before relaxing)
 .debug_str     0x000af5d1      0x364 Drivers/STM32F3xx_HAL_Driver/Src/stm32f3xx_hal_cortex.o
                              0xafa42 (size before relaxing)
 .debug_str     0x000af935      0x2eb Drivers/STM32F3xx_HAL_Driver/Src/stm32f3xx_hal_gpio.o
                              0xaf479 (size before relaxing)
 .debug_str     0x000afc20      0x5fa Drivers/STM32F3xx_HAL_Driver/Src/stm32f3xx_hal_pcd.o
                              0xaf7a2 (size before relaxing)
 .debug_str     0x000b021a       0x8c Drivers/STM32F3xx_HAL_Driver/Src/stm32f3xx_hal_pcd_ex.o
                              0xaf478 (size before relaxing)
 .debug_str     0x000b02a6      0x3f1 Drivers/STM32F3xx_HAL_Driver/Src/stm32f3xx_hal_rcc.o
                              0xaf667 (size before relaxing)
 .debug_str     0x000b0697      0x225 Drivers/STM32F3xx_HAL_Driver/Src/stm32f3xx_hal_rcc_ex.o
                              0xaf455 (size before relaxing)
 .debug_str     0x000b08bc     0x1018 Drivers/STM32F3xx_HAL_Driver/Src/stm32f3xx_hal_tim.o
                              0xb0269 (size before relaxing)
 .debug_str     0x000b18d4      0x5b3 Drivers/STM32F3xx_HAL_Driver/Src/stm32f3xx_hal_tim_ex.o
                              0xafd19 (size before relaxing)
 .debug_str     0x000b1e87      0x83b Drivers/STM32F3xx_HAL_Driver/Src/stm32f3xx_hal_uart.o
                              0xafc7c (size before relaxing)
 .debug_str     0x000b26c2       0xed Drivers/STM32F3xx_HAL_Driver/Src/stm32f3xx_hal_uart_ex.o
                              0xaf746 (size before relaxing)
 .debug_str     0x000b27af     0x12b7 Middlewares/ST/STM32_USB_Device_Library/Class/CDC/Src/usbd_cdc.o
                              0xb047b (size before relaxing)
 .debug_str     0x000b3a66      0x29b Middlewares/ST/STM32_USB_Device_Library/Core/Src/usbd_core.o
                              0xb0144 (size before relaxing)
 .debug_str     0x000b3d01      0x12e Middlewares/ST/STM32_USB_Device_Library/Core/Src/usbd_ctlreq.o
                              0xb005e (size before relaxing)
 .debug_str     0x000b3e2f       0x51 Middlewares/ST/STM32_USB_Device_Library/Core/Src/usbd_ioreq.o
                              0xaff8b (size before relaxing)
 .debug_str     0x000b3e80      0x1d7 Src/main.o
                              0xb0ed1 (size before relaxing)
 .debug_str     0x000b4057       0x25 Src/stm32f3xx_hal_msp.o
                              0xafcde (size before relaxing)
 .debug_str     0x000b407c       0x56 Src/stm32f3xx_it.o
                              0xafa8b (size before relaxing)
 .debug_str     0x000b40d2     0x10ce Src/strings.o
                               0x6c9d (size before relaxing)
 .debug_str     0x000b51a0       0x40 Src/usb_device.o
                              0xb021e (size before relaxing)
 .debug_str     0x000b51e0       0x73 Src/usbd_cdc_if.o
                              0xb02f4 (size before relaxing)
 .debug_str     0x000b5253       0x40 Src/usbd_conf.o
                              0xb0e65 (size before relaxing)
 .debug_str     0x000b5293      0x221 Src/usbd_desc.o
                              0xafe10 (size before relaxing)

.comment        0x00000000       0x6e
 .comment       0x00000000       0x6e Drivers/CMSIS/Device/ST/STM32F3xx/Source/Templates/system_stm32f3xx.o
                                 0x6f (size before relaxing)
 .comment       0x0000006e       0x6f Drivers/STM32F3xx_HAL_Driver/Src/stm32f3xx_hal.o
 .comment       0x0000006e       0x6f Drivers/STM32F3xx_HAL_Driver/Src/stm32f3xx_hal_cortex.o
 .comment       0x0000006e       0x6f Drivers/STM32F3xx_HAL_Driver/Src/stm32f3xx_hal_gpio.o
 .comment       0x0000006e       0x6f Drivers/STM32F3xx_HAL_Driver/Src/stm32f3xx_hal_pcd.o
 .comment       0x0000006e       0x6f Drivers/STM32F3xx_HAL_Driver/Src/stm32f3xx_hal_pcd_ex.o
 .comment       0x0000006e       0x6f Drivers/STM32F3xx_HAL_Driver/Src/stm32f3xx_hal_rcc.o
 .comment       0x0000006e       0x6f Drivers/STM32F3xx_HAL_Driver/Src/stm32f3xx_hal_rcc_ex.o
 .comment       0x0000006e       0x6f Drivers/STM32F3xx_HAL_Driver/Src/stm32f3xx_hal_tim.o
 .comment       0x0000006e       0x6f Drivers/STM32F3xx_HAL_Driver/Src/stm32f3xx_hal_tim_ex.o
 .comment       0x0000006e       0x6f Drivers/STM32F3xx_HAL_Driver/Src/stm32f3xx_hal_uart.o
 .comment       0x0000006e       0x6f Drivers/STM32F3xx_HAL_Driver/Src/stm32f3xx_hal_uart_ex.o
 .comment       0x0000006e       0x6f Middlewares/ST/STM32_USB_Device_Library/Class/CDC/Src/usbd_cdc.o
 .comment       0x0000006e       0x6f Middlewares/ST/STM32_USB_Device_Library/Core/Src/usbd_core.o
 .comment       0x0000006e       0x6f Middlewares/ST/STM32_USB_Device_Library/Core/Src/usbd_ctlreq.o
 .comment       0x0000006e       0x6f Middlewares/ST/STM32_USB_Device_Library/Core/Src/usbd_ioreq.o
 .comment       0x0000006e       0x6f Src/main.o
 .comment       0x0000006e       0x6f Src/stm32f3xx_hal_msp.o
 .comment       0x0000006e       0x6f Src/stm32f3xx_it.o
 .comment       0x0000006e       0x6f Src/strings.o
 .comment       0x0000006e       0x6f Src/usb_device.o
 .comment       0x0000006e       0x6f Src/usbd_cdc_if.o
 .comment       0x0000006e       0x6f Src/usbd_conf.o
 .comment       0x0000006e       0x6f Src/usbd_desc.o

.debug_frame    0x00000000     0x2950
 .debug_frame   0x00000000       0x30 Drivers/CMSIS/Device/ST/STM32F3xx/Source/Templates/system_stm32f3xx.o
 .debug_frame   0x00000030      0x168 Drivers/STM32F3xx_HAL_Driver/Src/stm32f3xx_hal.o
 .debug_frame   0x00000198      0x15c Drivers/STM32F3xx_HAL_Driver/Src/stm32f3xx_hal_cortex.o
 .debug_frame   0x000002f4       0xf8 Drivers/STM32F3xx_HAL_Driver/Src/stm32f3xx_hal_gpio.o
 .debug_frame   0x000003ec      0x2dc Drivers/STM32F3xx_HAL_Driver/Src/stm32f3xx_hal_pcd.o
 .debug_frame   0x000006c8       0x68 Drivers/STM32F3xx_HAL_Driver/Src/stm32f3xx_hal_pcd_ex.o
 .debug_frame   0x00000730      0x160 Drivers/STM32F3xx_HAL_Driver/Src/stm32f3xx_hal_rcc.o
 .debug_frame   0x00000890       0x7c Drivers/STM32F3xx_HAL_Driver/Src/stm32f3xx_hal_rcc_ex.o
 .debug_frame   0x0000090c      0xa8c Drivers/STM32F3xx_HAL_Driver/Src/stm32f3xx_hal_tim.o
 .debug_frame   0x00001398      0x498 Drivers/STM32F3xx_HAL_Driver/Src/stm32f3xx_hal_tim_ex.o
 .debug_frame   0x00001830      0x450 Drivers/STM32F3xx_HAL_Driver/Src/stm32f3xx_hal_uart.o
 .debug_frame   0x00001c80       0xcc Drivers/STM32F3xx_HAL_Driver/Src/stm32f3xx_hal_uart_ex.o
 .debug_frame   0x00001d4c      0x154 Middlewares/ST/STM32_USB_Device_Library/Class/CDC/Src/usbd_cdc.o
 .debug_frame   0x00001ea0      0x1bc Middlewares/ST/STM32_USB_Device_Library/Core/Src/usbd_core.o
 .debug_frame   0x0000205c      0x178 Middlewares/ST/STM32_USB_Device_Library/Core/Src/usbd_ctlreq.o
 .debug_frame   0x000021d4       0xb8 Middlewares/ST/STM32_USB_Device_Library/Core/Src/usbd_ioreq.o
 .debug_frame   0x0000228c       0xd0 Src/main.o
 .debug_frame   0x0000235c       0xa8 Src/stm32f3xx_hal_msp.o
 .debug_frame   0x00002404       0x70 Src/stm32f3xx_it.o
 .debug_frame   0x00002474       0x34 Src/strings.o
 .debug_frame   0x000024a8       0x28 Src/usb_device.o
 .debug_frame   0x000024d0       0x80 Src/usbd_cdc_if.o
 .debug_frame   0x00002550      0x2e4 Src/usbd_conf.o
 .debug_frame   0x00002834       0xa8 Src/usbd_desc.o
 .debug_frame   0x000028dc       0x2c c:/ac6/systemworkbench/plugins/fr.ac6.mcu.externaltools.arm-none.win32_1.7.0.201602121829/tools/compiler/bin/../lib/gcc/arm-none-eabi/5.2.1/../../../../arm-none-eabi/lib/armv7e-m/fpu\libc_nano.a(lib_a-init.o)
 .debug_frame   0x00002908       0x28 c:/ac6/systemworkbench/plugins/fr.ac6.mcu.externaltools.arm-none.win32_1.7.0.201602121829/tools/compiler/bin/../lib/gcc/arm-none-eabi/5.2.1/../../../../arm-none-eabi/lib/armv7e-m/fpu\libc_nano.a(lib_a-memcpy-stub.o)
 .debug_frame   0x00002930       0x20 c:/ac6/systemworkbench/plugins/fr.ac6.mcu.externaltools.arm-none.win32_1.7.0.201602121829/tools/compiler/bin/../lib/gcc/arm-none-eabi/5.2.1/../../../../arm-none-eabi/lib/armv7e-m/fpu\libc_nano.a(lib_a-memset.o)
